Microchip MPLAB XC8 Compiler V2.36

Linker command line:

-W-3 --edf=C:\Program Files\Microchip\xc8\v2.36\pic\dat\en_msgs.txt -cn \
  -h+dist/default/production\EL256_EL51_2_Sem11_K50_temp.X.production.sym \
  --cmf=dist/default/production\EL256_EL51_2_Sem11_K50_temp.X.production.cmf \
  -z -Q18F45K50 -oC:\Users\Alumnos\AppData\Local\Temp\xcAsa30.4 \
  --defsym=__MPLAB_BUILD=1 \
  -Mdist/default/production/EL256_EL51_2_Sem11_K50_temp.X.production.map \
  --md=C:\Users\Alumnos\AppData\Local\Temp\xcAsa30.dat -E1 \
  -ver=XC8 Compiler --acfsm=1493 -ACODE=00h-07FFFh -ACONST=00h-07FFFh \
  -ASMALLCONST=0800h-08FFhx120 -AMEDIUMCONST=0800h-07FFFh -ACOMRAM=01h-05Fh \
  -AABS1=00h-07FFh -ABIGRAM=01h-07FFh -ARAM=060h-0FFh,0100h-01FFhx7 \
  -ABANK0=060h-0FFh -ABANK1=0100h-01FFh -ABANK2=0200h-02FFh \
  -ABANK3=0300h-03FFh -ABANK4=0400h-04FFh -ABANK5=0500h-05FFh \
  -ABANK6=0600h-06FFh -ABANK7=0700h-07FFh -ASFR=0F53h-0F5Fh,0F60h-0FFFh \
  -ABIGSFR=0F53h-0FFFh -ACONFIG=0300000h-030000Dh -AIDLOC=0200000h-0200007h \
  -AEEDATA=0F00000h-0F000FFh -peeprom_data=EEDATA \
  -preset_vec=00h,intcode,intcodelo,powerup,init -pramtop=0800h \
  -psmallconst=SMALLCONST -pmediumconst=MEDIUMCONST -pconst=CONST \
  -AFARRAM=00h-00h \
  -prdata=COMRAM,nvrram=COMRAM,nvbit=COMRAM,rbss=COMRAM,rbit=COMRAM \
  -pfarbss=FARRAM,fardata=FARRAM,nvFARRAM=FARRAM \
  -pintsave_regs=BIGRAM,bigbss=BIGRAM,bigdata=BIGRAM -pbss=RAM \
  -pidata=CODE,irdata=CODE,ibigdata=CODE,ifardata=CODE -prparam=COMRAM \
  C:\Users\Alumnos\AppData\Local\Temp\xcAsa30.o \
  dist/default/production\EL256_EL51_2_Sem11_K50_temp.X.production.o 

Object code version is 3.11

Machine type is 18F45K50



                Name                               Link     Load   Length Selector   Space Scale
C:\Users\Alumnos\AppData\Local\Temp\xcAsa30.o
                idloc                            200000   200000        8        0       5
                config                           300000   300000        E        0       4
                init                                  0        0        4        0       0
dist/default/production\EL256_EL51_2_Sem11_K50_temp.X.production.o
                idloc                            200000   200000        8        0       5
                config                           300000   300000        E        0       4
                smallconst                          800      800       1C      400       0
                text17                              CAC      CAC       1C      40E       0
                text16                              9A2      9A2       72      40E       0
                text15                              BF4      BF4       34      40E       0
                text14                              B4E      B4E       3A      40E       0
                text13                              ACA      ACA       4A      40E       0
                text12                              BC0      BC0       34      40E       0
                text11                              B14      B14       3A      40E       0
                text10                              CEA      CEA        8      40E       0
                text9                               CE2      CE2        8      40E       0
                text8                               C58      C58       30      40E       0
                text7                               A78      A78       52      40E       0
                text6                               C28      C28       30      40E       0
                text5                               B88      B88       38      40E       0
                text4                               92E      92E       74      40E       0
                text3                               A14      A14       64      40E       0
                text2                               81C      81C       8A      40E       0
                text1                               C88      C88       24      40E       0
                text0                               8A6      8A6       88      40E       0
                cstackCOMRAM                          1        1        E        1       1
                bssCOMRAM                             F        F        6        1       1
                cinit                               CC8      CC8       1A      40E       0

TOTAL           Name                               Link     Load   Length     Space
        CLASS   CODE           
                init                                  0        0        4         0
                text17                              CAC      CAC       1C         0
                text16                              9A2      9A2       72         0
                text15                              BF4      BF4       34         0
                text14                              B4E      B4E       3A         0
                text13                              ACA      ACA       4A         0
                text12                              BC0      BC0       34         0
                text11                              B14      B14       3A         0
                text10                              CEA      CEA        8         0
                text9                               CE2      CE2        8         0
                text8                               C58      C58       30         0
                text7                               A78      A78       52         0
                text6                               C28      C28       30         0
                text5                               B88      B88       38         0
                text4                               92E      92E       74         0
                text3                               A14      A14       64         0
                text2                               81C      81C       8A         0
                text1                               C88      C88       24         0
                text0                               8A6      8A6       88         0
                cinit                               CC8      CC8       1A         0

        CLASS   CONST          

        CLASS   SMALLCONST     
                smallconst                          800      800       1C         0

        CLASS   MEDIUMCONST    

        CLASS   COMRAM         
                cstackCOMRAM                          1        1        E         1
                bssCOMRAM                             F        F        6         1

        CLASS   ABS1           

        CLASS   BIGRAM         

        CLASS   RAM            

        CLASS   BANK0          

        CLASS   BANK1          

        CLASS   BANK2          

        CLASS   BANK3          

        CLASS   BANK4          

        CLASS   BANK5          

        CLASS   BANK6          

        CLASS   BANK7          

        CLASS   SFR            

        CLASS   BIGSFR         

        CLASS   CONFIG         
                config                           300000   300000        E         4

        CLASS   IDLOC          
                idloc                            200000   200000        8         5

        CLASS   EEDATA         

        CLASS   FARRAM         

        CLASS   HEAP           

        CLASS   STACK          



SEGMENTS        Name                           Load    Length   Top    Selector   Space  Class

                reset_vec                      000000  000004  000004         0       0  CODE    
                cstackCOMRAM                   000001  000014  000015         1       1  COMRAM  
                smallconst                     000800  00001C  00081C       400       0  SMALLCON
                text2                          00081C  0004D6  000CF2       40E       0  CODE    


UNUSED ADDRESS RANGES

        Name                Unused          Largest block    Delta
        BANK0            000060-0000FF               A0
        BANK1            000100-0001FF              100
        BANK2            000200-0002FF              100
        BANK3            000300-0003FF              100
        BANK4            000400-0004FF              100
        BANK5            000500-0005FF              100
        BANK6            000600-0006FF              100
        BANK7            000700-0007FF              100
        BIGRAM           000015-0007FF              7EB
        BIGSFR           000F53-000FFF               AD
        CODE             000004-0007FF              7FC
                         000CF2-007FFF             730E
        COMRAM           000015-00005F               4B
        CONST            000004-0007FF              7FC
                         000CF2-007FFF             730E
        EEDATA           F00000-F000FF              100
        MEDIUMCONST      000CF2-007FFF             730E
        RAM              000060-0007FF              100
        SFR              000F53-000FFF                D
        SMALLCONST       000CF2-007FFF              100

                                  Symbol Table

?___lwdiv                 cstackCOMRAM 000006
?___lwmod                 cstackCOMRAM 000001
?_strlen                  cstackCOMRAM 000001
CURSOR_ONOFF@estado       cstackCOMRAM 000004
ENVIA_CHAR@aux            cstackCOMRAM 000003
ENVIA_CHAR@dato           cstackCOMRAM 000002
ENVIA_LCD_CMD@aux         cstackCOMRAM 000003
ENVIA_LCD_CMD@dato        cstackCOMRAM 000002
ENVIA_NIBBLE@dato         cstackCOMRAM 000001
ESCRIBE_MENSAJE2@cadena   cstackCOMRAM 000005
ESCRIBE_MENSAJE2@i        cstackCOMRAM 00000A
ESCRIBE_MENSAJE2@tam      cstackCOMRAM 000009
LEER_LCD@aux              cstackCOMRAM 000001
POS_CURSOR@columna        cstackCOMRAM 000004
POS_CURSOR@fila           cstackCOMRAM 000005
_ADCON0                   (abs)        000FC2
_ADCON0bits               (abs)        000FC2
_ADCON1                   (abs)        000FC1
_ADCON2                   (abs)        000FC0
_ADRESH                   (abs)        000FC4
_ADRESL                   (abs)        000FC3
_ANSELAbits               (abs)        000F5B
_ANSELBbits               (abs)        000F5C
_ANSELCbits               (abs)        000F5D
_ANSELD                   (abs)        000F5E
_BORRAR_LCD               text10       000CEA
_CURSOR_HOME              text9        000CE2
_CURSOR_ONOFF             text8        000C58
_ENVIA_CHAR               text15       000BF4
_ENVIA_LCD_CMD            text12       000BC0
_ENVIA_NIBBLE             text17       000CAC
_ESCRIBE_MENSAJE2         text13       000ACA
_INTCON2bits              (abs)        000FF1
_LATD                     (abs)        000F8C
_LATDbits                 (abs)        000F8C
_LCD_CONFIG               text7        000A78
_LCD_INIT                 text6        000C28
_LEER_LCD                 text16       0009A2
_OSCCON                   (abs)        000FD3
_PORTD                    (abs)        000F83
_POS_CURSOR               text11       000B14
_TRISAbits                (abs)        000F92
_TRISBbits                (abs)        000F93
_TRISCbits                (abs)        000F94
_TRISD                    (abs)        000F95
_VREFCON0                 (abs)        000F7D
_WPUBbits                 (abs)        000F85
__HRAM                    (abs)        000000
__Habs1                   abs1         000000
__Hbank0                  bank0        000000
__Hbank1                  bank1        000000
__Hbank2                  bank2        000000
__Hbank3                  bank3        000000
__Hbank4                  bank4        000000
__Hbank5                  bank5        000000
__Hbank6                  bank6        000000
__Hbank7                  bank7        000000
__Hbigbss                 bigbss       000000
__Hbigdata                bigdata      000000
__Hbigram                 bigram       000000
__Hbigsfr                 bigsfr       000000
__Hbss                    bss          000000
__HbssCOMRAM              bssCOMRAM    000000
__Hcinit                  cinit        000000
__Hclrtext                clrtext      000000
__Hcomram                 comram       000000
__Hconfig                 config       30000E
__Hconst                  const        000000
__HcstackCOMRAM           cstackCOMRAM 000000
__Hdata                   data         000000
__Heeprom_data            eeprom_data  000000
__Hfarbss                 farbss       000000
__Hfardata                fardata      000000
__Hheap                   heap         000000
__Hibigdata               ibigdata     000000
__Hidata                  idata        000000
__Hidloc                  idloc        200008
__Hifardata               ifardata     000000
__Hinit                   init         000004
__Hintcode                intcode      000000
__Hintcode_body           intcode_body 000000
__Hintcodelo              intcodelo    000000
__Hintentry               intentry     000000
__Hintret                 intret       000000
__Hintsave_regs           intsave_regs 000000
__Hirdata                 irdata       000000
__Hmediumconst            mediumconst  000000
__HnvFARRAM               nvFARRAM     000000
__Hnvbit                  nvbit        000000
__Hnvrram                 nvrram       000000
__Hparam                  rparam       000000
__Hpowerup                powerup      000000
__Hram                    ram          000000
__Hramtop                 ramtop       000800
__Hrbit                   rbit         000000
__Hrbss                   rbss         000000
__Hrdata                  rdata        000000
__Hreset_vec              reset_vec    000000
__Hrparam                 rparam       000000
__Hsfr                    sfr          000000
__Hsmallconst             smallconst   00081C
__Hspace_0                (abs)        000CF2
__Hspace_1                (abs)        000015
__Hspace_2                (abs)        000000
__Hspace_4                (abs)        60000E
__Hstack                  stack        000000
__Hstruct                 struct       000000
__Htemp                   temp         000000
__Htext                   text         000000
__Htext0                  text0        000000
__Htext1                  text1        000000
__Htext10                 text10       000000
__Htext11                 text11       000000
__Htext12                 text12       000000
__Htext13                 text13       000000
__Htext14                 text14       000000
__Htext15                 text15       000000
__Htext16                 text16       000000
__Htext17                 text17       000000
__Htext2                  text2        000000
__Htext3                  text3        000000
__Htext4                  text4        000000
__Htext5                  text5        000000
__Htext6                  text6        000000
__Htext7                  text7        000000
__Htext8                  text8        000000
__Htext9                  text9        000000
__LRAM                    (abs)        000001
__Labs1                   abs1         000000
__Lbank0                  bank0        000000
__Lbank1                  bank1        000000
__Lbank2                  bank2        000000
__Lbank3                  bank3        000000
__Lbank4                  bank4        000000
__Lbank5                  bank5        000000
__Lbank6                  bank6        000000
__Lbank7                  bank7        000000
__Lbigbss                 bigbss       000000
__Lbigdata                bigdata      000000
__Lbigram                 bigram       000000
__Lbigsfr                 bigsfr       000000
__Lbss                    bss          000000
__LbssCOMRAM              bssCOMRAM    000000
__Lcinit                  cinit        000000
__Lclrtext                clrtext      000000
__Lcomram                 comram       000000
__Lconfig                 config       000000
__Lconst                  const        000000
__LcstackCOMRAM           cstackCOMRAM 000000
__Ldata                   data         000000
__Leeprom_data            eeprom_data  000000
__Lfarbss                 farbss       000000
__Lfardata                fardata      000000
__Lheap                   heap         000000
__Libigdata               ibigdata     000000
__Lidata                  idata        000000
__Lidloc                  idloc        000000
__Lifardata               ifardata     000000
__Linit                   init         000000
__Lintcode                intcode      000000
__Lintcode_body           intcode_body 000000
__Lintcodelo              intcodelo    000000
__Lintentry               intentry     000000
__Lintret                 intret       000000
__Lintsave_regs           intsave_regs 000000
__Lirdata                 irdata       000000
__Lmediumconst            mediumconst  000000
__LnvFARRAM               nvFARRAM     000000
__Lnvbit                  nvbit        000000
__Lnvrram                 nvrram       000000
__Lparam                  rparam       000000
__Lpowerup                powerup      000000
__Lram                    ram          000000
__Lramtop                 ramtop       000800
__Lrbit                   rbit         000000
__Lrbss                   rbss         000000
__Lrdata                  rdata        000000
__Lreset_vec              reset_vec    000000
__Lrparam                 rparam       000000
__Lsfr                    sfr          000000
__Lsmallconst             smallconst   000800
__Lspace_0                (abs)        000000
__Lspace_1                (abs)        000000
__Lspace_2                (abs)        000000
__Lspace_4                (abs)        000000
__Lstack                  stack        000000
__Lstruct                 struct       000000
__Ltemp                   temp         000000
__Ltext                   text         000000
__Ltext0                  text0        000000
__Ltext1                  text1        000000
__Ltext10                 text10       000000
__Ltext11                 text11       000000
__Ltext12                 text12       000000
__Ltext13                 text13       000000
__Ltext14                 text14       000000
__Ltext15                 text15       000000
__Ltext16                 text16       000000
__Ltext17                 text17       000000
__Ltext2                  text2        000000
__Ltext3                  text3        000000
__Ltext4                  text4        000000
__Ltext5                  text5        000000
__Ltext6                  text6        000000
__Ltext7                  text7        000000
__Ltext8                  text8        000000
__Ltext9                  text9        000000
__S0                      (abs)        000CF2
__S1                      (abs)        000015
__S4                      (abs)        000000
__S5                      (abs)        000000
___heap_hi                (abs)        000000
___heap_lo                (abs)        000000
___inthi_sp               stack        000000
___intlo_sp               stack        000000
___lwdiv                  text4        00092E
___lwdiv@counter          cstackCOMRAM 00000C
___lwdiv@dividend         cstackCOMRAM 000006
___lwdiv@divisor          cstackCOMRAM 000008
___lwdiv@quotient         cstackCOMRAM 00000A
___lwmod                  text3        000A14
___lwmod@counter          cstackCOMRAM 000005
___lwmod@dividend         cstackCOMRAM 000001
___lwmod@divisor          cstackCOMRAM 000003
___param_bank             (abs)        000000
___rparam_used            (abs)        000001
___sp                     stack        000000
__accesstop               (abs)        000060
__activetblptr            (abs)        000001
__end_of_BORRAR_LCD       text10       000CF2
__end_of_CURSOR_HOME      text9        000CEA
__end_of_CURSOR_ONOFF     text8        000C88
__end_of_ENVIA_CHAR       text15       000C28
__end_of_ENVIA_LCD_CMD    text12       000BF4
__end_of_ENVIA_NIBBLE     text17       000CC8
__end_of_ESCRIBE_MENSAJE2 text13       000B14
__end_of_LCD_CONFIG       text7        000ACA
__end_of_LCD_INIT         text6        000C58
__end_of_LEER_LCD         text16       000A14
__end_of_POS_CURSOR       text11       000B4E
__end_of___lwdiv          text4        0009A2
__end_of___lwmod          text3        000A78
__end_of__initialization  cinit        000CD4
__end_of_configuro        text5        000BC0
__end_of_convierte        text2        0008A6
__end_of_main             text0        00092E
__end_of_strlen           text14       000B88
__end_of_tomamuestra_ADC  text1        000CAC
__initialization          cinit        000CC8
__mediumconst             mediumconst  000000
__pbssCOMRAM              bssCOMRAM    00000F
__pcinit                  cinit        000CC8
__pcstackCOMRAM           cstackCOMRAM 000001
__psmallconst             smallconst   000800
__ptext0                  text0        0008A6
__ptext1                  text1        000C88
__ptext10                 text10       000CEA
__ptext11                 text11       000B14
__ptext12                 text12       000BC0
__ptext13                 text13       000ACA
__ptext14                 text14       000B4E
__ptext15                 text15       000BF4
__ptext16                 text16       0009A2
__ptext17                 text17       000CAC
__ptext2                  text2        00081C
__ptext3                  text3        000A14
__ptext4                  text4        00092E
__ptext5                  text5        000B88
__ptext6                  text6        000C28
__ptext7                  text7        000A78
__ptext8                  text8        000C58
__ptext9                  text9        000CE2
__ramtop                  ramtop       000800
__smallconst              smallconst   000800
_centena                  bssCOMRAM    000013
_configuro                text5        000B88
_convierte                text2        00081C
_decena                   bssCOMRAM    000012
_main                     text0        0008A6
_millar                   bssCOMRAM    000014
_resultado_ADC            bssCOMRAM    00000F
_strlen                   text14       000B4E
_tomamuestra_ADC          text1        000C88
_unidad                   bssCOMRAM    000011
convierte@numero          cstackCOMRAM 00000D
end_of_initialization     cinit        000CD4
intlevel0                 text         000000
intlevel1                 text         000000
intlevel2                 text         000000
intlevel3                 text         000000
isa$std                   (abs)        000001
isa$xinst                 (abs)        000000
stackhi                   (abs)        000000
stacklo                   (abs)        000000
start                     init         000000
start_initialization      cinit        000CC8
strlen@a                  cstackCOMRAM 000003
strlen@s                  cstackCOMRAM 000001


MODULE INFORMATION

Module		Function		Class		Link	Load	Size
C:\Program Files\Microchip\xc8\v2.36\pic\sources\c99\common\lwmod.c
		___lwmod       		CODE           	0A14	0000	100

C:\Program Files\Microchip\xc8\v2.36\pic\sources\c99\common\lwmod.c estimated size: 100

C:\Program Files\Microchip\xc8\v2.36\pic\sources\c99\common\strlen.c
		_strlen        		CODE           	0B4E	0000	58

C:\Program Files\Microchip\xc8\v2.36\pic\sources\c99\common\strlen.c estimated size: 58

C:\Program Files\Microchip\xc8\v2.36\pic\sources\c99\common\lwdiv.c
		___lwdiv       		CODE           	092E	0000	116

C:\Program Files\Microchip\xc8\v2.36\pic\sources\c99\common\lwdiv.c estimated size: 116

maincode2.c
		_configuro     		CODE           	0B88	0000	56
		_main          		CODE           	08A6	0000	136
		_tomamuestra_ADC		CODE           	0C88	0000	36
		_convierte     		CODE           	081C	0000	138

maincode2.c estimated size: 366

shared
		__initialization		CODE           	0CC8	0000	12

shared estimated size: 12

LCD.c
		_ENVIA_NIBBLE  		CODE           	0CAC	0000	28
		_LCD_INIT      		CODE           	0C28	0000	48
		_ENVIA_CHAR    		CODE           	0BF4	0000	52
		_CURSOR_HOME   		CODE           	0CE2	0000	8
		_CURSOR_ONOFF  		CODE           	0C58	0000	48
		_POS_CURSOR    		CODE           	0B14	0000	58
		_ENVIA_LCD_CMD 		CODE           	0BC0	0000	52
		_LCD_CONFIG    		CODE           	0A78	0000	82
		_BORRAR_LCD    		CODE           	0CEA	0000	8
		_ESCRIBE_MENSAJE2		CODE           	0ACA	0000	74
		_LEER_LCD      		CODE           	09A2	0000	114

LCD.c estimated size: 572

