Microchip MPLAB XC8 Compiler V2.36

Linker command line:

-W-3 --edf=C:\Program Files\Microchip\xc8\v2.36\pic\dat\en_msgs.txt -cn \
  -h+dist/default/production\EL256_EL52_2_Sem14_k50_dht22.X.production.sym \
  --cmf=dist/default/production\EL256_EL52_2_Sem14_k50_dht22.X.production.cmf \
  -z -Q18F45K50 -oC:\Users\Alumnos\AppData\Local\Temp\xcAse7s.4 \
  --defsym=__MPLAB_BUILD=1 \
  -Mdist/default/production/EL256_EL52_2_Sem14_k50_dht22.X.production.map \
  --md=C:\Users\Alumnos\AppData\Local\Temp\xcAse7s.dat -E1 \
  -ver=XC8 Compiler --acfsm=1493 -ACODE=00h-07FFFh -ACONST=00h-07FFFh \
  -ASMALLCONST=0800h-08FFhx120 -AMEDIUMCONST=0800h-07FFFh -ACOMRAM=01h-05Fh \
  -AABS1=00h-07FFh -ABIGRAM=01h-07FFh -ARAM=060h-0FFh,0100h-01FFhx7 \
  -ABANK0=060h-0FFh -ABANK1=0100h-01FFh -ABANK2=0200h-02FFh \
  -ABANK3=0300h-03FFh -ABANK4=0400h-04FFh -ABANK5=0500h-05FFh \
  -ABANK6=0600h-06FFh -ABANK7=0700h-07FFh -ASFR=0F53h-0F5Fh,0F60h-0FFFh \
  -ABIGSFR=0F53h-0FFFh -ACONFIG=0300000h-030000Dh -AIDLOC=0200000h-0200007h \
  -AEEDATA=0F00000h-0F000FFh -peeprom_data=EEDATA \
  -preset_vec=00h,intcode,intcodelo,powerup,init -pramtop=0800h \
  -psmallconst=SMALLCONST -pmediumconst=MEDIUMCONST -pconst=CONST \
  -AFARRAM=00h-00h \
  -prdata=COMRAM,nvrram=COMRAM,nvbit=COMRAM,rbss=COMRAM,rbit=COMRAM \
  -pfarbss=FARRAM,fardata=FARRAM,nvFARRAM=FARRAM \
  -pintsave_regs=BIGRAM,bigbss=BIGRAM,bigdata=BIGRAM -pbss=RAM \
  -pidata=CODE,irdata=CODE,ibigdata=CODE,ifardata=CODE -prparam=COMRAM \
  C:\Users\Alumnos\AppData\Local\Temp\xcAse7s.o \
  dist/default/production\EL256_EL52_2_Sem14_k50_dht22.X.production.o 

Object code version is 3.11

Machine type is 18F45K50



                Name                               Link     Load   Length Selector   Space Scale
C:\Users\Alumnos\AppData\Local\Temp\xcAse7s.o
                idloc                            200000   200000        8        0       5
                config                           300000   300000        E        0       4
                init                                  0        0        4        0       0
dist/default/production\EL256_EL52_2_Sem14_k50_dht22.X.production.o
                idloc                            200000   200000        8        0       5
                config                           300000   300000        E        0       4
                smallconst                          800      800       3E      400       0
                text23                              DD8      DD8       14      41F       0
                text22                              DC4      DC4       14      41F       0
                text21                              DAA      DAA       1A      41F       0
                text20                              D90      D90       1A      41F       0
                text19                              90E      90E       B4      41F       0
                text18                              D74      D74       1C      41F       0
                text17                              9C2      9C2       82      41F       0
                text16                              C02      C02       3A      41F       0
                text15                              D58      D58       1C      41F       0
                text14                              A44      A44       72      41F       0
                text13                              C70      C70       34      41F       0
                text12                              DFE      DFE        8      41F       0
                text11                              DF6      DF6        8      41F       0
                text10                              CD4      CD4       30      41F       0
                text9                               AB6      AB6       52      41F       0
                text8                               CA4      CA4       30      41F       0
                text7                               83E      83E       D0      41F       0
                text6                               D32      D32       26      41F       0
                text5                               C3C      C3C       34      41F       0
                text4                               BC8      BC8       3A      41F       0
                text3                               B08      B08       4A      41F       0
                text2                               B8E      B8E       3A      41F       0
                text1                               D04      D04       2E      41F       0
                text0                               B52      B52       3C      41F       0
                cstackCOMRAM                          1        1        B        1       1
                cinit                               DEC      DEC        A      41F       0

TOTAL           Name                               Link     Load   Length     Space
        CLASS   CODE           
                init                                  0        0        4         0
                text23                              DD8      DD8       14         0
                text22                              DC4      DC4       14         0
                text21                              DAA      DAA       1A         0
                text20                              D90      D90       1A         0
                text19                              90E      90E       B4         0
                text18                              D74      D74       1C         0
                text17                              9C2      9C2       82         0
                text16                              C02      C02       3A         0
                text15                              D58      D58       1C         0
                text14                              A44      A44       72         0
                text13                              C70      C70       34         0
                text12                              DFE      DFE        8         0
                text11                              DF6      DF6        8         0
                text10                              CD4      CD4       30         0
                text9                               AB6      AB6       52         0
                text8                               CA4      CA4       30         0
                text7                               83E      83E       D0         0
                text6                               D32      D32       26         0
                text5                               C3C      C3C       34         0
                text4                               BC8      BC8       3A         0
                text3                               B08      B08       4A         0
                text2                               B8E      B8E       3A         0
                text1                               D04      D04       2E         0
                text0                               B52      B52       3C         0
                cinit                               DEC      DEC        A         0

        CLASS   CONST          

        CLASS   SMALLCONST     
                smallconst                          800      800       3E         0

        CLASS   MEDIUMCONST    

        CLASS   COMRAM         
                cstackCOMRAM                          1        1        B         1

        CLASS   ABS1           

        CLASS   BIGRAM         

        CLASS   RAM            

        CLASS   BANK0          

        CLASS   BANK1          

        CLASS   BANK2          

        CLASS   BANK3          

        CLASS   BANK4          

        CLASS   BANK5          

        CLASS   BANK6          

        CLASS   BANK7          

        CLASS   SFR            

        CLASS   BIGSFR         

        CLASS   CONFIG         
                config                           300000   300000        E         4

        CLASS   IDLOC          
                idloc                            200000   200000        8         5

        CLASS   EEDATA         

        CLASS   FARRAM         

        CLASS   HEAP           

        CLASS   STACK          



SEGMENTS        Name                           Load    Length   Top    Selector   Space  Class

                reset_vec                      000000  000004  000004         0       0  CODE    
                cstackCOMRAM                   000001  00000B  00000C         1       1  COMRAM  
                smallconst                     000800  00003E  00083E       400       0  SMALLCON
                text7                          00083E  0005C8  000E06       41F       0  CODE    


UNUSED ADDRESS RANGES

        Name                Unused          Largest block    Delta
        BANK0            000060-0000FF               A0
        BANK1            000100-0001FF              100
        BANK2            000200-0002FF              100
        BANK3            000300-0003FF              100
        BANK4            000400-0004FF              100
        BANK5            000500-0005FF              100
        BANK6            000600-0006FF              100
        BANK7            000700-0007FF              100
        BIGRAM           00000C-0007FF              7F4
        BIGSFR           000F53-000FFF               AD
        CODE             000004-0007FF              7FC
                         000E06-007FFF             71FA
        COMRAM           00000C-00005F               54
        CONST            000004-0007FF              7FC
                         000E06-007FFF             71FA
        EEDATA           F00000-F000FF              100
        MEDIUMCONST      000E06-007FFF             71FA
        RAM              000060-0007FF              100
        SFR              000F53-000FFF                D
        SMALLCONST       000E06-007FFF              100

                                  Symbol Table

?_strlen                  cstackCOMRAM 000001
CURSOR_ONOFF@estado       cstackCOMRAM 000004
ENVIA_CHAR@aux            cstackCOMRAM 000003
ENVIA_CHAR@dato           cstackCOMRAM 000002
ENVIA_LCD_CMD@aux         cstackCOMRAM 000003
ENVIA_LCD_CMD@dato        cstackCOMRAM 000002
ENVIA_NIBBLE@dato         cstackCOMRAM 000001
ESCRIBE_MENSAJE2@cadena   cstackCOMRAM 000005
ESCRIBE_MENSAJE2@i        cstackCOMRAM 00000A
ESCRIBE_MENSAJE2@tam      cstackCOMRAM 000009
I2C_Write@data            cstackCOMRAM 000001
LEER_LCD@aux              cstackCOMRAM 000001
Lcd_I2C_Write@dato        cstackCOMRAM 000002
Lcd_Init@i                cstackCOMRAM 000009
Lcd_Port@add              cstackCOMRAM 000004
Lcd_Port@datos            cstackCOMRAM 000005
Lcd_Port@nibble           cstackCOMRAM 000003
Lcd_Send_Byte@add         cstackCOMRAM 000007
Lcd_Send_Byte@n           cstackCOMRAM 000006
Lcd_Set_Cursor@col        cstackCOMRAM 000008
Lcd_Set_Cursor@row        cstackCOMRAM 00000B
Lcd_Write_String@str      cstackCOMRAM 000008
POS_CURSOR@columna        cstackCOMRAM 000004
POS_CURSOR@fila           cstackCOMRAM 000005
_ANSELD                   (abs)        000F5E
_BORRAR_LCD               text12       000DFE
_CURSOR_HOME              text11       000DF6
_CURSOR_ONOFF             text10       000CD4
_ENVIA_CHAR               text5        000C3C
_ENVIA_LCD_CMD            text13       000C70
_ENVIA_NIBBLE             text15       000D58
_ESCRIBE_MENSAJE2         text3        000B08
_I2C_Start                text23       000DD8
_I2C_Stop                 text22       000DC4
_I2C_Write                text21       000DAA
_LATAbits                 (abs)        000F89
_LATD                     (abs)        000F8C
_LATDbits                 (abs)        000F8C
_LCD_CONFIG               text9        000AB6
_LCD_INIT                 text8        000CA4
_LEER_LCD                 text14       000A44
_Lcd_I2C_Write            text20       000D90
_Lcd_Init                 text7        00083E
_Lcd_Port                 text19       00090E
_Lcd_Send_Byte            text18       000D74
_Lcd_Set_Cursor           text17       0009C2
_Lcd_Write_String         text16       000C02
_OSCCON                   (abs)        000FD3
_PIR1bits                 (abs)        000F9E
_PORTAbits                (abs)        000F80
_PORTD                    (abs)        000F83
_POS_CURSOR               text2        000B8E
_SSP1ADD                  (abs)        000FC8
_SSP1CON1bits             (abs)        000FC6
_SSPADD                   (abs)        000FC8
_SSPBUF                   (abs)        000FC9
_SSPCON1                  (abs)        000FC6
_SSPCON2                  (abs)        000FC5
_SSPCON2bits              (abs)        000FC5
_SSPSTAT                  (abs)        000FC7
_TRISAbits                (abs)        000F92
_TRISBbits                (abs)        000F93
_TRISD                    (abs)        000F95
__HRAM                    (abs)        000000
__Habs1                   abs1         000000
__Hbank0                  bank0        000000
__Hbank1                  bank1        000000
__Hbank2                  bank2        000000
__Hbank3                  bank3        000000
__Hbank4                  bank4        000000
__Hbank5                  bank5        000000
__Hbank6                  bank6        000000
__Hbank7                  bank7        000000
__Hbigbss                 bigbss       000000
__Hbigdata                bigdata      000000
__Hbigram                 bigram       000000
__Hbigsfr                 bigsfr       000000
__Hbss                    bss          000000
__Hcinit                  cinit        000000
__Hclrtext                clrtext      000000
__Hcomram                 comram       000000
__Hconfig                 config       30000E
__Hconst                  const        000000
__HcstackCOMRAM           cstackCOMRAM 000000
__Hdata                   data         000000
__Heeprom_data            eeprom_data  000000
__Hfarbss                 farbss       000000
__Hfardata                fardata      000000
__Hheap                   heap         000000
__Hibigdata               ibigdata     000000
__Hidata                  idata        000000
__Hidloc                  idloc        200008
__Hifardata               ifardata     000000
__Hinit                   init         000004
__Hintcode                intcode      000000
__Hintcode_body           intcode_body 000000
__Hintcodelo              intcodelo    000000
__Hintentry               intentry     000000
__Hintret                 intret       000000
__Hintsave_regs           intsave_regs 000000
__Hirdata                 irdata       000000
__Hmediumconst            mediumconst  000000
__HnvFARRAM               nvFARRAM     000000
__Hnvbit                  nvbit        000000
__Hnvrram                 nvrram       000000
__Hparam                  rparam       000000
__Hpowerup                powerup      000000
__Hram                    ram          000000
__Hramtop                 ramtop       000800
__Hrbit                   rbit         000000
__Hrbss                   rbss         000000
__Hrdata                  rdata        000000
__Hreset_vec              reset_vec    000000
__Hrparam                 rparam       000000
__Hsfr                    sfr          000000
__Hsmallconst             smallconst   00083E
__Hspace_0                (abs)        000E06
__Hspace_1                (abs)        00000C
__Hspace_2                (abs)        000000
__Hspace_4                (abs)        60000E
__Hstack                  stack        000000
__Hstruct                 struct       000000
__Htemp                   temp         000000
__Htext                   text         000000
__Htext0                  text0        000000
__Htext1                  text1        000000
__Htext10                 text10       000000
__Htext11                 text11       000000
__Htext12                 text12       000000
__Htext13                 text13       000000
__Htext14                 text14       000000
__Htext15                 text15       000000
__Htext16                 text16       000000
__Htext17                 text17       000000
__Htext18                 text18       000000
__Htext19                 text19       000000
__Htext2                  text2        000000
__Htext20                 text20       000000
__Htext21                 text21       000000
__Htext22                 text22       000000
__Htext23                 text23       000000
__Htext3                  text3        000000
__Htext4                  text4        000000
__Htext5                  text5        000000
__Htext6                  text6        000000
__Htext7                  text7        000000
__Htext8                  text8        000000
__Htext9                  text9        000000
__LRAM                    (abs)        000001
__Labs1                   abs1         000000
__Lbank0                  bank0        000000
__Lbank1                  bank1        000000
__Lbank2                  bank2        000000
__Lbank3                  bank3        000000
__Lbank4                  bank4        000000
__Lbank5                  bank5        000000
__Lbank6                  bank6        000000
__Lbank7                  bank7        000000
__Lbigbss                 bigbss       000000
__Lbigdata                bigdata      000000
__Lbigram                 bigram       000000
__Lbigsfr                 bigsfr       000000
__Lbss                    bss          000000
__Lcinit                  cinit        000000
__Lclrtext                clrtext      000000
__Lcomram                 comram       000000
__Lconfig                 config       000000
__Lconst                  const        000000
__LcstackCOMRAM           cstackCOMRAM 000000
__Ldata                   data         000000
__Leeprom_data            eeprom_data  000000
__Lfarbss                 farbss       000000
__Lfardata                fardata      000000
__Lheap                   heap         000000
__Libigdata               ibigdata     000000
__Lidata                  idata        000000
__Lidloc                  idloc        000000
__Lifardata               ifardata     000000
__Linit                   init         000000
__Lintcode                intcode      000000
__Lintcode_body           intcode_body 000000
__Lintcodelo              intcodelo    000000
__Lintentry               intentry     000000
__Lintret                 intret       000000
__Lintsave_regs           intsave_regs 000000
__Lirdata                 irdata       000000
__Lmediumconst            mediumconst  000000
__LnvFARRAM               nvFARRAM     000000
__Lnvbit                  nvbit        000000
__Lnvrram                 nvrram       000000
__Lparam                  rparam       000000
__Lpowerup                powerup      000000
__Lram                    ram          000000
__Lramtop                 ramtop       000800
__Lrbit                   rbit         000000
__Lrbss                   rbss         000000
__Lrdata                  rdata        000000
__Lreset_vec              reset_vec    000000
__Lrparam                 rparam       000000
__Lsfr                    sfr          000000
__Lsmallconst             smallconst   000800
__Lspace_0                (abs)        000000
__Lspace_1                (abs)        000000
__Lspace_2                (abs)        000000
__Lspace_4                (abs)        000000
__Lstack                  stack        000000
__Lstruct                 struct       000000
__Ltemp                   temp         000000
__Ltext                   text         000000
__Ltext0                  text0        000000
__Ltext1                  text1        000000
__Ltext10                 text10       000000
__Ltext11                 text11       000000
__Ltext12                 text12       000000
__Ltext13                 text13       000000
__Ltext14                 text14       000000
__Ltext15                 text15       000000
__Ltext16                 text16       000000
__Ltext17                 text17       000000
__Ltext18                 text18       000000
__Ltext19                 text19       000000
__Ltext2                  text2        000000
__Ltext20                 text20       000000
__Ltext21                 text21       000000
__Ltext22                 text22       000000
__Ltext23                 text23       000000
__Ltext3                  text3        000000
__Ltext4                  text4        000000
__Ltext5                  text5        000000
__Ltext6                  text6        000000
__Ltext7                  text7        000000
__Ltext8                  text8        000000
__Ltext9                  text9        000000
__S0                      (abs)        000E06
__S1                      (abs)        00000C
__S4                      (abs)        000000
__S5                      (abs)        000000
___heap_hi                (abs)        000000
___heap_lo                (abs)        000000
___inthi_sp               stack        000000
___intlo_sp               stack        000000
___param_bank             (abs)        000000
___rparam_used            (abs)        000001
___sp                     stack        000000
__accesstop               (abs)        000060
__activetblptr            (abs)        000002
__end_of_BORRAR_LCD       text12       000E06
__end_of_CURSOR_HOME      text11       000DFE
__end_of_CURSOR_ONOFF     text10       000D04
__end_of_ENVIA_CHAR       text5        000C70
__end_of_ENVIA_LCD_CMD    text13       000CA4
__end_of_ENVIA_NIBBLE     text15       000D74
__end_of_ESCRIBE_MENSAJE2 text3        000B52
__end_of_I2C_Start        text23       000DEC
__end_of_I2C_Stop         text22       000DD8
__end_of_I2C_Write        text21       000DC4
__end_of_LCD_CONFIG       text9        000B08
__end_of_LCD_INIT         text8        000CD4
__end_of_LEER_LCD         text14       000AB6
__end_of_Lcd_I2C_Write    text20       000DAA
__end_of_Lcd_Init         text7        00090E
__end_of_Lcd_Port         text19       0009C2
__end_of_Lcd_Send_Byte    text18       000D90
__end_of_Lcd_Set_Cursor   text17       000A44
__end_of_Lcd_Write_String text16       000C3C
__end_of_POS_CURSOR       text2        000BC8
__end_of__initialization  cinit        000DEC
__end_of_configuro        text6        000D58
__end_of_main             text0        000B8E
__end_of_splash_msg       text1        000D32
__end_of_strlen           text4        000C02
__initialization          cinit        000DEC
__mediumconst             mediumconst  000000
__pcinit                  cinit        000DEC
__pcstackCOMRAM           cstackCOMRAM 000001
__psmallconst             smallconst   000800
__ptext0                  text0        000B52
__ptext1                  text1        000D04
__ptext10                 text10       000CD4
__ptext11                 text11       000DF6
__ptext12                 text12       000DFE
__ptext13                 text13       000C70
__ptext14                 text14       000A44
__ptext15                 text15       000D58
__ptext16                 text16       000C02
__ptext17                 text17       0009C2
__ptext18                 text18       000D74
__ptext19                 text19       00090E
__ptext2                  text2        000B8E
__ptext20                 text20       000D90
__ptext21                 text21       000DAA
__ptext22                 text22       000DC4
__ptext23                 text23       000DD8
__ptext3                  text3        000B08
__ptext4                  text4        000BC8
__ptext5                  text5        000C3C
__ptext6                  text6        000D32
__ptext7                  text7        00083E
__ptext8                  text8        000CA4
__ptext9                  text9        000AB6
__ramtop                  ramtop       000800
__smallconst              smallconst   000800
_configuro                text6        000D32
_main                     text0        000B52
_splash_msg               text1        000D04
_strlen                   text4        000BC8
end_of_initialization     cinit        000DEC
intlevel0                 text         000000
intlevel1                 text         000000
intlevel2                 text         000000
intlevel3                 text         000000
isa$std                   (abs)        000001
isa$xinst                 (abs)        000000
stackhi                   (abs)        000000
stacklo                   (abs)        000000
start                     init         000000
start_initialization      cinit        000DEC
strlen@a                  cstackCOMRAM 000003
strlen@s                  cstackCOMRAM 000001


MODULE INFORMATION

Module		Function		Class		Link	Load	Size
i2c.c
		_I2C_Write     		CODE           	0DAA	0000	26
		_I2C_Stop      		CODE           	0DC4	0000	20
		_I2C_Start     		CODE           	0DD8	0000	20

i2c.c estimated size: 66

C:\Program Files\Microchip\xc8\v2.36\pic\sources\c99\common\strlen.c
		_strlen        		CODE           	0BC8	0000	58

C:\Program Files\Microchip\xc8\v2.36\pic\sources\c99\common\strlen.c estimated size: 58

i2c_lcd.c
		_Lcd_Write_String		CODE           	0C02	0000	58
		_Lcd_Init      		CODE           	083E	0000	208
		_Lcd_Send_Byte 		CODE           	0D74	0000	28
		_Lcd_I2C_Write 		CODE           	0D90	0000	26
		_Lcd_Set_Cursor		CODE           	09C2	0000	130
		_Lcd_Port      		CODE           	090E	0000	180

i2c_lcd.c estimated size: 630

maincode2.c
		_configuro     		CODE           	0D32	0000	38
		_main          		CODE           	0B52	0000	60
		_splash_msg    		CODE           	0D04	0000	46

maincode2.c estimated size: 144

shared
		__initialization		CODE           	0DEC	0000	1

shared estimated size: 1

LCD.c
		_ENVIA_NIBBLE  		CODE           	0D58	0000	28
		_LCD_INIT      		CODE           	0CA4	0000	48
		_ENVIA_CHAR    		CODE           	0C3C	0000	52
		_CURSOR_HOME   		CODE           	0DF6	0000	8
		_CURSOR_ONOFF  		CODE           	0CD4	0000	48
		_POS_CURSOR    		CODE           	0B8E	0000	58
		_ENVIA_LCD_CMD 		CODE           	0C70	0000	52
		_LCD_CONFIG    		CODE           	0AB6	0000	82
		_BORRAR_LCD    		CODE           	0DFE	0000	8
		_ESCRIBE_MENSAJE2		CODE           	0B08	0000	74
		_LEER_LCD      		CODE           	0A44	0000	114

LCD.c estimated size: 572

