Microchip MPLAB XC8 Compiler V2.36

Linker command line:

-W-3 --edf=C:\Program Files\Microchip\xc8\v2.36\pic\dat\en_msgs.txt -cn \
  -h+dist/default/production\EL256_EL51_1_Sem13_k50_uart_servo.X.production.sym \
  --cmf=dist/default/production\EL256_EL51_1_Sem13_k50_uart_servo.X.production.cmf \
  -z -Q18F45K50 -oC:\Users\Alumnos\AppData\Local\Temp\xcAsrg.4 \
  --defsym=__MPLAB_BUILD=1 \
  -Mdist/default/production/EL256_EL51_1_Sem13_k50_uart_servo.X.production.map \
  --md=C:\Users\Alumnos\AppData\Local\Temp\xcAsrg.dat -E1 -ver=XC8 Compiler \
  --acfsm=1493 -ACODE=00h-07FFFh -ACONST=00h-07FFFh \
  -ASMALLCONST=0800h-08FFhx120 -AMEDIUMCONST=0800h-07FFFh -ACOMRAM=01h-05Fh \
  -AABS1=00h-07FFh -ABIGRAM=01h-07FFh -ARAM=060h-0FFh,0100h-01FFhx7 \
  -ABANK0=060h-0FFh -ABANK1=0100h-01FFh -ABANK2=0200h-02FFh \
  -ABANK3=0300h-03FFh -ABANK4=0400h-04FFh -ABANK5=0500h-05FFh \
  -ABANK6=0600h-06FFh -ABANK7=0700h-07FFh -ASFR=0F53h-0F5Fh,0F60h-0FFFh \
  -ABIGSFR=0F53h-0FFFh -ACONFIG=0300000h-030000Dh -AIDLOC=0200000h-0200007h \
  -AEEDATA=0F00000h-0F000FFh -peeprom_data=EEDATA \
  -preset_vec=00h,intcode=08h,intcodelo=018h,powerup,init -pramtop=0800h \
  -psmallconst=SMALLCONST -pmediumconst=MEDIUMCONST -pconst=CONST \
  -AFARRAM=00h-00h \
  -prdata=COMRAM,nvrram=COMRAM,nvbit=COMRAM,rbss=COMRAM,rbit=COMRAM \
  -pfarbss=FARRAM,fardata=FARRAM,nvFARRAM=FARRAM \
  -pintsave_regs=BIGRAM,bigbss=BIGRAM,bigdata=BIGRAM -pbss=RAM \
  -pidata=CODE,irdata=CODE,ibigdata=CODE,ifardata=CODE -prparam=COMRAM \
  C:\Users\Alumnos\AppData\Local\Temp\xcAsrg.o \
  dist/default/production\EL256_EL51_1_Sem13_k50_uart_servo.X.production.o 

Object code version is 3.11

Machine type is 18F45K50



                Name                               Link     Load   Length Selector   Space Scale
C:\Users\Alumnos\AppData\Local\Temp\xcAsrg.o
                idloc                            200000   200000        8        0       5
                config                           300000   300000        E        0       4
                init                                 7A       7A        4        C       0
                reset_vec                             0        0        4        0       0
dist/default/production\EL256_EL51_1_Sem13_k50_uart_servo.X.production.o
                intcodelo                            18       18       62        C       0
                intcode                               8        8        6        4       0
                idloc                            200000   200000        8        0       5
                config                           300000   300000        E        0       4
                temp                                 30       30        1        1       1
                smallconst                          800      800       1E      400       0
                text36                              F6A      F6A       16      40F       0
                text35                              F38      F38       1C      40F       0
                text34                              902      902       72      40F       0
                text33                              E6C      E6C       34      40F       0
                text32                              FBA      FBA        8      40F       0
                text31                              E38      E38       34      40F       0
                text30                              D2E      D2E       3A      40F       0
                text29                              AA8      AA8       4A      40F       0
                text28                              CF4      CF4       3A      40F       0
                text27                              B82      B82       48      40F       0
                intcode_body                        BCA      BCA       42      40F       0
                text25                              F54      F54       16      40F       0
                text24                              F1C      F1C       1C      40F       0
                text23                              890      890       72      40F       0
                text22                              E04      E04       34      40F       0
                text21                              FB2      FB2        8      40F       0
                text20                              DD0      DD0       34      40F       0
                text19                              CBA      CBA       3A      40F       0
                text18                              A5E      A5E       4A      40F       0
                text17                              C80      C80       3A      40F       0
                text16                              B3A      B3A       48      40F       0
                text14                              F00      F00       1C      40F       0
                text13                              81E      81E       72      40F       0
                text12                              D9C      D9C       34      40F       0
                text11                              FAA      FAA        8      40F       0
                text10                              FA2      FA2        8      40F       0
                text9                               ED0      ED0       30      40F       0
                text8                               974      974       52      40F       0
                text7                               EA0      EA0       30      40F       0
                text6                               9C6      9C6       4E      40F       0
                text5                               D68      D68       34      40F       0
                text4                               C46      C46       3A      40F       0
                text3                               A14      A14       4A      40F       0
                text2                               C0C      C0C       3A      40F       0
                text1                               AF2      AF2       48      40F       0
                text0                               F92      F92       10      40F       0
                cstackCOMRAM                          1        1       2F        1       1
                cinit                               F80      F80       12      40F       0

TOTAL           Name                               Link     Load   Length     Space
        CLASS   CODE           
                intcodelo                            18       18       62         0
                intcode                               8        8        6         0
                init                                 7A       7A        4         0
                reset_vec                             0        0        4         0
                text36                              F6A      F6A       16         0
                text35                              F38      F38       1C         0
                text34                              902      902       72         0
                text33                              E6C      E6C       34         0
                text32                              FBA      FBA        8         0
                text31                              E38      E38       34         0
                text30                              D2E      D2E       3A         0
                text29                              AA8      AA8       4A         0
                text28                              CF4      CF4       3A         0
                text27                              B82      B82       48         0
                intcode_body                        BCA      BCA       42         0
                text25                              F54      F54       16         0
                text24                              F1C      F1C       1C         0
                text23                              890      890       72         0
                text22                              E04      E04       34         0
                text21                              FB2      FB2        8         0
                text20                              DD0      DD0       34         0
                text19                              CBA      CBA       3A         0
                text18                              A5E      A5E       4A         0
                text17                              C80      C80       3A         0
                text16                              B3A      B3A       48         0
                text14                              F00      F00       1C         0
                text13                              81E      81E       72         0
                text12                              D9C      D9C       34         0
                text11                              FAA      FAA        8         0
                text10                              FA2      FA2        8         0
                text9                               ED0      ED0       30         0
                text8                               974      974       52         0
                text7                               EA0      EA0       30         0
                text6                               9C6      9C6       4E         0
                text5                               D68      D68       34         0
                text4                               C46      C46       3A         0
                text3                               A14      A14       4A         0
                text2                               C0C      C0C       3A         0
                text1                               AF2      AF2       48         0
                text0                               F92      F92       10         0
                cinit                               F80      F80       12         0

        CLASS   CONST          

        CLASS   SMALLCONST     
                smallconst                          800      800       1E         0

        CLASS   MEDIUMCONST    

        CLASS   COMRAM         
                temp                                 30       30        1         1
                cstackCOMRAM                          1        1       2F         1

        CLASS   ABS1           

        CLASS   BIGRAM         

        CLASS   RAM            

        CLASS   BANK0          

        CLASS   BANK1          

        CLASS   BANK2          

        CLASS   BANK3          

        CLASS   BANK4          

        CLASS   BANK5          

        CLASS   BANK6          

        CLASS   BANK7          

        CLASS   SFR            

        CLASS   BIGSFR         

        CLASS   CONFIG         
                config                           300000   300000        E         4

        CLASS   IDLOC          
                idloc                            200000   200000        8         5

        CLASS   EEDATA         

        CLASS   FARRAM         

        CLASS   HEAP           

        CLASS   STACK          



SEGMENTS        Name                           Load    Length   Top    Selector   Space  Class

                reset_vec                      000000  000004  000004         0       0  CODE    
                cstackCOMRAM                   000001  000030  000031         1       1  COMRAM  
                intcode                        000008  000006  00000E         4       0  CODE    
                intcodelo                      000018  000066  00007E         C       0  CODE    
                smallconst                     000800  00001E  00081E       400       0  SMALLCON
                text13                         00081E  0007A4  000FC2       40F       0  CODE    


UNUSED ADDRESS RANGES

        Name                Unused          Largest block    Delta
        BANK0            000060-0000FF               A0
        BANK1            000100-0001FF              100
        BANK2            000200-0002FF              100
        BANK3            000300-0003FF              100
        BANK4            000400-0004FF              100
        BANK5            000500-0005FF              100
        BANK6            000600-0006FF              100
        BANK7            000700-0007FF              100
        BIGRAM           000031-0007FF              7CF
        BIGSFR           000F53-000FFF               AD
        CODE             000004-000007                4
                         00000E-000017                A
                         00007E-0007FF              782
                         000FC2-007FFF             703E
        COMRAM           000031-00005F               2F
        CONST            000004-000007                4
                         00000E-000017                A
                         00007E-0007FF              782
                         000FC2-007FFF             703E
        EEDATA           F00000-F000FF              100
        MEDIUMCONST      000FC2-007FFF             703E
        RAM              000060-0007FF              100
        SFR              000F53-000FFF                D
        SMALLCONST       000FC2-007FFF              100

                                  Symbol Table

?_strlen                    cstackCOMRAM 000024
?i1_strlen                  cstackCOMRAM 000011
?i2_strlen                  cstackCOMRAM 000001
CURSOR_ONOFF@estado         cstackCOMRAM 000027
ENVIA_CHAR@aux              cstackCOMRAM 000026
ENVIA_CHAR@dato             cstackCOMRAM 000025
ENVIA_LCD_CMD@aux           cstackCOMRAM 000026
ENVIA_LCD_CMD@dato          cstackCOMRAM 000025
ENVIA_NIBBLE@dato           cstackCOMRAM 000024
ESCRIBE_MENSAJE2@cadena     cstackCOMRAM 000028
ESCRIBE_MENSAJE2@i          cstackCOMRAM 00002D
ESCRIBE_MENSAJE2@tam        cstackCOMRAM 00002C
EUSART_Sendbyte@dato        cstackCOMRAM 000011
LEER_LCD@aux                cstackCOMRAM 000024
POS_CURSOR@columna          cstackCOMRAM 000027
POS_CURSOR@fila             cstackCOMRAM 000028
_ANSELBbits                 (abs)        000F5C
_ANSELCbits                 (abs)        000F5D
_ANSELD                     (abs)        000F5E
_ANSELE                     (abs)        000F5F
_BORRAR_LCD                 text11       000FAA
_CURSOR_HOME                text10       000FA2
_CURSOR_ONOFF               text9        000ED0
_ENVIA_CHAR                 text5        000D68
_ENVIA_LCD_CMD              text12       000D9C
_ENVIA_NIBBLE               text14       000F00
_ESCRIBE_MENSAJE2           text3        000A14
_EUSART_Sendbyte            text25       000F54
_INT0_ISR                   intcode      000008
_INT1_ISR                   intcodelo    000018
_INTCON2bits                (abs)        000FF1
_INTCON3bits                (abs)        000FF0
_INTCONbits                 (abs)        000FF2
_LATD                       (abs)        000F8C
_LATEbits                   (abs)        000F8D
_LCD_CONFIG                 text8        000974
_LCD_INIT                   text7        000EA0
_LEER_LCD                   text13       00081E
_OSCCON                     (abs)        000FD3
_PORTD                      (abs)        000F83
_POS_CURSOR                 text2        000C0C
_RCONbits                   (abs)        000FD0
_RCSTA1                     (abs)        000FAB
_SPBRG1                     (abs)        000FAF
_SPBRGH1                    (abs)        000FB0
_TRISBbits                  (abs)        000F93
_TRISCbits                  (abs)        000F94
_TRISD                      (abs)        000F95
_TRISE                      (abs)        000F96
_TXREG1                     (abs)        000FAD
_TXSTA1                     (abs)        000FAC
_TXSTA1bits                 (abs)        000FAC
_WPUBbits                   (abs)        000F85
__HRAM                      (abs)        000000
__Habs1                     abs1         000000
__Hbank0                    bank0        000000
__Hbank1                    bank1        000000
__Hbank2                    bank2        000000
__Hbank3                    bank3        000000
__Hbank4                    bank4        000000
__Hbank5                    bank5        000000
__Hbank6                    bank6        000000
__Hbank7                    bank7        000000
__Hbigbss                   bigbss       000000
__Hbigdata                  bigdata      000000
__Hbigram                   bigram       000000
__Hbigsfr                   bigsfr       000000
__Hbss                      bss          000000
__Hcinit                    cinit        000000
__Hclrtext                  clrtext      000000
__Hcomram                   comram       000000
__Hconfig                   config       30000E
__Hconst                    const        000000
__HcstackCOMRAM             cstackCOMRAM 000000
__Hdata                     data         000000
__Heeprom_data              eeprom_data  000000
__Hfarbss                   farbss       000000
__Hfardata                  fardata      000000
__Hheap                     heap         000000
__Hibigdata                 ibigdata     000000
__Hidata                    idata        000000
__Hidloc                    idloc        200008
__Hifardata                 ifardata     000000
__Hinit                     init         00007E
__Hintcode                  intcode      00000E
__Hintcode_body             intcode_body 000000
__Hintcodelo                intcodelo    00007A
__Hintentry                 intentry     000000
__Hintret                   intret       000000
__Hintsave_regs             intsave_regs 000000
__Hirdata                   irdata       000000
__Hmediumconst              mediumconst  000000
__HnvFARRAM                 nvFARRAM     000000
__Hnvbit                    nvbit        000000
__Hnvrram                   nvrram       000000
__Hparam                    rparam       000000
__Hpowerup                  powerup      00007A
__Hram                      ram          000000
__Hramtop                   ramtop       000800
__Hrbit                     rbit         000000
__Hrbss                     rbss         000000
__Hrdata                    rdata        000000
__Hreset_vec                reset_vec    000004
__Hrparam                   rparam       000000
__Hsfr                      sfr          000000
__Hsmallconst               smallconst   00081E
__Hspace_0                  (abs)        000FC2
__Hspace_1                  (abs)        000031
__Hspace_2                  (abs)        000000
__Hspace_4                  (abs)        60000E
__Hstack                    stack        000000
__Hstruct                   struct       000000
__Htemp                     temp         000031
__Htext                     text         000000
__Htext0                    text0        000000
__Htext1                    text1        000000
__Htext10                   text10       000000
__Htext11                   text11       000000
__Htext12                   text12       000000
__Htext13                   text13       000000
__Htext14                   text14       000000
__Htext16                   text16       000000
__Htext17                   text17       000000
__Htext18                   text18       000000
__Htext19                   text19       000000
__Htext2                    text2        000000
__Htext20                   text20       000000
__Htext21                   text21       000000
__Htext22                   text22       000000
__Htext23                   text23       000000
__Htext24                   text24       000000
__Htext25                   text25       000000
__Htext27                   text27       000000
__Htext28                   text28       000000
__Htext29                   text29       000000
__Htext3                    text3        000000
__Htext30                   text30       000000
__Htext31                   text31       000000
__Htext32                   text32       000000
__Htext33                   text33       000000
__Htext34                   text34       000000
__Htext35                   text35       000000
__Htext36                   text36       000000
__Htext4                    text4        000000
__Htext5                    text5        000000
__Htext6                    text6        000000
__Htext7                    text7        000000
__Htext8                    text8        000000
__Htext9                    text9        000000
__LRAM                      (abs)        000001
__Labs1                     abs1         000000
__Lbank0                    bank0        000000
__Lbank1                    bank1        000000
__Lbank2                    bank2        000000
__Lbank3                    bank3        000000
__Lbank4                    bank4        000000
__Lbank5                    bank5        000000
__Lbank6                    bank6        000000
__Lbank7                    bank7        000000
__Lbigbss                   bigbss       000000
__Lbigdata                  bigdata      000000
__Lbigram                   bigram       000000
__Lbigsfr                   bigsfr       000000
__Lbss                      bss          000000
__Lcinit                    cinit        000000
__Lclrtext                  clrtext      000000
__Lcomram                   comram       000000
__Lconfig                   config       000000
__Lconst                    const        000000
__LcstackCOMRAM             cstackCOMRAM 000000
__Ldata                     data         000000
__Leeprom_data              eeprom_data  000000
__Lfarbss                   farbss       000000
__Lfardata                  fardata      000000
__Lheap                     heap         000000
__Libigdata                 ibigdata     000000
__Lidata                    idata        000000
__Lidloc                    idloc        000000
__Lifardata                 ifardata     000000
__Linit                     init         00007A
__Lintcode                  intcode      000008
__Lintcode_body             intcode_body 000000
__Lintcodelo                intcodelo    000018
__Lintentry                 intentry     000000
__Lintret                   intret       000000
__Lintsave_regs             intsave_regs 000000
__Lirdata                   irdata       000000
__Lmediumconst              mediumconst  000000
__LnvFARRAM                 nvFARRAM     000000
__Lnvbit                    nvbit        000000
__Lnvrram                   nvrram       000000
__Lparam                    rparam       000000
__Lpowerup                  powerup      00007A
__Lram                      ram          000000
__Lramtop                   ramtop       000800
__Lrbit                     rbit         000000
__Lrbss                     rbss         000000
__Lrdata                    rdata        000000
__Lreset_vec                reset_vec    000000
__Lrparam                   rparam       000000
__Lsfr                      sfr          000000
__Lsmallconst               smallconst   000800
__Lspace_0                  (abs)        000000
__Lspace_1                  (abs)        000000
__Lspace_2                  (abs)        000000
__Lspace_4                  (abs)        000000
__Lstack                    stack        000000
__Lstruct                   struct       000000
__Ltemp                     temp         000030
__Ltext                     text         000000
__Ltext0                    text0        000000
__Ltext1                    text1        000000
__Ltext10                   text10       000000
__Ltext11                   text11       000000
__Ltext12                   text12       000000
__Ltext13                   text13       000000
__Ltext14                   text14       000000
__Ltext16                   text16       000000
__Ltext17                   text17       000000
__Ltext18                   text18       000000
__Ltext19                   text19       000000
__Ltext2                    text2        000000
__Ltext20                   text20       000000
__Ltext21                   text21       000000
__Ltext22                   text22       000000
__Ltext23                   text23       000000
__Ltext24                   text24       000000
__Ltext25                   text25       000000
__Ltext27                   text27       000000
__Ltext28                   text28       000000
__Ltext29                   text29       000000
__Ltext3                    text3        000000
__Ltext30                   text30       000000
__Ltext31                   text31       000000
__Ltext32                   text32       000000
__Ltext33                   text33       000000
__Ltext34                   text34       000000
__Ltext35                   text35       000000
__Ltext36                   text36       000000
__Ltext4                    text4        000000
__Ltext5                    text5        000000
__Ltext6                    text6        000000
__Ltext7                    text7        000000
__Ltext8                    text8        000000
__Ltext9                    text9        000000
__S0                        (abs)        000FC2
__S1                        (abs)        000031
__S4                        (abs)        000000
__S5                        (abs)        000000
___heap_hi                  (abs)        000000
___heap_lo                  (abs)        000000
___inthi_sp                 stack        000000
___intlo_sp                 stack        000000
___param_bank               (abs)        000000
___rparam_used              (abs)        000001
___sp                       stack        000000
__accesstop                 (abs)        000060
__activetblptr              (abs)        000001
__end_of_BORRAR_LCD         text11       000FB2
__end_of_CURSOR_HOME        text10       000FAA
__end_of_CURSOR_ONOFF       text9        000F00
__end_of_ENVIA_CHAR         text5        000D9C
__end_of_ENVIA_LCD_CMD      text12       000DD0
__end_of_ENVIA_NIBBLE       text14       000F1C
__end_of_ESCRIBE_MENSAJE2   text3        000A5E
__end_of_EUSART_Sendbyte    text25       000F6A
__end_of_INT0_ISR           intcode_body 000C0C
__end_of_INT1_ISR           intcodelo    00007A
__end_of_LCD_CONFIG         text8        0009C6
__end_of_LCD_INIT           text7        000ED0
__end_of_LEER_LCD           text13       000890
__end_of_POS_CURSOR         text2        000C46
__end_of__initialization    cinit        000F80
__end_of_configuro          text6        000A14
__end_of_main               text0        000FA2
__end_of_pantallazo         text1        000B3A
__end_of_strlen             text4        000C80
__end_ofi1_BORRAR_LCD       text21       000FBA
__end_ofi1_ENVIA_CHAR       text20       000E04
__end_ofi1_ENVIA_LCD_CMD    text22       000E38
__end_ofi1_ENVIA_NIBBLE     text24       000F38
__end_ofi1_ESCRIBE_MENSAJE2 text18       000AA8
__end_ofi1_LEER_LCD         text23       000902
__end_ofi1_POS_CURSOR       text17       000CBA
__end_ofi1_pantallazo       text16       000B82
__end_ofi1_strlen           text19       000CF4
__end_ofi2_BORRAR_LCD       text32       000FC2
__end_ofi2_ENVIA_CHAR       text31       000E6C
__end_ofi2_ENVIA_LCD_CMD    text33       000EA0
__end_ofi2_ENVIA_NIBBLE     text35       000F54
__end_ofi2_ESCRIBE_MENSAJE2 text29       000AF2
__end_ofi2_EUSART_Sendbyte  text36       000F80
__end_ofi2_LEER_LCD         text34       000974
__end_ofi2_POS_CURSOR       text28       000D2E
__end_ofi2_pantallazo       text27       000BCA
__end_ofi2_strlen           text30       000D68
__initialization            cinit        000F80
__mediumconst               mediumconst  000000
__pcinit                    cinit        000F80
__pcstackCOMRAM             cstackCOMRAM 000001
__pintcode                  intcode      000008
__pintcode_body             intcode_body 000BCA
__pintcodelo                intcodelo    000018
__psmallconst               smallconst   000800
__ptext0                    text0        000F92
__ptext1                    text1        000AF2
__ptext10                   text10       000FA2
__ptext11                   text11       000FAA
__ptext12                   text12       000D9C
__ptext13                   text13       00081E
__ptext14                   text14       000F00
__ptext16                   text16       000B3A
__ptext17                   text17       000C80
__ptext18                   text18       000A5E
__ptext19                   text19       000CBA
__ptext2                    text2        000C0C
__ptext20                   text20       000DD0
__ptext21                   text21       000FB2
__ptext22                   text22       000E04
__ptext23                   text23       000890
__ptext24                   text24       000F1C
__ptext25                   text25       000F54
__ptext27                   text27       000B82
__ptext28                   text28       000CF4
__ptext29                   text29       000AA8
__ptext3                    text3        000A14
__ptext30                   text30       000D2E
__ptext31                   text31       000E38
__ptext32                   text32       000FBA
__ptext33                   text33       000E6C
__ptext34                   text34       000902
__ptext35                   text35       000F38
__ptext36                   text36       000F6A
__ptext4                    text4        000C46
__ptext5                    text5        000D68
__ptext6                    text6        0009C6
__ptext7                    text7        000EA0
__ptext8                    text8        000974
__ptext9                    text9        000ED0
__ramtop                    ramtop       000800
__smallconst                smallconst   000800
_configuro                  text6        0009C6
_main                       text0        000F92
_pantallazo                 text1        000AF2
_strlen                     text4        000C46
btemp                       temp         000030
end_of_initialization       cinit        000F80
i1ENVIA_CHAR@aux            cstackCOMRAM 000013
i1ENVIA_CHAR@dato           cstackCOMRAM 000012
i1ENVIA_LCD_CMD@aux         cstackCOMRAM 000013
i1ENVIA_LCD_CMD@dato        cstackCOMRAM 000012
i1ENVIA_NIBBLE@dato         cstackCOMRAM 000011
i1ESCRIBE_MENSAJE2@cadena   cstackCOMRAM 000015
i1ESCRIBE_MENSAJE2@i        cstackCOMRAM 00001A
i1ESCRIBE_MENSAJE2@tam      cstackCOMRAM 000019
i1LEER_LCD@aux              cstackCOMRAM 000011
i1POS_CURSOR@columna        cstackCOMRAM 000014
i1POS_CURSOR@fila           cstackCOMRAM 000015
i1_BORRAR_LCD               text21       000FB2
i1_ENVIA_CHAR               text20       000DD0
i1_ENVIA_LCD_CMD            text22       000E04
i1_ENVIA_NIBBLE             text24       000F1C
i1_ESCRIBE_MENSAJE2         text18       000A5E
i1_LEER_LCD                 text23       000890
i1_POS_CURSOR               text17       000C80
i1_pantallazo               text16       000B3A
i1_strlen                   text19       000CBA
i1strlen@a                  cstackCOMRAM 000013
i1strlen@s                  cstackCOMRAM 000011
i2ENVIA_CHAR@aux            cstackCOMRAM 000003
i2ENVIA_CHAR@dato           cstackCOMRAM 000002
i2ENVIA_LCD_CMD@aux         cstackCOMRAM 000003
i2ENVIA_LCD_CMD@dato        cstackCOMRAM 000002
i2ENVIA_NIBBLE@dato         cstackCOMRAM 000001
i2ESCRIBE_MENSAJE2@cadena   cstackCOMRAM 000005
i2ESCRIBE_MENSAJE2@i        cstackCOMRAM 00000A
i2ESCRIBE_MENSAJE2@tam      cstackCOMRAM 000009
i2EUSART_Sendbyte@dato      cstackCOMRAM 000001
i2LEER_LCD@aux              cstackCOMRAM 000001
i2POS_CURSOR@columna        cstackCOMRAM 000004
i2POS_CURSOR@fila           cstackCOMRAM 000005
i2_BORRAR_LCD               text32       000FBA
i2_ENVIA_CHAR               text31       000E38
i2_ENVIA_LCD_CMD            text33       000E6C
i2_ENVIA_NIBBLE             text35       000F38
i2_ESCRIBE_MENSAJE2         text29       000AA8
i2_EUSART_Sendbyte          text36       000F6A
i2_LEER_LCD                 text34       000902
i2_POS_CURSOR               text28       000CF4
i2_pantallazo               text27       000B82
i2_strlen                   text30       000D2E
i2strlen@a                  cstackCOMRAM 000003
i2strlen@s                  cstackCOMRAM 000001
int$flags                   temp         000030
int_func                    intcode_body 000BCA
intlevel0                   text         000000
intlevel1                   text         000000
intlevel2                   text         000000
intlevel3                   text         000000
isa$std                     (abs)        000001
isa$xinst                   (abs)        000000
stackhi                     (abs)        000000
stacklo                     (abs)        000000
start                       init         00007A
start_initialization        cinit        000F80
strlen@a                    cstackCOMRAM 000026
strlen@s                    cstackCOMRAM 000024
ttemp5                      temp         000031
ttemp6                      temp         000034
ttemp7                      temp         000038
wtemp8                      temp         000031


MODULE INFORMATION

Module		Function		Class		Link	Load	Size
C:\Program Files\Microchip\xc8\v2.36\pic\sources\c99\common\strlen.c
		_strlen        		CODE           	0C46	0000	58

C:\Program Files\Microchip\xc8\v2.36\pic\sources\c99\common\strlen.c estimated size: 58

maincode2.c
		_configuro     		CODE           	09C6	0000	78
		_pantallazo    		CODE           	0AF2	0000	72
		_main          		CODE           	0F92	0000	16
		_EUSART_Sendbyte		CODE           	0F54	0000	22
		_INT0_ISR      		CODE           	0008	0000	72
		_INT1_ISR      		CODE           	0018	0000	98

maincode2.c estimated size: 358

shared
		i1_POS_CURSOR  		CODE           	0C80	0000	58
		i1_ENVIA_CHAR  		CODE           	0DD0	0000	52
		i2_POS_CURSOR  		CODE           	0CF4	0000	58
		i2_ENVIA_CHAR  		CODE           	0E38	0000	52
		i1_ENVIA_NIBBLE		CODE           	0F1C	0000	28
		i2_ENVIA_NIBBLE		CODE           	0F38	0000	28
		i2_EUSART_Sendbyte		CODE           	0F6A	0000	22
		i1_LEER_LCD    		CODE           	0890	0000	114
		i2_LEER_LCD    		CODE           	0902	0000	114
		i1_ESCRIBE_MENSAJE2		CODE           	0A5E	0000	74
		i2_ESCRIBE_MENSAJE2		CODE           	0AA8	0000	74
		i1_ENVIA_LCD_CMD		CODE           	0E04	0000	52
		i2_ENVIA_LCD_CMD		CODE           	0E6C	0000	52
		i1_BORRAR_LCD  		CODE           	0FB2	0000	8
		i2_BORRAR_LCD  		CODE           	0FBA	0000	8
		i1_pantallazo  		CODE           	0B3A	0000	72
		i2_pantallazo  		CODE           	0B82	0000	72
		__initialization		CODE           	0F80	0000	1
		i1_strlen      		CODE           	0CBA	0000	58
		i2_strlen      		CODE           	0D2E	0000	58

shared estimated size: 1055

LCD.c
		_ENVIA_NIBBLE  		CODE           	0F00	0000	28
		_LCD_INIT      		CODE           	0EA0	0000	48
		_ENVIA_CHAR    		CODE           	0D68	0000	52
		_CURSOR_HOME   		CODE           	0FA2	0000	8
		_CURSOR_ONOFF  		CODE           	0ED0	0000	48
		_POS_CURSOR    		CODE           	0C0C	0000	58
		_ENVIA_LCD_CMD 		CODE           	0D9C	0000	52
		_LCD_CONFIG    		CODE           	0974	0000	82
		_BORRAR_LCD    		CODE           	0FAA	0000	8
		_ESCRIBE_MENSAJE2		CODE           	0A14	0000	74
		_LEER_LCD      		CODE           	081E	0000	114

LCD.c estimated size: 572

