Microchip MPLAB XC8 Compiler V2.36

Linker command line:

-W-3 --edf=C:\Program Files\Microchip\xc8\v2.36\pic\dat\en_msgs.txt -cn \
  -h+dist/default/production\EL256_EL52_2_Sem12_K50_LB3.X.production.sym \
  --cmf=dist/default/production\EL256_EL52_2_Sem12_K50_LB3.X.production.cmf \
  -z -Q18F45K50 -oC:\Users\Alumnos\AppData\Local\Temp\xcAsat8.4 \
  --defsym=__MPLAB_BUILD=1 \
  -Mdist/default/production/EL256_EL52_2_Sem12_K50_LB3.X.production.map \
  --md=C:\Users\Alumnos\AppData\Local\Temp\xcAsat8.dat -E1 \
  -ver=XC8 Compiler --acfsm=1493 -ACODE=00h-07FFFh -ACONST=00h-07FFFh \
  -ASMALLCONST=0800h-08FFhx120 -AMEDIUMCONST=0800h-07FFFh -ACOMRAM=01h-05Fh \
  -AABS1=00h-07FFh -ABIGRAM=01h-07FFh -ARAM=060h-0FFh,0100h-01FFhx7 \
  -ABANK0=060h-0FFh -ABANK1=0100h-01FFh -ABANK2=0200h-02FFh \
  -ABANK3=0300h-03FFh -ABANK4=0400h-04FFh -ABANK5=0500h-05FFh \
  -ABANK6=0600h-06FFh -ABANK7=0700h-07FFh -ASFR=0F53h-0F5Fh,0F60h-0FFFh \
  -ABIGSFR=0F53h-0FFFh -ACONFIG=0300000h-030000Dh -AIDLOC=0200000h-0200007h \
  -AEEDATA=0F00000h-0F000FFh -peeprom_data=EEDATA \
  -preset_vec=00h,intcode=08h,intcodelo,powerup,init -pramtop=0800h \
  -psmallconst=SMALLCONST -pmediumconst=MEDIUMCONST -pconst=CONST \
  -AFARRAM=00h-00h \
  -prdata=COMRAM,nvrram=COMRAM,nvbit=COMRAM,rbss=COMRAM,rbit=COMRAM \
  -pfarbss=FARRAM,fardata=FARRAM,nvFARRAM=FARRAM \
  -pintsave_regs=BIGRAM,bigbss=BIGRAM,bigdata=BIGRAM -pbss=RAM \
  -pidata=CODE,irdata=CODE,ibigdata=CODE,ifardata=CODE -prparam=COMRAM \
  C:\Users\Alumnos\AppData\Local\Temp\xcAsat8.o \
  dist/default/production\EL256_EL52_2_Sem12_K50_LB3.X.production.o 

Object code version is 3.11

Machine type is 18F45K50



                Name                               Link     Load   Length Selector   Space Scale
C:\Users\Alumnos\AppData\Local\Temp\xcAsat8.o
                idloc                            200000   200000        8        0       5
                config                           300000   300000        E        0       4
                init                                1AA      1AA        4        4       0
                reset_vec                             0        0        4        0       0
dist/default/production\EL256_EL52_2_Sem12_K50_LB3.X.production.o
                intcode                               8        8      1A2        4       0
                idloc                            200000   200000        8        0       5
                config                           300000   300000        E        0       4
                temp                                 26       26        1        1       1
                smallconst                          800      800       44      400       0
                text27                              F96      F96       1C      422       0
                text26                              B24      B24       72      422       0
                text25                              EB8      EB8       34      422       0
                text24                              FDA      FDA        8      422       0
                text23                              E84      E84       34      422       0
                text22                              DE2      DE2       3A      422       0
                text21                              CEA      CEA       4A      422       0
                text20                              DA8      DA8       3A      422       0
                text18                              F7A      F7A       1C      422       0
                text17                              AB2      AB2       72      422       0
                text16                              E50      E50       34      422       0
                text15                              FD2      FD2        8      422       0
                text14                              FCA      FCA        8      422       0
                text13                              F1C      F1C       30      422       0
                text12                              C4E      C4E       52      422       0
                text11                              EEC      EEC       30      422       0
                text10                              BFA      BFA       54      422       0
                text9                               A3E      A3E       74      422       0
                text8                               B96      B96       64      422       0
                text7                               930      930       8A      422       0
                text6                               E1C      E1C       34      422       0
                text5                               D6E      D6E       3A      422       0
                text4                               CA0      CA0       4A      422       0
                text3                               D34      D34       3A      422       0
                text2                               F4C      F4C       2E      422       0
                text1                               9BA      9BA       84      422       0
                text0                               844      844       EC      422       0
                cstackCOMRAM                          1        1       20        1       1
                bssCOMRAM                            21       21        5        1       1
                cinit                               FB2      FB2       18      422       0

TOTAL           Name                               Link     Load   Length     Space
        CLASS   CODE           
                intcode                               8        8      1A2         0
                init                                1AA      1AA        4         0
                reset_vec                             0        0        4         0
                text27                              F96      F96       1C         0
                text26                              B24      B24       72         0
                text25                              EB8      EB8       34         0
                text24                              FDA      FDA        8         0
                text23                              E84      E84       34         0
                text22                              DE2      DE2       3A         0
                text21                              CEA      CEA       4A         0
                text20                              DA8      DA8       3A         0
                text18                              F7A      F7A       1C         0
                text17                              AB2      AB2       72         0
                text16                              E50      E50       34         0
                text15                              FD2      FD2        8         0
                text14                              FCA      FCA        8         0
                text13                              F1C      F1C       30         0
                text12                              C4E      C4E       52         0
                text11                              EEC      EEC       30         0
                text10                              BFA      BFA       54         0
                text9                               A3E      A3E       74         0
                text8                               B96      B96       64         0
                text7                               930      930       8A         0
                text6                               E1C      E1C       34         0
                text5                               D6E      D6E       3A         0
                text4                               CA0      CA0       4A         0
                text3                               D34      D34       3A         0
                text2                               F4C      F4C       2E         0
                text1                               9BA      9BA       84         0
                text0                               844      844       EC         0
                cinit                               FB2      FB2       18         0

        CLASS   CONST          

        CLASS   SMALLCONST     
                smallconst                          800      800       44         0

        CLASS   MEDIUMCONST    

        CLASS   COMRAM         
                temp                                 26       26        1         1
                cstackCOMRAM                          1        1       20         1
                bssCOMRAM                            21       21        5         1

        CLASS   ABS1           

        CLASS   BIGRAM         

        CLASS   RAM            

        CLASS   BANK0          

        CLASS   BANK1          

        CLASS   BANK2          

        CLASS   BANK3          

        CLASS   BANK4          

        CLASS   BANK5          

        CLASS   BANK6          

        CLASS   BANK7          

        CLASS   SFR            

        CLASS   BIGSFR         

        CLASS   CONFIG         
                config                           300000   300000        E         4

        CLASS   IDLOC          
                idloc                            200000   200000        8         5

        CLASS   EEDATA         

        CLASS   FARRAM         

        CLASS   HEAP           

        CLASS   STACK          



SEGMENTS        Name                           Load    Length   Top    Selector   Space  Class

                reset_vec                      000000  000004  000004         0       0  CODE    
                cstackCOMRAM                   000001  000026  000027         1       1  COMRAM  
                intcode                        000008  0001A6  0001AE         4       0  CODE    
                smallconst                     000800  000044  000844       400       0  SMALLCON
                text0                          000844  00079E  000FE2       422       0  CODE    


UNUSED ADDRESS RANGES

        Name                Unused          Largest block    Delta
        BANK0            000060-0000FF               A0
        BANK1            000100-0001FF              100
        BANK2            000200-0002FF              100
        BANK3            000300-0003FF              100
        BANK4            000400-0004FF              100
        BANK5            000500-0005FF              100
        BANK6            000600-0006FF              100
        BANK7            000700-0007FF              100
        BIGRAM           000027-0007FF              7D9
        BIGSFR           000F53-000FFF               AD
        CODE             000004-000007                4
                         0001AE-0007FF              652
                         000FE2-007FFF             701E
        COMRAM           000027-00005F               39
        CONST            000004-000007                4
                         0001AE-0007FF              652
                         000FE2-007FFF             701E
        EEDATA           F00000-F000FF              100
        MEDIUMCONST      000FE2-007FFF             701E
        RAM              000060-0007FF              100
        SFR              000F53-000FFF                D
        SMALLCONST       000FE2-007FFF              100

                                  Symbol Table

?___lwdiv                   cstackCOMRAM 000016
?___lwmod                   cstackCOMRAM 000011
?_strlen                    cstackCOMRAM 000011
?_tomamuestra_ADC           cstackCOMRAM 000011
?i2_strlen                  cstackCOMRAM 000001
CURSOR_ONOFF@estado         cstackCOMRAM 000014
ENVIA_CHAR@aux              cstackCOMRAM 000013
ENVIA_CHAR@dato             cstackCOMRAM 000012
ENVIA_LCD_CMD@aux           cstackCOMRAM 000013
ENVIA_LCD_CMD@dato          cstackCOMRAM 000012
ENVIA_NIBBLE@dato           cstackCOMRAM 000011
ESCRIBE_MENSAJE2@cadena     cstackCOMRAM 000015
ESCRIBE_MENSAJE2@i          cstackCOMRAM 00001A
ESCRIBE_MENSAJE2@tam        cstackCOMRAM 000019
LEER_LCD@aux                cstackCOMRAM 000011
POS_CURSOR@columna          cstackCOMRAM 000014
POS_CURSOR@fila             cstackCOMRAM 000015
_ADCON0                     (abs)        000FC2
_ADCON0bits                 (abs)        000FC2
_ADCON1                     (abs)        000FC1
_ADCON2                     (abs)        000FC0
_ADRESH                     (abs)        000FC4
_ADRESL                     (abs)        000FC3
_ANSELAbits                 (abs)        000F5B
_ANSELB                     (abs)        000F5C
_ANSELCbits                 (abs)        000F5D
_ANSELE                     (abs)        000F5F
_BORRAR_LCD                 text15       000FD2
_CCP1CON                    (abs)        000FBD
_CCPR1L                     (abs)        000FBE
_CURSOR_HOME                text14       000FCA
_CURSOR_ONOFF               text13       000F1C
_ENVIA_CHAR                 text6        000E1C
_ENVIA_LCD_CMD              text16       000E50
_ENVIA_NIBBLE               text18       000F7A
_ESCRIBE_MENSAJE2           text4        000CA0
_INTCON2bits                (abs)        000FF1
_INTCON3bits                (abs)        000FF0
_INTCONbits                 (abs)        000FF2
_ISRs                       intcode      000008
_LATB                       (abs)        000F8A
_LATEbits                   (abs)        000F8D
_LCD_CONFIG                 text12       000C4E
_LCD_INIT                   text11       000EEC
_LEER_LCD                   text17       000AB2
_OSCCON                     (abs)        000FD3
_PORTB                      (abs)        000F81
_POS_CURSOR                 text3        000D34
_PR2                        (abs)        000FBB
_T2CON                      (abs)        000FBA
_TRISAbits                  (abs)        000F92
_TRISB                      (abs)        000F93
_TRISCbits                  (abs)        000F94
_TRISE                      (abs)        000F96
_WPUB                       (abs)        000F85
__HRAM                      (abs)        000000
__Habs1                     abs1         000000
__Hbank0                    bank0        000000
__Hbank1                    bank1        000000
__Hbank2                    bank2        000000
__Hbank3                    bank3        000000
__Hbank4                    bank4        000000
__Hbank5                    bank5        000000
__Hbank6                    bank6        000000
__Hbank7                    bank7        000000
__Hbigbss                   bigbss       000000
__Hbigdata                  bigdata      000000
__Hbigram                   bigram       000000
__Hbigsfr                   bigsfr       000000
__Hbss                      bss          000000
__HbssCOMRAM                bssCOMRAM    000000
__Hcinit                    cinit        000000
__Hclrtext                  clrtext      000000
__Hcomram                   comram       000000
__Hconfig                   config       30000E
__Hconst                    const        000000
__HcstackCOMRAM             cstackCOMRAM 000000
__Hdata                     data         000000
__Heeprom_data              eeprom_data  000000
__Hfarbss                   farbss       000000
__Hfardata                  fardata      000000
__Hheap                     heap         000000
__Hibigdata                 ibigdata     000000
__Hidata                    idata        000000
__Hidloc                    idloc        200008
__Hifardata                 ifardata     000000
__Hinit                     init         0001AE
__Hintcode                  intcode      0001AA
__Hintcode_body             intcode_body 000000
__Hintcodelo                intcodelo    0001AA
__Hintentry                 intentry     000000
__Hintret                   intret       000000
__Hintsave_regs             intsave_regs 000000
__Hirdata                   irdata       000000
__Hmediumconst              mediumconst  000000
__HnvFARRAM                 nvFARRAM     000000
__Hnvbit                    nvbit        000000
__Hnvrram                   nvrram       000000
__Hparam                    rparam       000000
__Hpowerup                  powerup      0001AA
__Hram                      ram          000000
__Hramtop                   ramtop       000800
__Hrbit                     rbit         000000
__Hrbss                     rbss         000000
__Hrdata                    rdata        000000
__Hreset_vec                reset_vec    000004
__Hrparam                   rparam       000000
__Hsfr                      sfr          000000
__Hsmallconst               smallconst   000844
__Hspace_0                  (abs)        000FE2
__Hspace_1                  (abs)        000027
__Hspace_2                  (abs)        000000
__Hspace_4                  (abs)        60000E
__Hstack                    stack        000000
__Hstruct                   struct       000000
__Htemp                     temp         000027
__Htext                     text         000000
__Htext0                    text0        000000
__Htext1                    text1        000000
__Htext10                   text10       000000
__Htext11                   text11       000000
__Htext12                   text12       000000
__Htext13                   text13       000000
__Htext14                   text14       000000
__Htext15                   text15       000000
__Htext16                   text16       000000
__Htext17                   text17       000000
__Htext18                   text18       000000
__Htext2                    text2        000000
__Htext20                   text20       000000
__Htext21                   text21       000000
__Htext22                   text22       000000
__Htext23                   text23       000000
__Htext24                   text24       000000
__Htext25                   text25       000000
__Htext26                   text26       000000
__Htext27                   text27       000000
__Htext3                    text3        000000
__Htext4                    text4        000000
__Htext5                    text5        000000
__Htext6                    text6        000000
__Htext7                    text7        000000
__Htext8                    text8        000000
__Htext9                    text9        000000
__LRAM                      (abs)        000001
__Labs1                     abs1         000000
__Lbank0                    bank0        000000
__Lbank1                    bank1        000000
__Lbank2                    bank2        000000
__Lbank3                    bank3        000000
__Lbank4                    bank4        000000
__Lbank5                    bank5        000000
__Lbank6                    bank6        000000
__Lbank7                    bank7        000000
__Lbigbss                   bigbss       000000
__Lbigdata                  bigdata      000000
__Lbigram                   bigram       000000
__Lbigsfr                   bigsfr       000000
__Lbss                      bss          000000
__LbssCOMRAM                bssCOMRAM    000000
__Lcinit                    cinit        000000
__Lclrtext                  clrtext      000000
__Lcomram                   comram       000000
__Lconfig                   config       000000
__Lconst                    const        000000
__LcstackCOMRAM             cstackCOMRAM 000000
__Ldata                     data         000000
__Leeprom_data              eeprom_data  000000
__Lfarbss                   farbss       000000
__Lfardata                  fardata      000000
__Lheap                     heap         000000
__Libigdata                 ibigdata     000000
__Lidata                    idata        000000
__Lidloc                    idloc        000000
__Lifardata                 ifardata     000000
__Linit                     init         0001AA
__Lintcode                  intcode      000008
__Lintcode_body             intcode_body 000000
__Lintcodelo                intcodelo    0001AA
__Lintentry                 intentry     000000
__Lintret                   intret       000000
__Lintsave_regs             intsave_regs 000000
__Lirdata                   irdata       000000
__Lmediumconst              mediumconst  000000
__LnvFARRAM                 nvFARRAM     000000
__Lnvbit                    nvbit        000000
__Lnvrram                   nvrram       000000
__Lparam                    rparam       000000
__Lpowerup                  powerup      0001AA
__Lram                      ram          000000
__Lramtop                   ramtop       000800
__Lrbit                     rbit         000000
__Lrbss                     rbss         000000
__Lrdata                    rdata        000000
__Lreset_vec                reset_vec    000000
__Lrparam                   rparam       000000
__Lsfr                      sfr          000000
__Lsmallconst               smallconst   000800
__Lspace_0                  (abs)        000000
__Lspace_1                  (abs)        000000
__Lspace_2                  (abs)        000000
__Lspace_4                  (abs)        000000
__Lstack                    stack        000000
__Lstruct                   struct       000000
__Ltemp                     temp         000026
__Ltext                     text         000000
__Ltext0                    text0        000000
__Ltext1                    text1        000000
__Ltext10                   text10       000000
__Ltext11                   text11       000000
__Ltext12                   text12       000000
__Ltext13                   text13       000000
__Ltext14                   text14       000000
__Ltext15                   text15       000000
__Ltext16                   text16       000000
__Ltext17                   text17       000000
__Ltext18                   text18       000000
__Ltext2                    text2        000000
__Ltext20                   text20       000000
__Ltext21                   text21       000000
__Ltext22                   text22       000000
__Ltext23                   text23       000000
__Ltext24                   text24       000000
__Ltext25                   text25       000000
__Ltext26                   text26       000000
__Ltext27                   text27       000000
__Ltext3                    text3        000000
__Ltext4                    text4        000000
__Ltext5                    text5        000000
__Ltext6                    text6        000000
__Ltext7                    text7        000000
__Ltext8                    text8        000000
__Ltext9                    text9        000000
__S0                        (abs)        000FE2
__S1                        (abs)        000027
__S4                        (abs)        000000
__S5                        (abs)        000000
___heap_hi                  (abs)        000000
___heap_lo                  (abs)        000000
___inthi_sp                 stack        000000
___intlo_sp                 stack        000000
___lwdiv                    text9        000A3E
___lwdiv@counter            cstackCOMRAM 00001C
___lwdiv@dividend           cstackCOMRAM 000016
___lwdiv@divisor            cstackCOMRAM 000018
___lwdiv@quotient           cstackCOMRAM 00001A
___lwmod                    text8        000B96
___lwmod@counter            cstackCOMRAM 000015
___lwmod@dividend           cstackCOMRAM 000011
___lwmod@divisor            cstackCOMRAM 000013
___param_bank               (abs)        000000
___rparam_used              (abs)        000001
___sp                       stack        000000
__accesstop                 (abs)        000060
__activetblptr              (abs)        000002
__end_of_BORRAR_LCD         text15       000FDA
__end_of_CURSOR_HOME        text14       000FD2
__end_of_CURSOR_ONOFF       text13       000F4C
__end_of_ENVIA_CHAR         text6        000E50
__end_of_ENVIA_LCD_CMD      text16       000E84
__end_of_ENVIA_NIBBLE       text18       000F96
__end_of_ESCRIBE_MENSAJE2   text4        000CEA
__end_of_ISRs               intcode      0001AA
__end_of_LCD_CONFIG         text12       000CA0
__end_of_LCD_INIT           text11       000F1C
__end_of_LEER_LCD           text17       000B24
__end_of_POS_CURSOR         text3        000D6E
__end_of___lwdiv            text9        000AB2
__end_of___lwmod            text8        000BFA
__end_of__initialization    cinit        000FBC
__end_of_configuro          text10       000C4E
__end_of_convierte          text7        0009BA
__end_of_main               text0        000930
__end_of_splash_screen      text2        000F7A
__end_of_strlen             text5        000DA8
__end_of_tomamuestra_ADC    text1        000A3E
__end_ofi2_BORRAR_LCD       text24       000FE2
__end_ofi2_ENVIA_CHAR       text23       000EB8
__end_ofi2_ENVIA_LCD_CMD    text25       000EEC
__end_ofi2_ENVIA_NIBBLE     text27       000FB2
__end_ofi2_ESCRIBE_MENSAJE2 text21       000D34
__end_ofi2_LEER_LCD         text26       000B96
__end_ofi2_POS_CURSOR       text20       000DE2
__end_ofi2_strlen           text22       000E1C
__initialization            cinit        000FB2
__mediumconst               mediumconst  000000
__pbssCOMRAM                bssCOMRAM    000021
__pcinit                    cinit        000FB2
__pcstackCOMRAM             cstackCOMRAM 000001
__pintcode                  intcode      000008
__psmallconst               smallconst   000800
__ptext0                    text0        000844
__ptext1                    text1        0009BA
__ptext10                   text10       000BFA
__ptext11                   text11       000EEC
__ptext12                   text12       000C4E
__ptext13                   text13       000F1C
__ptext14                   text14       000FCA
__ptext15                   text15       000FD2
__ptext16                   text16       000E50
__ptext17                   text17       000AB2
__ptext18                   text18       000F7A
__ptext2                    text2        000F4C
__ptext20                   text20       000DA8
__ptext21                   text21       000CEA
__ptext22                   text22       000DE2
__ptext23                   text23       000E84
__ptext24                   text24       000FDA
__ptext25                   text25       000EB8
__ptext26                   text26       000B24
__ptext27                   text27       000F96
__ptext3                    text3        000D34
__ptext4                    text4        000CA0
__ptext5                    text5        000D6E
__ptext6                    text6        000E1C
__ptext7                    text7        000930
__ptext8                    text8        000B96
__ptext9                    text9        000A3E
__ramtop                    ramtop       000800
__smallconst                smallconst   000800
_centena                    bssCOMRAM    000024
_configuro                  text10       000BFA
_convierte                  text7        000930
_decena                     bssCOMRAM    000023
_main                       text0        000844
_millar                     bssCOMRAM    000025
_nivel                      bssCOMRAM    000021
_splash_screen              text2        000F4C
_strlen                     text5        000D6E
_tomamuestra_ADC            text1        0009BA
_unidad                     bssCOMRAM    000022
btemp                       temp         000026
convierte@numero            cstackCOMRAM 00001D
end_of_initialization       cinit        000FBC
i2ENVIA_CHAR@aux            cstackCOMRAM 000003
i2ENVIA_CHAR@dato           cstackCOMRAM 000002
i2ENVIA_LCD_CMD@aux         cstackCOMRAM 000003
i2ENVIA_LCD_CMD@dato        cstackCOMRAM 000002
i2ENVIA_NIBBLE@dato         cstackCOMRAM 000001
i2ESCRIBE_MENSAJE2@cadena   cstackCOMRAM 000005
i2ESCRIBE_MENSAJE2@i        cstackCOMRAM 00000A
i2ESCRIBE_MENSAJE2@tam      cstackCOMRAM 000009
i2LEER_LCD@aux              cstackCOMRAM 000001
i2POS_CURSOR@columna        cstackCOMRAM 000004
i2POS_CURSOR@fila           cstackCOMRAM 000005
i2_BORRAR_LCD               text24       000FDA
i2_ENVIA_CHAR               text23       000E84
i2_ENVIA_LCD_CMD            text25       000EB8
i2_ENVIA_NIBBLE             text27       000F96
i2_ESCRIBE_MENSAJE2         text21       000CEA
i2_LEER_LCD                 text26       000B24
i2_POS_CURSOR               text20       000DA8
i2_strlen                   text22       000DE2
i2strlen@a                  cstackCOMRAM 000003
i2strlen@s                  cstackCOMRAM 000001
int$flags                   temp         000026
intlevel0                   text         000000
intlevel1                   text         000000
intlevel2                   text         000000
intlevel3                   text         000000
isa$std                     (abs)        000001
isa$xinst                   (abs)        000000
stackhi                     (abs)        000000
stacklo                     (abs)        000000
start                       init         0001AA
start_initialization        cinit        000FB2
strlen@a                    cstackCOMRAM 000013
strlen@s                    cstackCOMRAM 000011
tomamuestra_ADC@canal       cstackCOMRAM 000015
ttemp5                      temp         000027
ttemp6                      temp         00002A
ttemp7                      temp         00002E
wtemp8                      temp         000027


MODULE INFORMATION

Module		Function		Class		Link	Load	Size
C:\Program Files\Microchip\xc8\v2.36\pic\sources\c99\common\lwmod.c
		___lwmod       		CODE           	0B96	0000	100

C:\Program Files\Microchip\xc8\v2.36\pic\sources\c99\common\lwmod.c estimated size: 100

C:\Program Files\Microchip\xc8\v2.36\pic\sources\c99\common\strlen.c
		_strlen        		CODE           	0D6E	0000	58

C:\Program Files\Microchip\xc8\v2.36\pic\sources\c99\common\strlen.c estimated size: 58

C:\Program Files\Microchip\xc8\v2.36\pic\sources\c99\common\lwdiv.c
		___lwdiv       		CODE           	0A3E	0000	116

C:\Program Files\Microchip\xc8\v2.36\pic\sources\c99\common\lwdiv.c estimated size: 116

shared
		i2_POS_CURSOR  		CODE           	0DA8	0000	58
		i2_ENVIA_CHAR  		CODE           	0E84	0000	52
		i2_ENVIA_NIBBLE		CODE           	0F96	0000	28
		i2_LEER_LCD    		CODE           	0B24	0000	114
		i2_ESCRIBE_MENSAJE2		CODE           	0CEA	0000	74
		i2_ENVIA_LCD_CMD		CODE           	0EB8	0000	52
		i2_BORRAR_LCD  		CODE           	0FDA	0000	8
		__initialization		CODE           	0FB2	0000	10
		i2_strlen      		CODE           	0DE2	0000	58

shared estimated size: 454

maincode.c
		_configuro     		CODE           	0BFA	0000	84
		_ISRs          		CODE           	0008	0000	418
		_main          		CODE           	0844	0000	236
		_tomamuestra_ADC		CODE           	09BA	0000	132
		_convierte     		CODE           	0930	0000	138
		_splash_screen 		CODE           	0F4C	0000	46

maincode.c estimated size: 1054

LCD.c
		_ENVIA_NIBBLE  		CODE           	0F7A	0000	28
		_LCD_INIT      		CODE           	0EEC	0000	48
		_ENVIA_CHAR    		CODE           	0E1C	0000	52
		_CURSOR_HOME   		CODE           	0FCA	0000	8
		_CURSOR_ONOFF  		CODE           	0F1C	0000	48
		_POS_CURSOR    		CODE           	0D34	0000	58
		_ENVIA_LCD_CMD 		CODE           	0E50	0000	52
		_LCD_CONFIG    		CODE           	0C4E	0000	82
		_BORRAR_LCD    		CODE           	0FD2	0000	8
		_ESCRIBE_MENSAJE2		CODE           	0CA0	0000	74
		_LEER_LCD      		CODE           	0AB2	0000	114

LCD.c estimated size: 572

