Microchip MPLAB XC8 Compiler V2.36

Linker command line:

-W-3 --edf=C:\Program Files\Microchip\xc8\v2.36\pic\dat\en_msgs.txt -cn \
  -h+dist/default/production\EL256_EL51_2_Sem10_K50_adcpwm.X.production.sym \
  --cmf=dist/default/production\EL256_EL51_2_Sem10_K50_adcpwm.X.production.cmf \
  -z -Q18F45K50 -oC:\Users\Alumnos\AppData\Local\Temp\xcAs9fg.4 \
  --defsym=__MPLAB_BUILD=1 \
  -Mdist/default/production/EL256_EL51_2_Sem10_K50_adcpwm.X.production.map \
  --md=C:\Users\Alumnos\AppData\Local\Temp\xcAs9fg.dat -E1 \
  -ver=XC8 Compiler --acfsm=1493 -ACODE=00h-07FFFh -ACONST=00h-07FFFh \
  -ASMALLCONST=0800h-08FFhx120 -AMEDIUMCONST=0800h-07FFFh -ACOMRAM=01h-05Fh \
  -AABS1=00h-07FFh -ABIGRAM=01h-07FFh -ARAM=060h-0FFh,0100h-01FFhx7 \
  -ABANK0=060h-0FFh -ABANK1=0100h-01FFh -ABANK2=0200h-02FFh \
  -ABANK3=0300h-03FFh -ABANK4=0400h-04FFh -ABANK5=0500h-05FFh \
  -ABANK6=0600h-06FFh -ABANK7=0700h-07FFh -ASFR=0F53h-0F5Fh,0F60h-0FFFh \
  -ABIGSFR=0F53h-0FFFh -ACONFIG=0300000h-030000Dh -AIDLOC=0200000h-0200007h \
  -AEEDATA=0F00000h-0F000FFh -peeprom_data=EEDATA \
  -preset_vec=00h,intcode=08h,intcodelo,powerup,init -pramtop=0800h \
  -psmallconst=SMALLCONST -pmediumconst=MEDIUMCONST -pconst=CONST \
  -AFARRAM=00h-00h \
  -prdata=COMRAM,nvrram=COMRAM,nvbit=COMRAM,rbss=COMRAM,rbit=COMRAM \
  -pfarbss=FARRAM,fardata=FARRAM,nvFARRAM=FARRAM \
  -pintsave_regs=BIGRAM,bigbss=BIGRAM,bigdata=BIGRAM -pbss=RAM \
  -pidata=CODE,irdata=CODE,ibigdata=CODE,ifardata=CODE -prparam=COMRAM \
  C:\Users\Alumnos\AppData\Local\Temp\xcAs9fg.o \
  dist/default/production\EL256_EL51_2_Sem10_K50_adcpwm.X.production.o 

Object code version is 3.11

Machine type is 18F45K50



                Name                               Link     Load   Length Selector   Space Scale
C:\Users\Alumnos\AppData\Local\Temp\xcAs9fg.o
                idloc                            200000   200000        8        0       5
                config                           300000   300000        E        0       4
                init                                 80       80        4        4       0
                reset_vec                             0        0        4        0       0
dist/default/production\EL256_EL51_2_Sem10_K50_adcpwm.X.production.o
                intcode                               8        8       78        4       0
                idloc                            200000   200000        8        0       5
                config                           300000   300000        E        0       4
                temp                                 17       17        1        1       1
                smallconst                          800      800       10      400       0
                text18                              B94      B94       40      408       0
                text17                              810      810       C4      408       0
                text16                              8D4      8D4       B0      408       0
                text15                              A9E      A9E       5A      408       0
                text14                              D44      D44       1C      408       0
                text13                              A2C      A2C       72      408       0
                text12                              CB0      CB0       34      408       0
                text11                              D92      D92        8      408       0
                text10                              D8A      D8A        8      408       0
                text9                               D14      D14       30      408       0
                text8                               AF8      AF8       52      408       0
                text7                               CE4      CE4       30      408       0
                text6                               C7C      C7C       34      408       0
                text5                               C0E      C0E       3A      408       0
                text4                               B4A      B4A       4A      408       0
                text3                               BD4      BD4       3A      408       0
                text2                               D60      D60       18      408       0
                text1                               D78      D78       12      408       0
                text0                               984      984       A8      408       0
                cstackCOMRAM                          1        1        F        1       1
                dataCOMRAM                           15       15        2        1       1
                bssCOMRAM                            10       10        5        1       1
                cinit                               C48      C48       34      408       0
                idataCOMRAM                         D9A      D9A        2      408       0

TOTAL           Name                               Link     Load   Length     Space
        CLASS   CODE           
                intcode                               8        8       78         0
                init                                 80       80        4         0
                reset_vec                             0        0        4         0
                text18                              B94      B94       40         0
                text17                              810      810       C4         0
                text16                              8D4      8D4       B0         0
                text15                              A9E      A9E       5A         0
                text14                              D44      D44       1C         0
                text13                              A2C      A2C       72         0
                text12                              CB0      CB0       34         0
                text11                              D92      D92        8         0
                text10                              D8A      D8A        8         0
                text9                               D14      D14       30         0
                text8                               AF8      AF8       52         0
                text7                               CE4      CE4       30         0
                text6                               C7C      C7C       34         0
                text5                               C0E      C0E       3A         0
                text4                               B4A      B4A       4A         0
                text3                               BD4      BD4       3A         0
                text2                               D60      D60       18         0
                text1                               D78      D78       12         0
                text0                               984      984       A8         0
                cinit                               C48      C48       34         0
                idataCOMRAM                         D9A      D9A        2         0

        CLASS   CONST          

        CLASS   SMALLCONST     
                smallconst                          800      800       10         0

        CLASS   MEDIUMCONST    

        CLASS   COMRAM         
                temp                                 17       17        1         1
                cstackCOMRAM                          1        1        F         1
                dataCOMRAM                           15       15        2         1
                bssCOMRAM                            10       10        5         1

        CLASS   ABS1           

        CLASS   BIGRAM         

        CLASS   RAM            

        CLASS   BANK0          

        CLASS   BANK1          

        CLASS   BANK2          

        CLASS   BANK3          

        CLASS   BANK4          

        CLASS   BANK5          

        CLASS   BANK6          

        CLASS   BANK7          

        CLASS   SFR            

        CLASS   BIGSFR         

        CLASS   CONFIG         
                config                           300000   300000        E         4

        CLASS   IDLOC          
                idloc                            200000   200000        8         5

        CLASS   EEDATA         

        CLASS   FARRAM         

        CLASS   HEAP           

        CLASS   STACK          



SEGMENTS        Name                           Load    Length   Top    Selector   Space  Class

                reset_vec                      000000  000004  000004         0       0  CODE    
                cstackCOMRAM                   000001  000017  000018         1       1  COMRAM  
                intcode                        000008  00007C  000084         4       0  CODE    
                smallconst                     000800  000010  000810       400       0  SMALLCON
                text17                         000810  00058C  000D9C       408       0  CODE    


UNUSED ADDRESS RANGES

        Name                Unused          Largest block    Delta
        BANK0            000060-0000FF               A0
        BANK1            000100-0001FF              100
        BANK2            000200-0002FF              100
        BANK3            000300-0003FF              100
        BANK4            000400-0004FF              100
        BANK5            000500-0005FF              100
        BANK6            000600-0006FF              100
        BANK7            000700-0007FF              100
        BIGRAM           000018-0007FF              7E8
        BIGSFR           000F53-000FFF               AD
        CODE             000004-000007                4
                         000084-0007FF              77C
                         000D9C-007FFF             7264
        COMRAM           000018-00005F               48
        CONST            000004-000007                4
                         000084-0007FF              77C
                         000D9C-007FFF             7264
        EEDATA           F00000-F000FF              100
        MEDIUMCONST      000D9C-007FFF             7264
        RAM              000060-0007FF              100
        SFR              000F53-000FFF                D
        SMALLCONST       000D9C-007FFF              100

                                  Symbol Table

?___awdiv                 cstackCOMRAM 000007
?___awmod                 cstackCOMRAM 000001
?_strlen                  cstackCOMRAM 000001
CURSOR_ONOFF@estado       cstackCOMRAM 000004
ENVIA_CHAR@aux            cstackCOMRAM 000003
ENVIA_CHAR@dato           cstackCOMRAM 000002
ENVIA_LCD_CMD@aux         cstackCOMRAM 000003
ENVIA_LCD_CMD@dato        cstackCOMRAM 000002
ENVIA_NIBBLE@dato         cstackCOMRAM 000001
ESCRIBE_MENSAJE2@cadena   cstackCOMRAM 000005
ESCRIBE_MENSAJE2@i        cstackCOMRAM 00000A
ESCRIBE_MENSAJE2@tam      cstackCOMRAM 000009
LEER_LCD@aux              cstackCOMRAM 000001
POS_CURSOR@columna        cstackCOMRAM 000004
POS_CURSOR@fila           cstackCOMRAM 000005
_ADCON0                   (abs)        000FC2
_ADCON0bits               (abs)        000FC2
_ADCON1                   (abs)        000FC1
_ADCON2                   (abs)        000FC0
_ADRESH                   (abs)        000FC4
_ANSELAbits               (abs)        000F5B
_ANSELD                   (abs)        000F5E
_BORRAR_LCD               text11       000D92
_CCP1CON                  (abs)        000FBD
_CCP1_ISR                 intcode      000008
_CCP2CON                  (abs)        000F97
_CCPR1H                   (abs)        000FBF
_CCPR1L                   (abs)        000FBE
_CCPR2L                   (abs)        000F90
_CURSOR_HOME              text10       000D8A
_CURSOR_ONOFF             text9        000D14
_ENVIA_CHAR               text6        000C7C
_ENVIA_LCD_CMD            text12       000CB0
_ENVIA_NIBBLE             text14       000D44
_ESCRIBE_MENSAJE2         text4        000B4A
_INTCONbits               (abs)        000FF2
_LATD                     (abs)        000F8C
_LATDbits                 (abs)        000F8C
_LCD_CONFIG               text8        000AF8
_LEER_LCD                 text13       000A2C
_PIE1bits                 (abs)        000F9D
_PIR1bits                 (abs)        000F9E
_PORTD                    (abs)        000F83
_POS_CURSOR               text3        000BD4
_PR2                      (abs)        000FBB
_T1CON                    (abs)        000FCD
_T2CON                    (abs)        000FBA
_TRISAbits                (abs)        000F92
_TRISCbits                (abs)        000F94
_TRISD                    (abs)        000F95
__HRAM                    (abs)        000000
__Habs1                   abs1         000000
__Hbank0                  bank0        000000
__Hbank1                  bank1        000000
__Hbank2                  bank2        000000
__Hbank3                  bank3        000000
__Hbank4                  bank4        000000
__Hbank5                  bank5        000000
__Hbank6                  bank6        000000
__Hbank7                  bank7        000000
__Hbigbss                 bigbss       000000
__Hbigdata                bigdata      000000
__Hbigram                 bigram       000000
__Hbigsfr                 bigsfr       000000
__Hbss                    bss          000000
__HbssCOMRAM              bssCOMRAM    000000
__Hcinit                  cinit        000000
__Hclrtext                clrtext      000000
__Hcomram                 comram       000000
__Hconfig                 config       30000E
__Hconst                  const        000000
__HcstackCOMRAM           cstackCOMRAM 000000
__Hdata                   data         000000
__HdataCOMRAM             dataCOMRAM   000000
__Heeprom_data            eeprom_data  000000
__Hfarbss                 farbss       000000
__Hfardata                fardata      000000
__Hheap                   heap         000000
__Hibigdata               ibigdata     000000
__Hidata                  idata        000000
__HidataCOMRAM            idataCOMRAM  000000
__Hidloc                  idloc        200008
__Hifardata               ifardata     000000
__Hinit                   init         000084
__Hintcode                intcode      000080
__Hintcode_body           intcode_body 000000
__Hintcodelo              intcodelo    000080
__Hintentry               intentry     000000
__Hintret                 intret       000000
__Hintsave_regs           intsave_regs 000000
__Hirdata                 irdata       000000
__Hmediumconst            mediumconst  000000
__HnvFARRAM               nvFARRAM     000000
__Hnvbit                  nvbit        000000
__Hnvrram                 nvrram       000000
__Hparam                  rparam       000000
__Hpowerup                powerup      000080
__Hram                    ram          000000
__Hramtop                 ramtop       000800
__Hrbit                   rbit         000000
__Hrbss                   rbss         000000
__Hrdata                  rdata        000000
__Hreset_vec              reset_vec    000004
__Hrparam                 rparam       000000
__Hsfr                    sfr          000000
__Hsmallconst             smallconst   000810
__Hspace_0                (abs)        000D9C
__Hspace_1                (abs)        000018
__Hspace_2                (abs)        000000
__Hspace_4                (abs)        60000E
__Hstack                  stack        000000
__Hstruct                 struct       000000
__Htemp                   temp         000018
__Htext                   text         000000
__Htext0                  text0        000000
__Htext1                  text1        000000
__Htext10                 text10       000000
__Htext11                 text11       000000
__Htext12                 text12       000000
__Htext13                 text13       000000
__Htext14                 text14       000000
__Htext15                 text15       000000
__Htext16                 text16       000000
__Htext17                 text17       000000
__Htext18                 text18       000000
__Htext2                  text2        000000
__Htext3                  text3        000000
__Htext4                  text4        000000
__Htext5                  text5        000000
__Htext6                  text6        000000
__Htext7                  text7        000000
__Htext8                  text8        000000
__Htext9                  text9        000000
__LRAM                    (abs)        000001
__Labs1                   abs1         000000
__Lbank0                  bank0        000000
__Lbank1                  bank1        000000
__Lbank2                  bank2        000000
__Lbank3                  bank3        000000
__Lbank4                  bank4        000000
__Lbank5                  bank5        000000
__Lbank6                  bank6        000000
__Lbank7                  bank7        000000
__Lbigbss                 bigbss       000000
__Lbigdata                bigdata      000000
__Lbigram                 bigram       000000
__Lbigsfr                 bigsfr       000000
__Lbss                    bss          000000
__LbssCOMRAM              bssCOMRAM    000000
__Lcinit                  cinit        000000
__Lclrtext                clrtext      000000
__Lcomram                 comram       000000
__Lconfig                 config       000000
__Lconst                  const        000000
__LcstackCOMRAM           cstackCOMRAM 000000
__Ldata                   data         000000
__LdataCOMRAM             dataCOMRAM   000000
__Leeprom_data            eeprom_data  000000
__Lfarbss                 farbss       000000
__Lfardata                fardata      000000
__Lheap                   heap         000000
__Libigdata               ibigdata     000000
__Lidata                  idata        000000
__LidataCOMRAM            idataCOMRAM  000000
__Lidloc                  idloc        000000
__Lifardata               ifardata     000000
__Linit                   init         000080
__Lintcode                intcode      000008
__Lintcode_body           intcode_body 000000
__Lintcodelo              intcodelo    000080
__Lintentry               intentry     000000
__Lintret                 intret       000000
__Lintsave_regs           intsave_regs 000000
__Lirdata                 irdata       000000
__Lmediumconst            mediumconst  000000
__LnvFARRAM               nvFARRAM     000000
__Lnvbit                  nvbit        000000
__Lnvrram                 nvrram       000000
__Lparam                  rparam       000000
__Lpowerup                powerup      000080
__Lram                    ram          000000
__Lramtop                 ramtop       000800
__Lrbit                   rbit         000000
__Lrbss                   rbss         000000
__Lrdata                  rdata        000000
__Lreset_vec              reset_vec    000000
__Lrparam                 rparam       000000
__Lsfr                    sfr          000000
__Lsmallconst             smallconst   000800
__Lspace_0                (abs)        000000
__Lspace_1                (abs)        000000
__Lspace_2                (abs)        000000
__Lspace_4                (abs)        000000
__Lstack                  stack        000000
__Lstruct                 struct       000000
__Ltemp                   temp         000017
__Ltext                   text         000000
__Ltext0                  text0        000000
__Ltext1                  text1        000000
__Ltext10                 text10       000000
__Ltext11                 text11       000000
__Ltext12                 text12       000000
__Ltext13                 text13       000000
__Ltext14                 text14       000000
__Ltext15                 text15       000000
__Ltext16                 text16       000000
__Ltext17                 text17       000000
__Ltext18                 text18       000000
__Ltext2                  text2        000000
__Ltext3                  text3        000000
__Ltext4                  text4        000000
__Ltext5                  text5        000000
__Ltext6                  text6        000000
__Ltext7                  text7        000000
__Ltext8                  text8        000000
__Ltext9                  text9        000000
__S0                      (abs)        000D9C
__S1                      (abs)        000018
__S4                      (abs)        000000
__S5                      (abs)        000000
___awdiv                  text17       000810
___awdiv@counter          cstackCOMRAM 00000B
___awdiv@dividend         cstackCOMRAM 000007
___awdiv@divisor          cstackCOMRAM 000009
___awdiv@quotient         cstackCOMRAM 00000D
___awdiv@sign             cstackCOMRAM 00000C
___awmod                  text16       0008D4
___awmod@counter          cstackCOMRAM 000005
___awmod@dividend         cstackCOMRAM 000001
___awmod@divisor          cstackCOMRAM 000003
___awmod@sign             cstackCOMRAM 000006
___heap_hi                (abs)        000000
___heap_lo                (abs)        000000
___inthi_sp               stack        000000
___intlo_sp               stack        000000
___param_bank             (abs)        000000
___rparam_used            (abs)        000001
___sp                     stack        000000
__accesstop               (abs)        000060
__activetblptr            (abs)        000001
__end_of_BORRAR_LCD       text11       000D9A
__end_of_CCP1_ISR         intcode      000080
__end_of_CURSOR_HOME      text10       000D92
__end_of_CURSOR_ONOFF     text9        000D44
__end_of_ENVIA_CHAR       text6        000CB0
__end_of_ENVIA_LCD_CMD    text12       000CE4
__end_of_ENVIA_NIBBLE     text14       000D60
__end_of_ESCRIBE_MENSAJE2 text4        000B94
__end_of_LCD_CONFIG       text8        000B4A
__end_of_LEER_LCD         text13       000A9E
__end_of_POS_CURSOR       text3        000C0E
__end_of___awdiv          text17       0008D4
__end_of___awmod          text16       000984
__end_of__initialization  cinit        000C6A
__end_of_configuro        text18       000BD4
__end_of_convierte        text15       000AF8
__end_of_lcd_config       text7        000D14
__end_of_main             text0        000A2C
__end_of_splash_screen    text2        000D78
__end_of_strlen           text5        000C48
__end_of_tomamuestra_ADC  text1        000D8A
__initialization          cinit        000C48
__mediumconst             mediumconst  000000
__pbssCOMRAM              bssCOMRAM    000010
__pcinit                  cinit        000C48
__pcstackCOMRAM           cstackCOMRAM 000001
__pdataCOMRAM             dataCOMRAM   000015
__pidataCOMRAM            idataCOMRAM  000D9A
__pintcode                intcode      000008
__psmallconst             smallconst   000800
__ptext0                  text0        000984
__ptext1                  text1        000D78
__ptext10                 text10       000D8A
__ptext11                 text11       000D92
__ptext12                 text12       000CB0
__ptext13                 text13       000A2C
__ptext14                 text14       000D44
__ptext15                 text15       000A9E
__ptext16                 text16       0008D4
__ptext17                 text17       000810
__ptext18                 text18       000B94
__ptext2                  text2        000D60
__ptext3                  text3        000BD4
__ptext4                  text4        000B4A
__ptext5                  text5        000C0E
__ptext6                  text6        000C7C
__ptext7                  text7        000CE4
__ptext8                  text8        000AF8
__ptext9                  text9        000D14
__ramtop                  ramtop       000800
__smallconst              smallconst   000800
_centenas                 bssCOMRAM    000014
_configuro                text18       000B94
_convierte                text15       000A9E
_decenas                  bssCOMRAM    000013
_horas                    dataCOMRAM   000016
_lcd_config               text7        000CE4
_main                     text0        000984
_minutos                  dataCOMRAM   000015
_segundos                 bssCOMRAM    000011
_splash_screen            text2        000D60
_strlen                   text5        000C0E
_ticks                    bssCOMRAM    000010
_tomamuestra_ADC          text1        000D78
_unidades                 bssCOMRAM    000012
btemp                     temp         000017
convierte@numero          cstackCOMRAM 00000F
end_of_initialization     cinit        000C6A
int$flags                 temp         000017
intlevel0                 text         000000
intlevel1                 text         000000
intlevel2                 text         000000
intlevel3                 text         000000
isa$std                   (abs)        000001
isa$xinst                 (abs)        000000
stackhi                   (abs)        000000
stacklo                   (abs)        000000
start                     init         000080
start_initialization      cinit        000C48
strlen@a                  cstackCOMRAM 000003
strlen@s                  cstackCOMRAM 000001
ttemp5                    temp         000018
ttemp6                    temp         00001B
ttemp7                    temp         00001F
wtemp8                    temp         000018


MODULE INFORMATION

Module		Function		Class		Link	Load	Size
C:\Program Files\Microchip\xc8\v2.36\pic\sources\c99\common\awmod.c
		___awmod       		CODE           	08D4	0000	176

C:\Program Files\Microchip\xc8\v2.36\pic\sources\c99\common\awmod.c estimated size: 176

C:\Program Files\Microchip\xc8\v2.36\pic\sources\c99\common\strlen.c
		_strlen        		CODE           	0C0E	0000	58

C:\Program Files\Microchip\xc8\v2.36\pic\sources\c99\common\strlen.c estimated size: 58

maincode2.c
		_configuro     		CODE           	0B94	0000	64
		_main          		CODE           	0984	0000	168
		_CCP1_ISR      		CODE           	0008	0000	120
		_tomamuestra_ADC		CODE           	0D78	0000	18
		_convierte     		CODE           	0A9E	0000	90
		_lcd_config    		CODE           	0CE4	0000	48
		_splash_screen 		CODE           	0D60	0000	24

maincode2.c estimated size: 532

C:\Program Files\Microchip\xc8\v2.36\pic\sources\c99\common\awdiv.c
		___awdiv       		CODE           	0810	0000	196

C:\Program Files\Microchip\xc8\v2.36\pic\sources\c99\common\awdiv.c estimated size: 196

shared
		__initialization		CODE           	0C48	0000	34

shared estimated size: 34

LCD.c
		_ENVIA_NIBBLE  		CODE           	0D44	0000	28
		_ENVIA_CHAR    		CODE           	0C7C	0000	52
		_CURSOR_HOME   		CODE           	0D8A	0000	8
		_CURSOR_ONOFF  		CODE           	0D14	0000	48
		_POS_CURSOR    		CODE           	0BD4	0000	58
		_ENVIA_LCD_CMD 		CODE           	0CB0	0000	52
		_LCD_CONFIG    		CODE           	0AF8	0000	82
		_BORRAR_LCD    		CODE           	0D92	0000	8
		_ESCRIBE_MENSAJE2		CODE           	0B4A	0000	74
		_LEER_LCD      		CODE           	0A2C	0000	114

LCD.c estimated size: 524

