Microchip MPLAB XC8 Compiler V2.36

Linker command line:

-W-3 --edf=C:\Program Files\Microchip\xc8\v2.36\pic\dat\en_msgs.txt -cn \
  -h+dist/default/production\EL256_el53_1_sem13_k50_serial.X.production.sym \
  --cmf=dist/default/production\EL256_el53_1_sem13_k50_serial.X.production.cmf \
  -z -Q18F45K50 -oC:\Users\Alumnos\AppData\Local\Temp\xcAsdi8.4 \
  --defsym=__MPLAB_BUILD=1 \
  -Mdist/default/production/EL256_el53_1_sem13_k50_serial.X.production.map \
  --md=C:\Users\Alumnos\AppData\Local\Temp\xcAsdi8.dat -E1 \
  -ver=XC8 Compiler --acfsm=1493 -ACODE=00h-07FFFh -ACONST=00h-07FFFh \
  -ASMALLCONST=0800h-08FFhx120 -AMEDIUMCONST=0800h-07FFFh -ACOMRAM=01h-05Fh \
  -AABS1=00h-07FFh -ABIGRAM=01h-07FFh -ARAM=060h-0FFh,0100h-01FFhx7 \
  -ABANK0=060h-0FFh -ABANK1=0100h-01FFh -ABANK2=0200h-02FFh \
  -ABANK3=0300h-03FFh -ABANK4=0400h-04FFh -ABANK5=0500h-05FFh \
  -ABANK6=0600h-06FFh -ABANK7=0700h-07FFh -ASFR=0F53h-0F5Fh,0F60h-0FFFh \
  -ABIGSFR=0F53h-0FFFh -ACONFIG=0300000h-030000Dh -AIDLOC=0200000h-0200007h \
  -AEEDATA=0F00000h-0F000FFh -peeprom_data=EEDATA \
  -preset_vec=00h,intcode=08h,intcodelo=018h,powerup,init -pramtop=0800h \
  -psmallconst=SMALLCONST -pmediumconst=MEDIUMCONST -pconst=CONST \
  -AFARRAM=00h-00h \
  -prdata=COMRAM,nvrram=COMRAM,nvbit=COMRAM,rbss=COMRAM,rbit=COMRAM \
  -pfarbss=FARRAM,fardata=FARRAM,nvFARRAM=FARRAM \
  -pintsave_regs=BIGRAM,bigbss=BIGRAM,bigdata=BIGRAM -pbss=RAM \
  -pidata=CODE,irdata=CODE,ibigdata=CODE,ifardata=CODE -prparam=COMRAM \
  C:\Users\Alumnos\AppData\Local\Temp\xcAsdi8.o \
  dist/default/production\EL256_el53_1_sem13_k50_serial.X.production.o 

Object code version is 3.11

Machine type is 18F45K50



                Name                               Link     Load   Length Selector   Space Scale
C:\Users\Alumnos\AppData\Local\Temp\xcAsdi8.o
                idloc                            200000   200000        8        0       5
                config                           300000   300000        E        0       4
                init                                 68       68        4        C       0
                reset_vec                             0        0        4        0       0
dist/default/production\EL256_el53_1_sem13_k50_serial.X.production.o
                intcodelo                            18       18       50        C       0
                intcode                               8        8        6        4       0
                idloc                            200000   200000        8        0       5
                config                           300000   300000        E        0       4
                temp                                 2C       2C        1        1       1
                mediumconst                        7EF0     7EF0      110     3F78       0
                text15                              434      434       26        C       0
                text14                              4A2      4A2       16        C       0
                text13                              3AE      3AE       3A        C       0
                text12                              2F0      2F0       4A        C       0
                intcode_body                         6C       6C      19C        C       0
                text10                              40E      40E       26        C       0
                text9                               48C      48C       16        C       0
                text8                               374      374       3A        C       0
                text7                               2A6      2A6       4A        C       0
                text5                               3E8      3E8       26        C       0
                text4                               476      476       16        C       0
                text3                               33A      33A       3A        C       0
                text2                               25C      25C       4A        C       0
                text1                               208      208       54        C       0
                text0                               45A      45A       1C        C       0
                cstackCOMRAM                          1        1       2B        1       1
                cinit                               4B8      4B8        E        C       0

TOTAL           Name                               Link     Load   Length     Space
        CLASS   CODE           
                intcodelo                            18       18       50         0
                intcode                               8        8        6         0
                init                                 68       68        4         0
                reset_vec                             0        0        4         0
                text15                              434      434       26         0
                text14                              4A2      4A2       16         0
                text13                              3AE      3AE       3A         0
                text12                              2F0      2F0       4A         0
                intcode_body                         6C       6C      19C         0
                text10                              40E      40E       26         0
                text9                               48C      48C       16         0
                text8                               374      374       3A         0
                text7                               2A6      2A6       4A         0
                text5                               3E8      3E8       26         0
                text4                               476      476       16         0
                text3                               33A      33A       3A         0
                text2                               25C      25C       4A         0
                text1                               208      208       54         0
                text0                               45A      45A       1C         0
                cinit                               4B8      4B8        E         0

        CLASS   CONST          

        CLASS   SMALLCONST     

        CLASS   MEDIUMCONST    
                mediumconst                        7EF0     7EF0      110         0

        CLASS   COMRAM         
                temp                                 2C       2C        1         1
                cstackCOMRAM                          1        1       2B         1

        CLASS   ABS1           

        CLASS   BIGRAM         

        CLASS   RAM            

        CLASS   BANK0          

        CLASS   BANK1          

        CLASS   BANK2          

        CLASS   BANK3          

        CLASS   BANK4          

        CLASS   BANK5          

        CLASS   BANK6          

        CLASS   BANK7          

        CLASS   SFR            

        CLASS   BIGSFR         

        CLASS   CONFIG         
                config                           300000   300000        E         4

        CLASS   IDLOC          
                idloc                            200000   200000        8         5

        CLASS   EEDATA         

        CLASS   FARRAM         

        CLASS   HEAP           

        CLASS   STACK          



SEGMENTS        Name                           Load    Length   Top    Selector   Space  Class

                reset_vec                      000000  000004  000004         0       0  CODE    
                cstackCOMRAM                   000001  00002C  00002D         1       1  COMRAM  
                intcode                        000008  000006  00000E         4       0  CODE    
                intcodelo                      000018  0004AE  0004C6         C       0  CODE    
                mediumconst                    007EF0  000110  008000      3F78       0  MEDIUMCO


UNUSED ADDRESS RANGES

        Name                Unused          Largest block    Delta
        BANK0            000060-0000FF               A0
        BANK1            000100-0001FF              100
        BANK2            000200-0002FF              100
        BANK3            000300-0003FF              100
        BANK4            000400-0004FF              100
        BANK5            000500-0005FF              100
        BANK6            000600-0006FF              100
        BANK7            000700-0007FF              100
        BIGRAM           00002D-0007FF              7D3
        BIGSFR           000F53-000FFF               AD
        CODE             000004-000007                4
                         00000E-000017                A
                         0004C6-007EEF             7A2A
        COMRAM           00002D-00005F               33
        CONST            000004-000007                4
                         00000E-000017                A
                         0004C6-007EEF             7A2A
        EEDATA           F00000-F000FF              100
        MEDIUMCONST      000800-007EEF             76F0
        RAM              000060-0007FF              100
        SFR              000F53-000FFF                D
        SMALLCONST       000800-007EEF              100

                                  Symbol Table

?_strlen                     cstackCOMRAM 000022
?i1_strlen                   cstackCOMRAM 000011
?i2_strlen                   cstackCOMRAM 000001
EUSART_ByteSend@dato         cstackCOMRAM 000022
EUSART_StringSend@cadenasa   cstackCOMRAM 000026
EUSART_StringSend@tam        cstackCOMRAM 00002A
EUSART_StringSend@x          cstackCOMRAM 00002B
_ANSELAbits                  (abs)        000F5B
_ANSELB                      (abs)        000F5C
_ANSELCbits                  (abs)        000F5D
_ANSELD                      (abs)        000F5E
_ANSELE                      (abs)        000F5F
_EUSART_ByteSend             text4        000476
_EUSART_NewLine              text5        0003E8
_EUSART_StringSend           text2        00025C
_INT0_ISR                    intcode      000008
_INT1_ISR                    intcodelo    000018
_INTCON2bits                 (abs)        000FF1
_INTCON3bits                 (abs)        000FF0
_INTCONbits                  (abs)        000FF2
_LATAbits                    (abs)        000F89
_LATBbits                    (abs)        000F8A
_OSCCON                      (abs)        000FD3
_PIE1bits                    (abs)        000F9D
_PIR1bits                    (abs)        000F9E
_RCONbits                    (abs)        000FD0
_RCREG1                      (abs)        000FAE
_RCSTAbits                   (abs)        000FAB
_SPBRG1                      (abs)        000FAF
_SPBRGH1                     (abs)        000FB0
_TRISAbits                   (abs)        000F92
_TRISB                       (abs)        000F93
_TRISCbits                   (abs)        000F94
_TRISD                       (abs)        000F95
_TRISE                       (abs)        000F96
_TXREG1                      (abs)        000FAD
_TXSTAbits                   (abs)        000FAC
_WPUB                        (abs)        000F85
__HRAM                       (abs)        000000
__Habs1                      abs1         000000
__Hbank0                     bank0        000000
__Hbank1                     bank1        000000
__Hbank2                     bank2        000000
__Hbank3                     bank3        000000
__Hbank4                     bank4        000000
__Hbank5                     bank5        000000
__Hbank6                     bank6        000000
__Hbank7                     bank7        000000
__Hbigbss                    bigbss       000000
__Hbigdata                   bigdata      000000
__Hbigram                    bigram       000000
__Hbigsfr                    bigsfr       000000
__Hbss                       bss          000000
__Hcinit                     cinit        000000
__Hclrtext                   clrtext      000000
__Hcomram                    comram       000000
__Hconfig                    config       30000E
__Hconst                     const        000000
__HcstackCOMRAM              cstackCOMRAM 000000
__Hdata                      data         000000
__Heeprom_data               eeprom_data  000000
__Hfarbss                    farbss       000000
__Hfardata                   fardata      000000
__Hheap                      heap         000000
__Hibigdata                  ibigdata     000000
__Hidata                     idata        000000
__Hidloc                     idloc        200008
__Hifardata                  ifardata     000000
__Hinit                      init         00006C
__Hintcode                   intcode      00000E
__Hintcode_body              intcode_body 000000
__Hintcodelo                 intcodelo    000068
__Hintentry                  intentry     000000
__Hintret                    intret       000000
__Hintsave_regs              intsave_regs 000000
__Hirdata                    irdata       000000
__Hmediumconst               mediumconst  008000
__HnvFARRAM                  nvFARRAM     000000
__Hnvbit                     nvbit        000000
__Hnvrram                    nvrram       000000
__Hparam                     rparam       000000
__Hpowerup                   powerup      000068
__Hram                       ram          000000
__Hramtop                    ramtop       000800
__Hrbit                      rbit         000000
__Hrbss                      rbss         000000
__Hrdata                     rdata        000000
__Hreset_vec                 reset_vec    000004
__Hrparam                    rparam       000000
__Hsfr                       sfr          000000
__Hsmallconst                smallconst   000000
__Hspace_0                   (abs)        008000
__Hspace_1                   (abs)        00002D
__Hspace_2                   (abs)        000000
__Hspace_4                   (abs)        60000E
__Hstack                     stack        000000
__Hstruct                    struct       000000
__Htemp                      temp         00002D
__Htext                      text         000000
__Htext0                     text0        000000
__Htext1                     text1        000000
__Htext10                    text10       000000
__Htext12                    text12       000000
__Htext13                    text13       000000
__Htext14                    text14       000000
__Htext15                    text15       000000
__Htext2                     text2        000000
__Htext3                     text3        000000
__Htext4                     text4        000000
__Htext5                     text5        000000
__Htext7                     text7        000000
__Htext8                     text8        000000
__Htext9                     text9        000000
__LRAM                       (abs)        000001
__Labs1                      abs1         000000
__Lbank0                     bank0        000000
__Lbank1                     bank1        000000
__Lbank2                     bank2        000000
__Lbank3                     bank3        000000
__Lbank4                     bank4        000000
__Lbank5                     bank5        000000
__Lbank6                     bank6        000000
__Lbank7                     bank7        000000
__Lbigbss                    bigbss       000000
__Lbigdata                   bigdata      000000
__Lbigram                    bigram       000000
__Lbigsfr                    bigsfr       000000
__Lbss                       bss          000000
__Lcinit                     cinit        000000
__Lclrtext                   clrtext      000000
__Lcomram                    comram       000000
__Lconfig                    config       000000
__Lconst                     const        000000
__LcstackCOMRAM              cstackCOMRAM 000000
__Ldata                      data         000000
__Leeprom_data               eeprom_data  000000
__Lfarbss                    farbss       000000
__Lfardata                   fardata      000000
__Lheap                      heap         000000
__Libigdata                  ibigdata     000000
__Lidata                     idata        000000
__Lidloc                     idloc        000000
__Lifardata                  ifardata     000000
__Linit                      init         000068
__Lintcode                   intcode      000008
__Lintcode_body              intcode_body 000000
__Lintcodelo                 intcodelo    000018
__Lintentry                  intentry     000000
__Lintret                    intret       000000
__Lintsave_regs              intsave_regs 000000
__Lirdata                    irdata       000000
__Lmediumconst               mediumconst  007EF0
__LnvFARRAM                  nvFARRAM     000000
__Lnvbit                     nvbit        000000
__Lnvrram                    nvrram       000000
__Lparam                     rparam       000000
__Lpowerup                   powerup      000068
__Lram                       ram          000000
__Lramtop                    ramtop       000800
__Lrbit                      rbit         000000
__Lrbss                      rbss         000000
__Lrdata                     rdata        000000
__Lreset_vec                 reset_vec    000000
__Lrparam                    rparam       000000
__Lsfr                       sfr          000000
__Lsmallconst                smallconst   000000
__Lspace_0                   (abs)        000000
__Lspace_1                   (abs)        000000
__Lspace_2                   (abs)        000000
__Lspace_4                   (abs)        000000
__Lstack                     stack        000000
__Lstruct                    struct       000000
__Ltemp                      temp         00002C
__Ltext                      text         000000
__Ltext0                     text0        000000
__Ltext1                     text1        000000
__Ltext10                    text10       000000
__Ltext12                    text12       000000
__Ltext13                    text13       000000
__Ltext14                    text14       000000
__Ltext15                    text15       000000
__Ltext2                     text2        000000
__Ltext3                     text3        000000
__Ltext4                     text4        000000
__Ltext5                     text5        000000
__Ltext7                     text7        000000
__Ltext8                     text8        000000
__Ltext9                     text9        000000
__S0                         (abs)        008000
__S1                         (abs)        00002D
__S4                         (abs)        000000
__S5                         (abs)        000000
___heap_hi                   (abs)        000000
___heap_lo                   (abs)        000000
___inthi_sp                  stack        000000
___intlo_sp                  stack        000000
___param_bank                (abs)        000000
___rparam_used               (abs)        000001
___sp                        stack        000000
__accesstop                  (abs)        000060
__activetblptr               (abs)        000002
__end_of_EUSART_ByteSend     text4        00048C
__end_of_EUSART_NewLine      text5        00040E
__end_of_EUSART_StringSend   text2        0002A6
__end_of_INT0_ISR            intcode_body 000208
__end_of_INT1_ISR            intcodelo    000068
__end_of__initialization     cinit        0004B8
__end_of_configuro           text1        00025C
__end_of_main                text0        000476
__end_of_strlen              text3        000374
__end_ofi1_EUSART_ByteSend   text9        0004A2
__end_ofi1_EUSART_NewLine    text10       000434
__end_ofi1_EUSART_StringSend text7        0002F0
__end_ofi1_strlen            text8        0003AE
__end_ofi2_EUSART_ByteSend   text14       0004B8
__end_ofi2_EUSART_NewLine    text15       00045A
__end_ofi2_EUSART_StringSend text12       00033A
__end_ofi2_strlen            text13       0003E8
__initialization             cinit        0004B8
__mediumconst                mediumconst  007EF0
__pcinit                     cinit        0004B8
__pcstackCOMRAM              cstackCOMRAM 000001
__pintcode                   intcode      000008
__pintcode_body              intcode_body 00006C
__pintcodelo                 intcodelo    000018
__pmediumconst               mediumconst  007EF0
__ptext0                     text0        00045A
__ptext1                     text1        000208
__ptext10                    text10       00040E
__ptext12                    text12       0002F0
__ptext13                    text13       0003AE
__ptext14                    text14       0004A2
__ptext15                    text15       000434
__ptext2                     text2        00025C
__ptext3                     text3        00033A
__ptext4                     text4        000476
__ptext5                     text5        0003E8
__ptext7                     text7        0002A6
__ptext8                     text8        000374
__ptext9                     text9        00048C
__ramtop                     ramtop       000800
__smallconst                 smallconst   000000
_configuro                   text1        000208
_main                        text0        00045A
_strlen                      text3        00033A
btemp                        temp         00002C
end_of_initialization        cinit        0004B8
i1EUSART_ByteSend@dato       cstackCOMRAM 000011
i1EUSART_StringSend@cadenasa cstackCOMRAM 000015
i1EUSART_StringSend@tam      cstackCOMRAM 000019
i1EUSART_StringSend@x        cstackCOMRAM 00001A
i1_EUSART_ByteSend           text9        00048C
i1_EUSART_NewLine            text10       00040E
i1_EUSART_StringSend         text7        0002A6
i1_strlen                    text8        000374
i1strlen@a                   cstackCOMRAM 000013
i1strlen@s                   cstackCOMRAM 000011
i2EUSART_ByteSend@dato       cstackCOMRAM 000001
i2EUSART_StringSend@cadenasa cstackCOMRAM 000005
i2EUSART_StringSend@tam      cstackCOMRAM 000009
i2EUSART_StringSend@x        cstackCOMRAM 00000A
i2_EUSART_ByteSend           text14       0004A2
i2_EUSART_NewLine            text15       000434
i2_EUSART_StringSend         text12       0002F0
i2_strlen                    text13       0003AE
i2strlen@a                   cstackCOMRAM 000003
i2strlen@s                   cstackCOMRAM 000001
int$flags                    temp         00002C
int_func                     intcode_body 00006C
intlevel0                    text         000000
intlevel1                    text         000000
intlevel2                    text         000000
intlevel3                    text         000000
isa$std                      (abs)        000001
isa$xinst                    (abs)        000000
stackhi                      (abs)        000000
stacklo                      (abs)        000000
start                        init         000068
start_initialization         cinit        0004B8
strlen@a                     cstackCOMRAM 000024
strlen@s                     cstackCOMRAM 000022
ttemp5                       temp         00002D
ttemp6                       temp         000030
ttemp7                       temp         000034
wtemp8                       temp         00002D


MODULE INFORMATION

Module		Function		Class		Link	Load	Size
C:\Program Files\Microchip\xc8\v2.36\pic\sources\c99\common\strlen.c
		_strlen        		CODE           	033A	0000	58

C:\Program Files\Microchip\xc8\v2.36\pic\sources\c99\common\strlen.c estimated size: 58

shared
		i1_EUSART_NewLine		CODE           	040E	0000	38
		i2_EUSART_NewLine		CODE           	0434	0000	38
		i1_EUSART_ByteSend		CODE           	048C	0000	22
		i2_EUSART_ByteSend		CODE           	04A2	0000	22
		__initialization		CODE           	04B8	0000	1
		i1_EUSART_StringSend		CODE           	02A6	0000	74
		i2_EUSART_StringSend		CODE           	02F0	0000	74
		i1_strlen      		CODE           	0374	0000	58
		i2_strlen      		CODE           	03AE	0000	58

shared estimated size: 385

maincode.c
		_configuro     		CODE           	0208	0000	84
		_main          		CODE           	045A	0000	28
		_EUSART_StringSend		CODE           	025C	0000	74
		_EUSART_NewLine		CODE           	03E8	0000	38
		_EUSART_ByteSend		CODE           	0476	0000	22
		_INT0_ISR      		CODE           	0008	0000	418
		_INT1_ISR      		CODE           	0018	0000	80

maincode.c estimated size: 744

