Microchip MPLAB XC8 Compiler V2.36

Linker command line:

-W-3 --edf=C:\Program Files\Microchip\xc8\v2.36\pic\dat\en_msgs.txt -cn \
  -h+dist/default/production\EL256_EL52_1_Sem11_K50_temp2.X.production.sym \
  --cmf=dist/default/production\EL256_EL52_1_Sem11_K50_temp2.X.production.cmf \
  -z -Q18F45K50 -oC:\Users\Alumnos\AppData\Local\Temp\xcAsav4.4 \
  --defsym=__MPLAB_BUILD=1 \
  -Mdist/default/production/EL256_EL52_1_Sem11_K50_temp2.X.production.map \
  --md=C:\Users\Alumnos\AppData\Local\Temp\xcAsav4.dat -E1 \
  -ver=XC8 Compiler --acfsm=1493 -ACODE=00h-07FFFh -ACONST=00h-07FFFh \
  -ASMALLCONST=0800h-08FFhx120 -AMEDIUMCONST=0800h-07FFFh -ACOMRAM=01h-05Fh \
  -AABS1=00h-07FFh -ABIGRAM=01h-07FFh -ARAM=060h-0FFh,0100h-01FFhx7 \
  -ABANK0=060h-0FFh -ABANK1=0100h-01FFh -ABANK2=0200h-02FFh \
  -ABANK3=0300h-03FFh -ABANK4=0400h-04FFh -ABANK5=0500h-05FFh \
  -ABANK6=0600h-06FFh -ABANK7=0700h-07FFh -ASFR=0F53h-0F5Fh,0F60h-0FFFh \
  -ABIGSFR=0F53h-0FFFh -ACONFIG=0300000h-030000Dh -AIDLOC=0200000h-0200007h \
  -AEEDATA=0F00000h-0F000FFh -peeprom_data=EEDATA \
  -preset_vec=00h,intcode=08h,intcodelo,powerup,init -pramtop=0800h \
  -psmallconst=SMALLCONST -pmediumconst=MEDIUMCONST -pconst=CONST \
  -AFARRAM=00h-00h \
  -prdata=COMRAM,nvrram=COMRAM,nvbit=COMRAM,rbss=COMRAM,rbit=COMRAM \
  -pfarbss=FARRAM,fardata=FARRAM,nvFARRAM=FARRAM \
  -pintsave_regs=BIGRAM,bigbss=BIGRAM,bigdata=BIGRAM -pbss=RAM \
  -pidata=CODE,irdata=CODE,ibigdata=CODE,ifardata=CODE -prparam=COMRAM \
  C:\Users\Alumnos\AppData\Local\Temp\xcAsav4.o \
  dist/default/production\EL256_EL52_1_Sem11_K50_temp2.X.production.o 

Object code version is 3.11

Machine type is 18F45K50



                Name                               Link     Load   Length Selector   Space Scale
C:\Users\Alumnos\AppData\Local\Temp\xcAsav4.o
                idloc                            200000   200000        8        0       5
                config                           300000   300000        E        0       4
                init                                 BA       BA        4        4       0
                reset_vec                             0        0        4        0       0
dist/default/production\EL256_EL52_1_Sem11_K50_temp2.X.production.o
                intcode                               8        8       B2        4       0
                idloc                            200000   200000        8        0       5
                config                           300000   300000        E        0       4
                temp                                 19       19        1        1       1
                smallconst                          800      800       18      400       0
                text17                              CE6      CE6       1C      40C       0
                text16                              9CA      9CA       72      40C       0
                text15                              C2E      C2E       34      40C       0
                text14                              BC0      BC0       3A      40C       0
                text13                              B3C      B3C       4A      40C       0
                text12                              BFA      BFA       34      40C       0
                text11                              B86      B86       3A      40C       0
                text10                              D24      D24        8      40C       0
                text9                               D1C      D1C        8      40C       0
                text8                               C92      C92       30      40C       0
                text7                               AA0      AA0       52      40C       0
                text6                               C62      C62       30      40C       0
                text5                               AF2      AF2       4A      40C       0
                text4                               956      956       74      40C       0
                text3                               A3C      A3C       64      40C       0
                text2                               818      818       B6      40C       0
                text1                               CC2      CC2       24      40C       0
                text0                               8CE      8CE       88      40C       0
                cstackCOMRAM                          1        1       12        1       1
                bssCOMRAM                            13       13        6        1       1
                cinit                               D02      D02       1A      40C       0

TOTAL           Name                               Link     Load   Length     Space
        CLASS   CODE           
                intcode                               8        8       B2         0
                init                                 BA       BA        4         0
                reset_vec                             0        0        4         0
                text17                              CE6      CE6       1C         0
                text16                              9CA      9CA       72         0
                text15                              C2E      C2E       34         0
                text14                              BC0      BC0       3A         0
                text13                              B3C      B3C       4A         0
                text12                              BFA      BFA       34         0
                text11                              B86      B86       3A         0
                text10                              D24      D24        8         0
                text9                               D1C      D1C        8         0
                text8                               C92      C92       30         0
                text7                               AA0      AA0       52         0
                text6                               C62      C62       30         0
                text5                               AF2      AF2       4A         0
                text4                               956      956       74         0
                text3                               A3C      A3C       64         0
                text2                               818      818       B6         0
                text1                               CC2      CC2       24         0
                text0                               8CE      8CE       88         0
                cinit                               D02      D02       1A         0

        CLASS   CONST          

        CLASS   SMALLCONST     
                smallconst                          800      800       18         0

        CLASS   MEDIUMCONST    

        CLASS   COMRAM         
                temp                                 19       19        1         1
                cstackCOMRAM                          1        1       12         1
                bssCOMRAM                            13       13        6         1

        CLASS   ABS1           

        CLASS   BIGRAM         

        CLASS   RAM            

        CLASS   BANK0          

        CLASS   BANK1          

        CLASS   BANK2          

        CLASS   BANK3          

        CLASS   BANK4          

        CLASS   BANK5          

        CLASS   BANK6          

        CLASS   BANK7          

        CLASS   SFR            

        CLASS   BIGSFR         

        CLASS   CONFIG         
                config                           300000   300000        E         4

        CLASS   IDLOC          
                idloc                            200000   200000        8         5

        CLASS   EEDATA         

        CLASS   FARRAM         

        CLASS   HEAP           

        CLASS   STACK          



SEGMENTS        Name                           Load    Length   Top    Selector   Space  Class

                reset_vec                      000000  000004  000004         0       0  CODE    
                cstackCOMRAM                   000001  000019  00001A         1       1  COMRAM  
                intcode                        000008  0000B6  0000BE         4       0  CODE    
                smallconst                     000800  000018  000818       400       0  SMALLCON
                text2                          000818  000514  000D2C       40C       0  CODE    


UNUSED ADDRESS RANGES

        Name                Unused          Largest block    Delta
        BANK0            000060-0000FF               A0
        BANK1            000100-0001FF              100
        BANK2            000200-0002FF              100
        BANK3            000300-0003FF              100
        BANK4            000400-0004FF              100
        BANK5            000500-0005FF              100
        BANK6            000600-0006FF              100
        BANK7            000700-0007FF              100
        BIGRAM           00001A-0007FF              7E6
        BIGSFR           000F53-000FFF               AD
        CODE             000004-000007                4
                         0000BE-0007FF              742
                         000D2C-007FFF             72D4
        COMRAM           00001A-00005F               46
        CONST            000004-000007                4
                         0000BE-0007FF              742
                         000D2C-007FFF             72D4
        EEDATA           F00000-F000FF              100
        MEDIUMCONST      000D2C-007FFF             72D4
        RAM              000060-0007FF              100
        SFR              000F53-000FFF                D
        SMALLCONST       000D2C-007FFF              100

                                  Symbol Table

?___lwdiv                 cstackCOMRAM 000008
?___lwmod                 cstackCOMRAM 000003
?_strlen                  cstackCOMRAM 000003
?_tomamuestra_ADC         cstackCOMRAM 000003
CURSOR_ONOFF@estado       cstackCOMRAM 000006
ENVIA_CHAR@aux            cstackCOMRAM 000005
ENVIA_CHAR@dato           cstackCOMRAM 000004
ENVIA_LCD_CMD@aux         cstackCOMRAM 000005
ENVIA_LCD_CMD@dato        cstackCOMRAM 000004
ENVIA_NIBBLE@dato         cstackCOMRAM 000003
ESCRIBE_MENSAJE2@cadena   cstackCOMRAM 000007
ESCRIBE_MENSAJE2@i        cstackCOMRAM 00000C
ESCRIBE_MENSAJE2@tam      cstackCOMRAM 00000B
LEER_LCD@aux              cstackCOMRAM 000003
POS_CURSOR@columna        cstackCOMRAM 000006
POS_CURSOR@fila           cstackCOMRAM 000007
_ADCON0                   (abs)        000FC2
_ADCON0bits               (abs)        000FC2
_ADCON1                   (abs)        000FC1
_ADCON2                   (abs)        000FC0
_ADRESH                   (abs)        000FC4
_ADRESL                   (abs)        000FC3
_ANSELAbits               (abs)        000F5B
_ANSELBbits               (abs)        000F5C
_ANSELC                   (abs)        000F5D
_ANSELD                   (abs)        000F5E
_BORRAR_LCD               text10       000D24
_CCP1CON                  (abs)        000FBD
_CCPR1L                   (abs)        000FBE
_CURSOR_HOME              text9        000D1C
_CURSOR_ONOFF             text8        000C92
_ENVIA_CHAR               text15       000C2E
_ENVIA_LCD_CMD            text12       000BFA
_ENVIA_NIBBLE             text17       000CE6
_ESCRIBE_MENSAJE2         text13       000B3C
_INT0_ISR                 intcode      000008
_INTCON2bits              (abs)        000FF1
_INTCONbits               (abs)        000FF2
_LATD                     (abs)        000F8C
_LATDbits                 (abs)        000F8C
_LCD_CONFIG               text7        000AA0
_LCD_INIT                 text6        000C62
_LEER_LCD                 text16       0009CA
_OSCCON                   (abs)        000FD3
_PORTD                    (abs)        000F83
_POS_CURSOR               text11       000B86
_PR2                      (abs)        000FBB
_T2CON                    (abs)        000FBA
_TRISAbits                (abs)        000F92
_TRISBbits                (abs)        000F93
_TRISC                    (abs)        000F94
_TRISD                    (abs)        000F95
_WPUBbits                 (abs)        000F85
__HRAM                    (abs)        000000
__Habs1                   abs1         000000
__Hbank0                  bank0        000000
__Hbank1                  bank1        000000
__Hbank2                  bank2        000000
__Hbank3                  bank3        000000
__Hbank4                  bank4        000000
__Hbank5                  bank5        000000
__Hbank6                  bank6        000000
__Hbank7                  bank7        000000
__Hbigbss                 bigbss       000000
__Hbigdata                bigdata      000000
__Hbigram                 bigram       000000
__Hbigsfr                 bigsfr       000000
__Hbss                    bss          000000
__HbssCOMRAM              bssCOMRAM    000000
__Hcinit                  cinit        000000
__Hclrtext                clrtext      000000
__Hcomram                 comram       000000
__Hconfig                 config       30000E
__Hconst                  const        000000
__HcstackCOMRAM           cstackCOMRAM 000000
__Hdata                   data         000000
__Heeprom_data            eeprom_data  000000
__Hfarbss                 farbss       000000
__Hfardata                fardata      000000
__Hheap                   heap         000000
__Hibigdata               ibigdata     000000
__Hidata                  idata        000000
__Hidloc                  idloc        200008
__Hifardata               ifardata     000000
__Hinit                   init         0000BE
__Hintcode                intcode      0000BA
__Hintcode_body           intcode_body 000000
__Hintcodelo              intcodelo    0000BA
__Hintentry               intentry     000000
__Hintret                 intret       000000
__Hintsave_regs           intsave_regs 000000
__Hirdata                 irdata       000000
__Hmediumconst            mediumconst  000000
__HnvFARRAM               nvFARRAM     000000
__Hnvbit                  nvbit        000000
__Hnvrram                 nvrram       000000
__Hparam                  rparam       000000
__Hpowerup                powerup      0000BA
__Hram                    ram          000000
__Hramtop                 ramtop       000800
__Hrbit                   rbit         000000
__Hrbss                   rbss         000000
__Hrdata                  rdata        000000
__Hreset_vec              reset_vec    000004
__Hrparam                 rparam       000000
__Hsfr                    sfr          000000
__Hsmallconst             smallconst   000818
__Hspace_0                (abs)        000D2C
__Hspace_1                (abs)        00001A
__Hspace_2                (abs)        000000
__Hspace_4                (abs)        60000E
__Hstack                  stack        000000
__Hstruct                 struct       000000
__Htemp                   temp         00001A
__Htext                   text         000000
__Htext0                  text0        000000
__Htext1                  text1        000000
__Htext10                 text10       000000
__Htext11                 text11       000000
__Htext12                 text12       000000
__Htext13                 text13       000000
__Htext14                 text14       000000
__Htext15                 text15       000000
__Htext16                 text16       000000
__Htext17                 text17       000000
__Htext2                  text2        000000
__Htext3                  text3        000000
__Htext4                  text4        000000
__Htext5                  text5        000000
__Htext6                  text6        000000
__Htext7                  text7        000000
__Htext8                  text8        000000
__Htext9                  text9        000000
__LRAM                    (abs)        000001
__Labs1                   abs1         000000
__Lbank0                  bank0        000000
__Lbank1                  bank1        000000
__Lbank2                  bank2        000000
__Lbank3                  bank3        000000
__Lbank4                  bank4        000000
__Lbank5                  bank5        000000
__Lbank6                  bank6        000000
__Lbank7                  bank7        000000
__Lbigbss                 bigbss       000000
__Lbigdata                bigdata      000000
__Lbigram                 bigram       000000
__Lbigsfr                 bigsfr       000000
__Lbss                    bss          000000
__LbssCOMRAM              bssCOMRAM    000000
__Lcinit                  cinit        000000
__Lclrtext                clrtext      000000
__Lcomram                 comram       000000
__Lconfig                 config       000000
__Lconst                  const        000000
__LcstackCOMRAM           cstackCOMRAM 000000
__Ldata                   data         000000
__Leeprom_data            eeprom_data  000000
__Lfarbss                 farbss       000000
__Lfardata                fardata      000000
__Lheap                   heap         000000
__Libigdata               ibigdata     000000
__Lidata                  idata        000000
__Lidloc                  idloc        000000
__Lifardata               ifardata     000000
__Linit                   init         0000BA
__Lintcode                intcode      000008
__Lintcode_body           intcode_body 000000
__Lintcodelo              intcodelo    0000BA
__Lintentry               intentry     000000
__Lintret                 intret       000000
__Lintsave_regs           intsave_regs 000000
__Lirdata                 irdata       000000
__Lmediumconst            mediumconst  000000
__LnvFARRAM               nvFARRAM     000000
__Lnvbit                  nvbit        000000
__Lnvrram                 nvrram       000000
__Lparam                  rparam       000000
__Lpowerup                powerup      0000BA
__Lram                    ram          000000
__Lramtop                 ramtop       000800
__Lrbit                   rbit         000000
__Lrbss                   rbss         000000
__Lrdata                  rdata        000000
__Lreset_vec              reset_vec    000000
__Lrparam                 rparam       000000
__Lsfr                    sfr          000000
__Lsmallconst             smallconst   000800
__Lspace_0                (abs)        000000
__Lspace_1                (abs)        000000
__Lspace_2                (abs)        000000
__Lspace_4                (abs)        000000
__Lstack                  stack        000000
__Lstruct                 struct       000000
__Ltemp                   temp         000019
__Ltext                   text         000000
__Ltext0                  text0        000000
__Ltext1                  text1        000000
__Ltext10                 text10       000000
__Ltext11                 text11       000000
__Ltext12                 text12       000000
__Ltext13                 text13       000000
__Ltext14                 text14       000000
__Ltext15                 text15       000000
__Ltext16                 text16       000000
__Ltext17                 text17       000000
__Ltext2                  text2        000000
__Ltext3                  text3        000000
__Ltext4                  text4        000000
__Ltext5                  text5        000000
__Ltext6                  text6        000000
__Ltext7                  text7        000000
__Ltext8                  text8        000000
__Ltext9                  text9        000000
__S0                      (abs)        000D2C
__S1                      (abs)        00001A
__S4                      (abs)        000000
__S5                      (abs)        000000
___heap_hi                (abs)        000000
___heap_lo                (abs)        000000
___inthi_sp               stack        000000
___intlo_sp               stack        000000
___lwdiv                  text4        000956
___lwdiv@counter          cstackCOMRAM 00000E
___lwdiv@dividend         cstackCOMRAM 000008
___lwdiv@divisor          cstackCOMRAM 00000A
___lwdiv@quotient         cstackCOMRAM 00000C
___lwmod                  text3        000A3C
___lwmod@counter          cstackCOMRAM 000007
___lwmod@dividend         cstackCOMRAM 000003
___lwmod@divisor          cstackCOMRAM 000005
___param_bank             (abs)        000000
___rparam_used            (abs)        000001
___sp                     stack        000000
__accesstop               (abs)        000060
__activetblptr            (abs)        000002
__end_of_BORRAR_LCD       text10       000D2C
__end_of_CURSOR_HOME      text9        000D24
__end_of_CURSOR_ONOFF     text8        000CC2
__end_of_ENVIA_CHAR       text15       000C62
__end_of_ENVIA_LCD_CMD    text12       000C2E
__end_of_ENVIA_NIBBLE     text17       000D02
__end_of_ESCRIBE_MENSAJE2 text13       000B86
__end_of_INT0_ISR         intcode      0000BA
__end_of_LCD_CONFIG       text7        000AF2
__end_of_LCD_INIT         text6        000C92
__end_of_LEER_LCD         text16       000A3C
__end_of_POS_CURSOR       text11       000BC0
__end_of___lwdiv          text4        0009CA
__end_of___lwmod          text3        000AA0
__end_of__initialization  cinit        000D0E
__end_of_configuro        text5        000B3C
__end_of_convierte        text2        0008CE
__end_of_main             text0        000956
__end_of_strlen           text14       000BFA
__end_of_tomamuestra_ADC  text1        000CE6
__initialization          cinit        000D02
__mediumconst             mediumconst  000000
__pbssCOMRAM              bssCOMRAM    000013
__pcinit                  cinit        000D02
__pcstackCOMRAM           cstackCOMRAM 000001
__pintcode                intcode      000008
__psmallconst             smallconst   000800
__ptext0                  text0        0008CE
__ptext1                  text1        000CC2
__ptext10                 text10       000D24
__ptext11                 text11       000B86
__ptext12                 text12       000BFA
__ptext13                 text13       000B3C
__ptext14                 text14       000BC0
__ptext15                 text15       000C2E
__ptext16                 text16       0009CA
__ptext17                 text17       000CE6
__ptext2                  text2        000818
__ptext3                  text3        000A3C
__ptext4                  text4        000956
__ptext5                  text5        000AF2
__ptext6                  text6        000C62
__ptext7                  text7        000AA0
__ptext8                  text8        000C92
__ptext9                  text9        000D1C
__ramtop                  ramtop       000800
__smallconst              smallconst   000800
_centena                  bssCOMRAM    000015
_configuro                text5        000AF2
_convierte                text2        000818
_decena                   bssCOMRAM    000014
_diezmillar               bssCOMRAM    000017
_main                     text0        0008CE
_main$1199                cstackCOMRAM 000011
_millar                   bssCOMRAM    000016
_nivel                    bssCOMRAM    000018
_strlen                   text14       000BC0
_tomamuestra_ADC          text1        000CC2
_unidad                   bssCOMRAM    000013
btemp                     temp         000019
convierte@numero          cstackCOMRAM 00000F
end_of_initialization     cinit        000D0E
int$flags                 temp         000019
intlevel0                 text         000000
intlevel1                 text         000000
intlevel2                 text         000000
intlevel3                 text         000000
isa$std                   (abs)        000001
isa$xinst                 (abs)        000000
stackhi                   (abs)        000000
stacklo                   (abs)        000000
start                     init         0000BA
start_initialization      cinit        000D02
strlen@a                  cstackCOMRAM 000005
strlen@s                  cstackCOMRAM 000003
ttemp5                    temp         00001A
ttemp6                    temp         00001D
ttemp7                    temp         000021
wtemp8                    temp         00001A


MODULE INFORMATION

Module		Function		Class		Link	Load	Size
C:\Program Files\Microchip\xc8\v2.36\pic\sources\c99\common\lwmod.c
		___lwmod       		CODE           	0A3C	0000	100

C:\Program Files\Microchip\xc8\v2.36\pic\sources\c99\common\lwmod.c estimated size: 100

C:\Program Files\Microchip\xc8\v2.36\pic\sources\c99\common\strlen.c
		_strlen        		CODE           	0BC0	0000	58

C:\Program Files\Microchip\xc8\v2.36\pic\sources\c99\common\strlen.c estimated size: 58

maincode4.c
		_configuro     		CODE           	0AF2	0000	74
		_main          		CODE           	08CE	0000	136
		_tomamuestra_ADC		CODE           	0CC2	0000	36
		_convierte     		CODE           	0818	0000	182
		_INT0_ISR      		CODE           	0008	0000	178

maincode4.c estimated size: 606

C:\Program Files\Microchip\xc8\v2.36\pic\sources\c99\common\lwdiv.c
		___lwdiv       		CODE           	0956	0000	116

C:\Program Files\Microchip\xc8\v2.36\pic\sources\c99\common\lwdiv.c estimated size: 116

shared
		__initialization		CODE           	0D02	0000	12

shared estimated size: 12

LCD.c
		_ENVIA_NIBBLE  		CODE           	0CE6	0000	28
		_LCD_INIT      		CODE           	0C62	0000	48
		_ENVIA_CHAR    		CODE           	0C2E	0000	52
		_CURSOR_HOME   		CODE           	0D1C	0000	8
		_CURSOR_ONOFF  		CODE           	0C92	0000	48
		_POS_CURSOR    		CODE           	0B86	0000	58
		_ENVIA_LCD_CMD 		CODE           	0BFA	0000	52
		_LCD_CONFIG    		CODE           	0AA0	0000	82
		_BORRAR_LCD    		CODE           	0D24	0000	8
		_ESCRIBE_MENSAJE2		CODE           	0B3C	0000	74
		_LEER_LCD      		CODE           	09CA	0000	114

LCD.c estimated size: 572

