Microchip MPLAB XC8 Compiler V2.36

Linker command line:

-W-3 --edf=C:\Program Files\Microchip\xc8\v2.36\pic\dat\en_msgs.txt -cn \
  -h+dist/default/production\EL256_EL53_2_Sem13_k50_serial.X.production.sym \
  --cmf=dist/default/production\EL256_EL53_2_Sem13_k50_serial.X.production.cmf \
  -z -Q18F45K50 -oC:\Users\Alumnos\AppData\Local\Temp\xcAsa2o.4 \
  --defsym=__MPLAB_BUILD=1 \
  -Mdist/default/production/EL256_EL53_2_Sem13_k50_serial.X.production.map \
  --md=C:\Users\Alumnos\AppData\Local\Temp\xcAsa2o.dat -E1 \
  -ver=XC8 Compiler --acfsm=1493 -ACODE=00h-07FFFh -ACONST=00h-07FFFh \
  -ASMALLCONST=0800h-08FFhx120 -AMEDIUMCONST=0800h-07FFFh -ACOMRAM=01h-05Fh \
  -AABS1=00h-07FFh -ABIGRAM=01h-07FFh -ARAM=060h-0FFh,0100h-01FFhx7 \
  -ABANK0=060h-0FFh -ABANK1=0100h-01FFh -ABANK2=0200h-02FFh \
  -ABANK3=0300h-03FFh -ABANK4=0400h-04FFh -ABANK5=0500h-05FFh \
  -ABANK6=0600h-06FFh -ABANK7=0700h-07FFh -ASFR=0F53h-0F5Fh,0F60h-0FFFh \
  -ABIGSFR=0F53h-0FFFh -ACONFIG=0300000h-030000Dh -AIDLOC=0200000h-0200007h \
  -AEEDATA=0F00000h-0F000FFh -peeprom_data=EEDATA \
  -preset_vec=00h,intcode=08h,intcodelo=018h,powerup,init -pramtop=0800h \
  -psmallconst=SMALLCONST -pmediumconst=MEDIUMCONST -pconst=CONST \
  -AFARRAM=00h-00h \
  -prdata=COMRAM,nvrram=COMRAM,nvbit=COMRAM,rbss=COMRAM,rbit=COMRAM \
  -pfarbss=FARRAM,fardata=FARRAM,nvFARRAM=FARRAM \
  -pintsave_regs=BIGRAM,bigbss=BIGRAM,bigdata=BIGRAM -pbss=RAM \
  -pidata=CODE,irdata=CODE,ibigdata=CODE,ifardata=CODE -prparam=COMRAM \
  C:\Users\Alumnos\AppData\Local\Temp\xcAsa2o.o \
  dist/default/production\EL256_EL53_2_Sem13_k50_serial.X.production.o 

Object code version is 3.11

Machine type is 18F45K50



                Name                               Link     Load   Length Selector   Space Scale
C:\Users\Alumnos\AppData\Local\Temp\xcAsa2o.o
                idloc                            200000   200000        8        0       5
                config                           300000   300000        E        0       4
                init                                 D4       D4        4        C       0
                reset_vec                             0        0        4        0       0
dist/default/production\EL256_EL53_2_Sem13_k50_serial.X.production.o
                intcodelo                            18       18       BC        C       0
                intcode                               8        8        6        4       0
                idloc                            200000   200000        8        0       5
                config                           300000   300000        E        0       4
                temp                                 30       30        1        1       1
                smallconst                          800      800       B2      400       0
                text41                             110E     110E       1C      459       0
                text40                              A34      A34       72      459       0
                text39                              FD0      FD0       34      459       0
                text38                             11A6     11A6        8      459       0
                text37                              F9C      F9C       34      459       0
                text36                              E92      E92       3A      459       0
                text35                              D26      D26       4A      459       0
                text34                             10B0     10B0       26      459       0
                text33                             1156     1156       16      459       0
                text32                              CDC      CDC       4A      459       0
                text31                              E58      E58       3A      459       0
                intcode_body                        8B2      8B2       9E      459       0
                text29                             10F2     10F2       1C      459       0
                text28                              9C2      9C2       72      459       0
                text27                              F68      F68       34      459       0
                text26                             119E     119E        8      459       0
                text25                              F34      F34       34      459       0
                text24                              E1E      E1E       3A      459       0
                text23                              C92      C92       4A      459       0
                text22                             108A     108A       26      459       0
                text21                             1140     1140       16      459       0
                text20                              C48      C48       4A      459       0
                text19                              DE4      DE4       3A      459       0
                text17                             10D6     10D6       1C      459       0
                text16                              950      950       72      459       0
                text15                              F00      F00       34      459       0
                text14                             1196     1196        8      459       0
                text13                             118E     118E        8      459       0
                text12                             1034     1034       30      459       0
                text11                              B62      B62       52      459       0
                text10                             1004     1004       30      459       0
                text9                               B0E      B0E       54      459       0
                text8                               ECC      ECC       34      459       0
                text7                               DAA      DAA       3A      459       0
                text6                               BFE      BFE       4A      459       0
                text5                              1064     1064       26      459       0
                text4                              112A     112A       16      459       0
                text3                               BB4      BB4       4A      459       0
                text2                               D70      D70       3A      459       0
                text1                               AA6      AA6       68      459       0
                text0                              117E     117E       10      459       0
                cstackCOMRAM                          1        1       2F        1       1
                cinit                              116C     116C       12      459       0

TOTAL           Name                               Link     Load   Length     Space
        CLASS   CODE           
                intcodelo                            18       18       BC         0
                intcode                               8        8        6         0
                init                                 D4       D4        4         0
                reset_vec                             0        0        4         0
                text41                             110E     110E       1C         0
                text40                              A34      A34       72         0
                text39                              FD0      FD0       34         0
                text38                             11A6     11A6        8         0
                text37                              F9C      F9C       34         0
                text36                              E92      E92       3A         0
                text35                              D26      D26       4A         0
                text34                             10B0     10B0       26         0
                text33                             1156     1156       16         0
                text32                              CDC      CDC       4A         0
                text31                              E58      E58       3A         0
                intcode_body                        8B2      8B2       9E         0
                text29                             10F2     10F2       1C         0
                text28                              9C2      9C2       72         0
                text27                              F68      F68       34         0
                text26                             119E     119E        8         0
                text25                              F34      F34       34         0
                text24                              E1E      E1E       3A         0
                text23                              C92      C92       4A         0
                text22                             108A     108A       26         0
                text21                             1140     1140       16         0
                text20                              C48      C48       4A         0
                text19                              DE4      DE4       3A         0
                text17                             10D6     10D6       1C         0
                text16                              950      950       72         0
                text15                              F00      F00       34         0
                text14                             1196     1196        8         0
                text13                             118E     118E        8         0
                text12                             1034     1034       30         0
                text11                              B62      B62       52         0
                text10                             1004     1004       30         0
                text9                               B0E      B0E       54         0
                text8                               ECC      ECC       34         0
                text7                               DAA      DAA       3A         0
                text6                               BFE      BFE       4A         0
                text5                              1064     1064       26         0
                text4                              112A     112A       16         0
                text3                               BB4      BB4       4A         0
                text2                               D70      D70       3A         0
                text1                               AA6      AA6       68         0
                text0                              117E     117E       10         0
                cinit                              116C     116C       12         0

        CLASS   CONST          

        CLASS   SMALLCONST     
                smallconst                          800      800       B2         0

        CLASS   MEDIUMCONST    

        CLASS   COMRAM         
                temp                                 30       30        1         1
                cstackCOMRAM                          1        1       2F         1

        CLASS   ABS1           

        CLASS   BIGRAM         

        CLASS   RAM            

        CLASS   BANK0          

        CLASS   BANK1          

        CLASS   BANK2          

        CLASS   BANK3          

        CLASS   BANK4          

        CLASS   BANK5          

        CLASS   BANK6          

        CLASS   BANK7          

        CLASS   SFR            

        CLASS   BIGSFR         

        CLASS   CONFIG         
                config                           300000   300000        E         4

        CLASS   IDLOC          
                idloc                            200000   200000        8         5

        CLASS   EEDATA         

        CLASS   FARRAM         

        CLASS   HEAP           

        CLASS   STACK          



SEGMENTS        Name                           Load    Length   Top    Selector   Space  Class

                reset_vec                      000000  000004  000004         0       0  CODE    
                cstackCOMRAM                   000001  000030  000031         1       1  COMRAM  
                intcode                        000008  000006  00000E         4       0  CODE    
                intcodelo                      000018  0000C0  0000D8         C       0  CODE    
                smallconst                     000800  0000B2  0008B2       400       0  SMALLCON
                intcode_body                   0008B2  0008FC  0011AE       459       0  CODE    


UNUSED ADDRESS RANGES

        Name                Unused          Largest block    Delta
        BANK0            000060-0000FF               A0
        BANK1            000100-0001FF              100
        BANK2            000200-0002FF              100
        BANK3            000300-0003FF              100
        BANK4            000400-0004FF              100
        BANK5            000500-0005FF              100
        BANK6            000600-0006FF              100
        BANK7            000700-0007FF              100
        BIGRAM           000031-0007FF              7CF
        BIGSFR           000F53-000FFF               AD
        CODE             000004-000007                4
                         00000E-000017                A
                         0000D8-0007FF              728
                         0011AE-007FFF             6E52
        COMRAM           000031-00005F               2F
        CONST            000004-000007                4
                         00000E-000017                A
                         0000D8-0007FF              728
                         0011AE-007FFF             6E52
        EEDATA           F00000-F000FF              100
        MEDIUMCONST      0011AE-007FFF             6E52
        RAM              000060-0007FF              100
        SFR              000F53-000FFF                D
        SMALLCONST       0011AE-007FFF              100

                                  Symbol Table

?_strlen                     cstackCOMRAM 000024
?i1_strlen                   cstackCOMRAM 000011
?i2_strlen                   cstackCOMRAM 000001
CURSOR_ONOFF@estado          cstackCOMRAM 000027
ENVIA_CHAR@aux               cstackCOMRAM 000026
ENVIA_CHAR@dato              cstackCOMRAM 000025
ENVIA_LCD_CMD@aux            cstackCOMRAM 000026
ENVIA_LCD_CMD@dato           cstackCOMRAM 000025
ENVIA_NIBBLE@dato            cstackCOMRAM 000024
ESCRIBE_MENSAJE2@cadena      cstackCOMRAM 000028
ESCRIBE_MENSAJE2@i           cstackCOMRAM 00002D
ESCRIBE_MENSAJE2@tam         cstackCOMRAM 00002C
EUSART_SendByte@dato         cstackCOMRAM 000024
EUSART_SendString@cadenasa   cstackCOMRAM 000028
EUSART_SendString@tam        cstackCOMRAM 00002C
EUSART_SendString@x          cstackCOMRAM 00002D
INT0_ISR@x                   cstackCOMRAM 000010
INT1_ISR@x                   cstackCOMRAM 000023
LEER_LCD@aux                 cstackCOMRAM 000024
POS_CURSOR@columna           cstackCOMRAM 000027
POS_CURSOR@fila              cstackCOMRAM 000028
_ANSELAbits                  (abs)        000F5B
_ANSELB                      (abs)        000F5C
_ANSELCbits                  (abs)        000F5D
_ANSELD                      (abs)        000F5E
_ANSELE                      (abs)        000F5F
_BORRAR_LCD                  text14       001196
_CURSOR_HOME                 text13       00118E
_CURSOR_ONOFF                text12       001034
_ENVIA_CHAR                  text8        000ECC
_ENVIA_LCD_CMD               text15       000F00
_ENVIA_NIBBLE                text17       0010D6
_ESCRIBE_MENSAJE2            text6        000BFE
_EUSART_NewLine              text5        001064
_EUSART_SendByte             text4        00112A
_EUSART_SendString           text3        000BB4
_INT0_ISR                    intcode      000008
_INT1_ISR                    intcodelo    000018
_INTCON2bits                 (abs)        000FF1
_INTCON3bits                 (abs)        000FF0
_INTCONbits                  (abs)        000FF2
_LATAbits                    (abs)        000F89
_LATD                        (abs)        000F8C
_LATEbits                    (abs)        000F8D
_LCD_CONFIG                  text11       000B62
_LCD_INIT                    text10       001004
_LEER_LCD                    text16       000950
_OSCCON                      (abs)        000FD3
_PORTD                       (abs)        000F83
_POS_CURSOR                  text2        000D70
_RCONbits                    (abs)        000FD0
_RCSTAbits                   (abs)        000FAB
_SPBRG1                      (abs)        000FAF
_SPBRGH1                     (abs)        000FB0
_TRISAbits                   (abs)        000F92
_TRISB                       (abs)        000F93
_TRISCbits                   (abs)        000F94
_TRISD                       (abs)        000F95
_TRISE                       (abs)        000F96
_TXREG1                      (abs)        000FAD
_TXSTAbits                   (abs)        000FAC
_WPUB                        (abs)        000F85
__HRAM                       (abs)        000000
__Habs1                      abs1         000000
__Hbank0                     bank0        000000
__Hbank1                     bank1        000000
__Hbank2                     bank2        000000
__Hbank3                     bank3        000000
__Hbank4                     bank4        000000
__Hbank5                     bank5        000000
__Hbank6                     bank6        000000
__Hbank7                     bank7        000000
__Hbigbss                    bigbss       000000
__Hbigdata                   bigdata      000000
__Hbigram                    bigram       000000
__Hbigsfr                    bigsfr       000000
__Hbss                       bss          000000
__Hcinit                     cinit        000000
__Hclrtext                   clrtext      000000
__Hcomram                    comram       000000
__Hconfig                    config       30000E
__Hconst                     const        000000
__HcstackCOMRAM              cstackCOMRAM 000000
__Hdata                      data         000000
__Heeprom_data               eeprom_data  000000
__Hfarbss                    farbss       000000
__Hfardata                   fardata      000000
__Hheap                      heap         000000
__Hibigdata                  ibigdata     000000
__Hidata                     idata        000000
__Hidloc                     idloc        200008
__Hifardata                  ifardata     000000
__Hinit                      init         0000D8
__Hintcode                   intcode      00000E
__Hintcode_body              intcode_body 000000
__Hintcodelo                 intcodelo    0000D4
__Hintentry                  intentry     000000
__Hintret                    intret       000000
__Hintsave_regs              intsave_regs 000000
__Hirdata                    irdata       000000
__Hmediumconst               mediumconst  000000
__HnvFARRAM                  nvFARRAM     000000
__Hnvbit                     nvbit        000000
__Hnvrram                    nvrram       000000
__Hparam                     rparam       000000
__Hpowerup                   powerup      0000D4
__Hram                       ram          000000
__Hramtop                    ramtop       000800
__Hrbit                      rbit         000000
__Hrbss                      rbss         000000
__Hrdata                     rdata        000000
__Hreset_vec                 reset_vec    000004
__Hrparam                    rparam       000000
__Hsfr                       sfr          000000
__Hsmallconst                smallconst   0008B2
__Hspace_0                   (abs)        0011AE
__Hspace_1                   (abs)        000031
__Hspace_2                   (abs)        000000
__Hspace_4                   (abs)        60000E
__Hstack                     stack        000000
__Hstruct                    struct       000000
__Htemp                      temp         000031
__Htext                      text         000000
__Htext0                     text0        000000
__Htext1                     text1        000000
__Htext10                    text10       000000
__Htext11                    text11       000000
__Htext12                    text12       000000
__Htext13                    text13       000000
__Htext14                    text14       000000
__Htext15                    text15       000000
__Htext16                    text16       000000
__Htext17                    text17       000000
__Htext19                    text19       000000
__Htext2                     text2        000000
__Htext20                    text20       000000
__Htext21                    text21       000000
__Htext22                    text22       000000
__Htext23                    text23       000000
__Htext24                    text24       000000
__Htext25                    text25       000000
__Htext26                    text26       000000
__Htext27                    text27       000000
__Htext28                    text28       000000
__Htext29                    text29       000000
__Htext3                     text3        000000
__Htext31                    text31       000000
__Htext32                    text32       000000
__Htext33                    text33       000000
__Htext34                    text34       000000
__Htext35                    text35       000000
__Htext36                    text36       000000
__Htext37                    text37       000000
__Htext38                    text38       000000
__Htext39                    text39       000000
__Htext4                     text4        000000
__Htext40                    text40       000000
__Htext41                    text41       000000
__Htext5                     text5        000000
__Htext6                     text6        000000
__Htext7                     text7        000000
__Htext8                     text8        000000
__Htext9                     text9        000000
__LRAM                       (abs)        000001
__Labs1                      abs1         000000
__Lbank0                     bank0        000000
__Lbank1                     bank1        000000
__Lbank2                     bank2        000000
__Lbank3                     bank3        000000
__Lbank4                     bank4        000000
__Lbank5                     bank5        000000
__Lbank6                     bank6        000000
__Lbank7                     bank7        000000
__Lbigbss                    bigbss       000000
__Lbigdata                   bigdata      000000
__Lbigram                    bigram       000000
__Lbigsfr                    bigsfr       000000
__Lbss                       bss          000000
__Lcinit                     cinit        000000
__Lclrtext                   clrtext      000000
__Lcomram                    comram       000000
__Lconfig                    config       000000
__Lconst                     const        000000
__LcstackCOMRAM              cstackCOMRAM 000000
__Ldata                      data         000000
__Leeprom_data               eeprom_data  000000
__Lfarbss                    farbss       000000
__Lfardata                   fardata      000000
__Lheap                      heap         000000
__Libigdata                  ibigdata     000000
__Lidata                     idata        000000
__Lidloc                     idloc        000000
__Lifardata                  ifardata     000000
__Linit                      init         0000D4
__Lintcode                   intcode      000008
__Lintcode_body              intcode_body 000000
__Lintcodelo                 intcodelo    000018
__Lintentry                  intentry     000000
__Lintret                    intret       000000
__Lintsave_regs              intsave_regs 000000
__Lirdata                    irdata       000000
__Lmediumconst               mediumconst  000000
__LnvFARRAM                  nvFARRAM     000000
__Lnvbit                     nvbit        000000
__Lnvrram                    nvrram       000000
__Lparam                     rparam       000000
__Lpowerup                   powerup      0000D4
__Lram                       ram          000000
__Lramtop                    ramtop       000800
__Lrbit                      rbit         000000
__Lrbss                      rbss         000000
__Lrdata                     rdata        000000
__Lreset_vec                 reset_vec    000000
__Lrparam                    rparam       000000
__Lsfr                       sfr          000000
__Lsmallconst                smallconst   000800
__Lspace_0                   (abs)        000000
__Lspace_1                   (abs)        000000
__Lspace_2                   (abs)        000000
__Lspace_4                   (abs)        000000
__Lstack                     stack        000000
__Lstruct                    struct       000000
__Ltemp                      temp         000030
__Ltext                      text         000000
__Ltext0                     text0        000000
__Ltext1                     text1        000000
__Ltext10                    text10       000000
__Ltext11                    text11       000000
__Ltext12                    text12       000000
__Ltext13                    text13       000000
__Ltext14                    text14       000000
__Ltext15                    text15       000000
__Ltext16                    text16       000000
__Ltext17                    text17       000000
__Ltext19                    text19       000000
__Ltext2                     text2        000000
__Ltext20                    text20       000000
__Ltext21                    text21       000000
__Ltext22                    text22       000000
__Ltext23                    text23       000000
__Ltext24                    text24       000000
__Ltext25                    text25       000000
__Ltext26                    text26       000000
__Ltext27                    text27       000000
__Ltext28                    text28       000000
__Ltext29                    text29       000000
__Ltext3                     text3        000000
__Ltext31                    text31       000000
__Ltext32                    text32       000000
__Ltext33                    text33       000000
__Ltext34                    text34       000000
__Ltext35                    text35       000000
__Ltext36                    text36       000000
__Ltext37                    text37       000000
__Ltext38                    text38       000000
__Ltext39                    text39       000000
__Ltext4                     text4        000000
__Ltext40                    text40       000000
__Ltext41                    text41       000000
__Ltext5                     text5        000000
__Ltext6                     text6        000000
__Ltext7                     text7        000000
__Ltext8                     text8        000000
__Ltext9                     text9        000000
__S0                         (abs)        0011AE
__S1                         (abs)        000031
__S4                         (abs)        000000
__S5                         (abs)        000000
___heap_hi                   (abs)        000000
___heap_lo                   (abs)        000000
___inthi_sp                  stack        000000
___intlo_sp                  stack        000000
___param_bank                (abs)        000000
___rparam_used               (abs)        000001
___sp                        stack        000000
__accesstop                  (abs)        000060
__activetblptr               (abs)        000001
__end_of_BORRAR_LCD          text14       00119E
__end_of_CURSOR_HOME         text13       001196
__end_of_CURSOR_ONOFF        text12       001064
__end_of_ENVIA_CHAR          text8        000F00
__end_of_ENVIA_LCD_CMD       text15       000F34
__end_of_ENVIA_NIBBLE        text17       0010F2
__end_of_ESCRIBE_MENSAJE2    text6        000C48
__end_of_EUSART_NewLine      text5        00108A
__end_of_EUSART_SendByte     text4        001140
__end_of_EUSART_SendString   text3        000BFE
__end_of_INT0_ISR            intcode_body 000950
__end_of_INT1_ISR            intcodelo    0000D4
__end_of_LCD_CONFIG          text11       000BB4
__end_of_LCD_INIT            text10       001034
__end_of_LEER_LCD            text16       0009C2
__end_of_POS_CURSOR          text2        000DAA
__end_of__initialization     cinit        00116C
__end_of_configuro           text9        000B62
__end_of_main                text0        00118E
__end_of_pantallazo          text1        000B0E
__end_of_strlen              text7        000DE4
__end_ofi1_BORRAR_LCD        text26       0011A6
__end_ofi1_ENVIA_CHAR        text25       000F68
__end_ofi1_ENVIA_LCD_CMD     text27       000F9C
__end_ofi1_ENVIA_NIBBLE      text29       00110E
__end_ofi1_ESCRIBE_MENSAJE2  text23       000CDC
__end_ofi1_EUSART_NewLine    text22       0010B0
__end_ofi1_EUSART_SendByte   text21       001156
__end_ofi1_EUSART_SendString text20       000C92
__end_ofi1_LEER_LCD          text28       000A34
__end_ofi1_POS_CURSOR        text19       000E1E
__end_ofi1_strlen            text24       000E58
__end_ofi2_BORRAR_LCD        text38       0011AE
__end_ofi2_ENVIA_CHAR        text37       000FD0
__end_ofi2_ENVIA_LCD_CMD     text39       001004
__end_ofi2_ENVIA_NIBBLE      text41       00112A
__end_ofi2_ESCRIBE_MENSAJE2  text35       000D70
__end_ofi2_EUSART_NewLine    text34       0010D6
__end_ofi2_EUSART_SendByte   text33       00116C
__end_ofi2_EUSART_SendString text32       000D26
__end_ofi2_LEER_LCD          text40       000AA6
__end_ofi2_POS_CURSOR        text31       000E92
__end_ofi2_strlen            text36       000ECC
__initialization             cinit        00116C
__mediumconst                mediumconst  000000
__pcinit                     cinit        00116C
__pcstackCOMRAM              cstackCOMRAM 000001
__pintcode                   intcode      000008
__pintcode_body              intcode_body 0008B2
__pintcodelo                 intcodelo    000018
__psmallconst                smallconst   000800
__ptext0                     text0        00117E
__ptext1                     text1        000AA6
__ptext10                    text10       001004
__ptext11                    text11       000B62
__ptext12                    text12       001034
__ptext13                    text13       00118E
__ptext14                    text14       001196
__ptext15                    text15       000F00
__ptext16                    text16       000950
__ptext17                    text17       0010D6
__ptext19                    text19       000DE4
__ptext2                     text2        000D70
__ptext20                    text20       000C48
__ptext21                    text21       001140
__ptext22                    text22       00108A
__ptext23                    text23       000C92
__ptext24                    text24       000E1E
__ptext25                    text25       000F34
__ptext26                    text26       00119E
__ptext27                    text27       000F68
__ptext28                    text28       0009C2
__ptext29                    text29       0010F2
__ptext3                     text3        000BB4
__ptext31                    text31       000E58
__ptext32                    text32       000CDC
__ptext33                    text33       001156
__ptext34                    text34       0010B0
__ptext35                    text35       000D26
__ptext36                    text36       000E92
__ptext37                    text37       000F9C
__ptext38                    text38       0011A6
__ptext39                    text39       000FD0
__ptext4                     text4        00112A
__ptext40                    text40       000A34
__ptext41                    text41       00110E
__ptext5                     text5        001064
__ptext6                     text6        000BFE
__ptext7                     text7        000DAA
__ptext8                     text8        000ECC
__ptext9                     text9        000B0E
__ramtop                     ramtop       000800
__smallconst                 smallconst   000800
_configuro                   text9        000B0E
_main                        text0        00117E
_pantallazo                  text1        000AA6
_strlen                      text7        000DAA
btemp                        temp         000030
end_of_initialization        cinit        00116C
i1ENVIA_CHAR@aux             cstackCOMRAM 000013
i1ENVIA_CHAR@dato            cstackCOMRAM 000012
i1ENVIA_LCD_CMD@aux          cstackCOMRAM 000013
i1ENVIA_LCD_CMD@dato         cstackCOMRAM 000012
i1ENVIA_NIBBLE@dato          cstackCOMRAM 000011
i1ESCRIBE_MENSAJE2@cadena    cstackCOMRAM 000015
i1ESCRIBE_MENSAJE2@i         cstackCOMRAM 00001A
i1ESCRIBE_MENSAJE2@tam       cstackCOMRAM 000019
i1EUSART_SendByte@dato       cstackCOMRAM 000011
i1EUSART_SendString@cadenasa cstackCOMRAM 000015
i1EUSART_SendString@tam      cstackCOMRAM 000019
i1EUSART_SendString@x        cstackCOMRAM 00001A
i1LEER_LCD@aux               cstackCOMRAM 000011
i1POS_CURSOR@columna         cstackCOMRAM 000014
i1POS_CURSOR@fila            cstackCOMRAM 000015
i1_BORRAR_LCD                text26       00119E
i1_ENVIA_CHAR                text25       000F34
i1_ENVIA_LCD_CMD             text27       000F68
i1_ENVIA_NIBBLE              text29       0010F2
i1_ESCRIBE_MENSAJE2          text23       000C92
i1_EUSART_NewLine            text22       00108A
i1_EUSART_SendByte           text21       001140
i1_EUSART_SendString         text20       000C48
i1_LEER_LCD                  text28       0009C2
i1_POS_CURSOR                text19       000DE4
i1_strlen                    text24       000E1E
i1strlen@a                   cstackCOMRAM 000013
i1strlen@s                   cstackCOMRAM 000011
i2ENVIA_CHAR@aux             cstackCOMRAM 000003
i2ENVIA_CHAR@dato            cstackCOMRAM 000002
i2ENVIA_LCD_CMD@aux          cstackCOMRAM 000003
i2ENVIA_LCD_CMD@dato         cstackCOMRAM 000002
i2ENVIA_NIBBLE@dato          cstackCOMRAM 000001
i2ESCRIBE_MENSAJE2@cadena    cstackCOMRAM 000005
i2ESCRIBE_MENSAJE2@i         cstackCOMRAM 00000A
i2ESCRIBE_MENSAJE2@tam       cstackCOMRAM 000009
i2EUSART_SendByte@dato       cstackCOMRAM 000001
i2EUSART_SendString@cadenasa cstackCOMRAM 000005
i2EUSART_SendString@tam      cstackCOMRAM 000009
i2EUSART_SendString@x        cstackCOMRAM 00000A
i2LEER_LCD@aux               cstackCOMRAM 000001
i2POS_CURSOR@columna         cstackCOMRAM 000004
i2POS_CURSOR@fila            cstackCOMRAM 000005
i2_BORRAR_LCD                text38       0011A6
i2_ENVIA_CHAR                text37       000F9C
i2_ENVIA_LCD_CMD             text39       000FD0
i2_ENVIA_NIBBLE              text41       00110E
i2_ESCRIBE_MENSAJE2          text35       000D26
i2_EUSART_NewLine            text34       0010B0
i2_EUSART_SendByte           text33       001156
i2_EUSART_SendString         text32       000CDC
i2_LEER_LCD                  text40       000A34
i2_POS_CURSOR                text31       000E58
i2_strlen                    text36       000E92
i2strlen@a                   cstackCOMRAM 000003
i2strlen@s                   cstackCOMRAM 000001
int$flags                    temp         000030
int_func                     intcode_body 0008B2
intlevel0                    text         000000
intlevel1                    text         000000
intlevel2                    text         000000
intlevel3                    text         000000
isa$std                      (abs)        000001
isa$xinst                    (abs)        000000
stackhi                      (abs)        000000
stacklo                      (abs)        000000
start                        init         0000D4
start_initialization         cinit        00116C
strlen@a                     cstackCOMRAM 000026
strlen@s                     cstackCOMRAM 000024
ttemp5                       temp         000031
ttemp6                       temp         000034
ttemp7                       temp         000038
wtemp8                       temp         000031


MODULE INFORMATION

Module		Function		Class		Link	Load	Size
maincode1.c
		_configuro     		CODE           	0B0E	0000	84
		_pantallazo    		CODE           	0AA6	0000	104
		_main          		CODE           	117E	0000	16
		_EUSART_SendString		CODE           	0BB4	0000	74
		_EUSART_NewLine		CODE           	1064	0000	38
		_EUSART_SendByte		CODE           	112A	0000	22
		_INT0_ISR      		CODE           	0008	0000	164
		_INT1_ISR      		CODE           	0018	0000	188

maincode1.c estimated size: 690

C:\Program Files\Microchip\xc8\v2.36\pic\sources\c99\common\strlen.c
		_strlen        		CODE           	0DAA	0000	58

C:\Program Files\Microchip\xc8\v2.36\pic\sources\c99\common\strlen.c estimated size: 58

shared
		i1_POS_CURSOR  		CODE           	0DE4	0000	58
		i1_ENVIA_CHAR  		CODE           	0F34	0000	52
		i2_POS_CURSOR  		CODE           	0E58	0000	58
		i2_ENVIA_CHAR  		CODE           	0F9C	0000	52
		i1_EUSART_SendString		CODE           	0C48	0000	74
		i1_EUSART_NewLine		CODE           	108A	0000	38
		i2_EUSART_SendString		CODE           	0CDC	0000	74
		i2_EUSART_NewLine		CODE           	10B0	0000	38
		i1_ENVIA_NIBBLE		CODE           	10F2	0000	28
		i2_ENVIA_NIBBLE		CODE           	110E	0000	28
		i1_EUSART_SendByte		CODE           	1140	0000	22
		i2_EUSART_SendByte		CODE           	1156	0000	22
		i1_LEER_LCD    		CODE           	09C2	0000	114
		i2_LEER_LCD    		CODE           	0A34	0000	114
		i1_ESCRIBE_MENSAJE2		CODE           	0C92	0000	74
		i2_ESCRIBE_MENSAJE2		CODE           	0D26	0000	74
		i1_ENVIA_LCD_CMD		CODE           	0F68	0000	52
		i2_ENVIA_LCD_CMD		CODE           	0FD0	0000	52
		i1_BORRAR_LCD  		CODE           	119E	0000	8
		i2_BORRAR_LCD  		CODE           	11A6	0000	8
		__initialization		CODE           	116C	0000	1
		i1_strlen      		CODE           	0E1E	0000	58
		i2_strlen      		CODE           	0E92	0000	58

shared estimated size: 1157

LCD.c
		_ENVIA_NIBBLE  		CODE           	10D6	0000	28
		_LCD_INIT      		CODE           	1004	0000	48
		_ENVIA_CHAR    		CODE           	0ECC	0000	52
		_CURSOR_HOME   		CODE           	118E	0000	8
		_CURSOR_ONOFF  		CODE           	1034	0000	48
		_POS_CURSOR    		CODE           	0D70	0000	58
		_ENVIA_LCD_CMD 		CODE           	0F00	0000	52
		_LCD_CONFIG    		CODE           	0B62	0000	82
		_BORRAR_LCD    		CODE           	1196	0000	8
		_ESCRIBE_MENSAJE2		CODE           	0BFE	0000	74
		_LEER_LCD      		CODE           	0950	0000	114

LCD.c estimated size: 572

