Microchip MPLAB XC8 Compiler V2.36

Linker command line:

-W-3 --edf=C:\Program Files\Microchip\xc8\v2.36\pic\dat\en_msgs.txt -cn \
  -h+dist/default/production\EL256_EL52_1_Sem14_k50_hcsr04.X.production.sym \
  --cmf=dist/default/production\EL256_EL52_1_Sem14_k50_hcsr04.X.production.cmf \
  -z -Q18F45K50 -oC:\Users\Alumnos\AppData\Local\Temp\xcAsd30.5 \
  --defsym=__MPLAB_BUILD=1 \
  -Mdist/default/production/EL256_EL52_1_Sem14_k50_hcsr04.X.production.map \
  --md=C:\Users\Alumnos\AppData\Local\Temp\xcAsd30.dat -E1 \
  -ver=XC8 Compiler --acfsm=1493 -ACODE=00h-07FFFh -ACONST=00h-07FFFh \
  -ASMALLCONST=0800h-08FFhx120 -AMEDIUMCONST=0800h-07FFFh -ACOMRAM=01h-05Fh \
  -AABS1=00h-07FFh -ABIGRAM=01h-07FFh -ARAM=060h-0FFh,0100h-01FFhx7 \
  -ABANK0=060h-0FFh -ABANK1=0100h-01FFh -ABANK2=0200h-02FFh \
  -ABANK3=0300h-03FFh -ABANK4=0400h-04FFh -ABANK5=0500h-05FFh \
  -ABANK6=0600h-06FFh -ABANK7=0700h-07FFh -ASFR=0F53h-0F5Fh,0F60h-0FFFh \
  -ABIGSFR=0F53h-0FFFh -ACONFIG=0300000h-030000Dh -AIDLOC=0200000h-0200007h \
  -AEEDATA=0F00000h-0F000FFh -peeprom_data=EEDATA \
  -preset_vec=00h,intcode=08h,intcodelo,powerup,init -pramtop=0800h \
  -psmallconst=SMALLCONST -pmediumconst=MEDIUMCONST -pconst=CONST \
  -AFARRAM=00h-00h \
  -prdata=COMRAM,nvrram=COMRAM,nvbit=COMRAM,rbss=COMRAM,rbit=COMRAM \
  -pfarbss=FARRAM,fardata=FARRAM,nvFARRAM=FARRAM \
  -pintsave_regs=BIGRAM,bigbss=BIGRAM,bigdata=BIGRAM -pbss=RAM \
  -pidata=CODE,irdata=CODE,ibigdata=CODE,ifardata=CODE -prparam=COMRAM \
  C:\Users\Alumnos\AppData\Local\Temp\xcAsd30.o \
  dist/default/production\EL256_EL52_1_Sem14_k50_hcsr04.X.production.o 

Object code version is 3.11

Machine type is 18F45K50



                Name                               Link     Load   Length Selector   Space Scale
C:\Users\Alumnos\AppData\Local\Temp\xcAsd30.o
                idloc                            200000   200000        8        0       5
                config                           300000   300000        E        0       4
                init                                 84       84        4        4       0
                reset_vec                             0        0        4        0       0
dist/default/production\EL256_EL52_1_Sem14_k50_hcsr04.X.production.o
                intcode                               8        8       7C        4       0
                idloc                            200000   200000        8        0       5
                config                           300000   300000        E        0       4
                temp                                 27       27        1        1       1
                smallconst                          800      800       2A      400       0
                text19                              82A      82A      39A      415       0
                text18                              F10      F10      106      415       0
                text17                             1016     1016       74      415       0
                text16                             10FC     10FC       64      415       0
                text15                              BC4      BC4      1B4      415       0
                text14                             1394     1394       1C      415       0
                text13                             108A     108A       72      415       0
                text12                             1300     1300       34      415       0
                text11                             13EA     13EA        8      415       0
                text10                             13E2     13E2        8      415       0
                text9                              1364     1364       30      415       0
                text8                              11BC     11BC       52      415       0
                text7                              1334     1334       30      415       0
                text6                              13CA     13CA       18      415       0
                text5                              12CC     12CC       34      415       0
                text4                              1292     1292       3A      415       0
                text3                              120E     120E       4A      415       0
                text2                              1258     1258       3A      415       0
                text1                              1160     1160       5C      415       0
                text0                               D78      D78      198      415       0
                cstackCOMRAM                          1        1       1F        1       1
                bssCOMRAM                            20       20        7        1       1
                cinit                              13B0     13B0       1A      415       0

TOTAL           Name                               Link     Load   Length     Space
        CLASS   CODE           
                intcode                               8        8       7C         0
                init                                 84       84        4         0
                reset_vec                             0        0        4         0
                text19                              82A      82A      39A         0
                text18                              F10      F10      106         0
                text17                             1016     1016       74         0
                text16                             10FC     10FC       64         0
                text15                              BC4      BC4      1B4         0
                text14                             1394     1394       1C         0
                text13                             108A     108A       72         0
                text12                             1300     1300       34         0
                text11                             13EA     13EA        8         0
                text10                             13E2     13E2        8         0
                text9                              1364     1364       30         0
                text8                              11BC     11BC       52         0
                text7                              1334     1334       30         0
                text6                              13CA     13CA       18         0
                text5                              12CC     12CC       34         0
                text4                              1292     1292       3A         0
                text3                              120E     120E       4A         0
                text2                              1258     1258       3A         0
                text1                              1160     1160       5C         0
                text0                               D78      D78      198         0
                cinit                              13B0     13B0       1A         0

        CLASS   CONST          

        CLASS   SMALLCONST     
                smallconst                          800      800       2A         0

        CLASS   MEDIUMCONST    

        CLASS   COMRAM         
                temp                                 27       27        1         1
                cstackCOMRAM                          1        1       1F         1
                bssCOMRAM                            20       20        7         1

        CLASS   ABS1           

        CLASS   BIGRAM         

        CLASS   RAM            

        CLASS   BANK0          

        CLASS   BANK1          

        CLASS   BANK2          

        CLASS   BANK3          

        CLASS   BANK4          

        CLASS   BANK5          

        CLASS   BANK6          

        CLASS   BANK7          

        CLASS   SFR            

        CLASS   BIGSFR         

        CLASS   CONFIG         
                config                           300000   300000        E         4

        CLASS   IDLOC          
                idloc                            200000   200000        8         5

        CLASS   EEDATA         

        CLASS   FARRAM         

        CLASS   HEAP           

        CLASS   STACK          



SEGMENTS        Name                           Load    Length   Top    Selector   Space  Class

                reset_vec                      000000  000004  000004         0       0  CODE    
                cstackCOMRAM                   000001  000027  000028         1       1  COMRAM  
                intcode                        000008  000080  000088         4       0  CODE    
                smallconst                     000800  00002A  00082A       400       0  SMALLCON
                text19                         00082A  000BC8  0013F2       415       0  CODE    


UNUSED ADDRESS RANGES

        Name                Unused          Largest block    Delta
        BANK0            000060-0000FF               A0
        BANK1            000100-0001FF              100
        BANK2            000200-0002FF              100
        BANK3            000300-0003FF              100
        BANK4            000400-0004FF              100
        BANK5            000500-0005FF              100
        BANK6            000600-0006FF              100
        BANK7            000700-0007FF              100
        BIGRAM           000028-0007FF              7D8
        BIGSFR           000F53-000FFF               AD
        CODE             000004-000007                4
                         000088-0007FF              778
                         0013F2-007FFF             6C0E
        COMRAM           000028-00005F               38
        CONST            000004-000007                4
                         000088-0007FF              778
                         0013F2-007FFF             6C0E
        EEDATA           F00000-F000FF              100
        MEDIUMCONST      0013F2-007FFF             6C0E
        RAM              000060-0007FF              100
        SFR              000F53-000FFF                D
        SMALLCONST       0013F2-007FFF              100

                                  Symbol Table

?___fldiv                 cstackCOMRAM 000003
?___fltol                 cstackCOMRAM 000003
?___lwdiv                 cstackCOMRAM 000008
?___lwmod                 cstackCOMRAM 000003
?___xxtofl                cstackCOMRAM 000003
?_strlen                  cstackCOMRAM 000003
CURSOR_ONOFF@estado       cstackCOMRAM 000006
ENVIA_CHAR@aux            cstackCOMRAM 000005
ENVIA_CHAR@dato           cstackCOMRAM 000004
ENVIA_LCD_CMD@aux         cstackCOMRAM 000005
ENVIA_LCD_CMD@dato        cstackCOMRAM 000004
ENVIA_NIBBLE@dato         cstackCOMRAM 000003
ESCRIBE_MENSAJE2@cadena   cstackCOMRAM 000007
ESCRIBE_MENSAJE2@i        cstackCOMRAM 00000C
ESCRIBE_MENSAJE2@tam      cstackCOMRAM 00000B
LEER_LCD@aux              cstackCOMRAM 000003
POS_CURSOR@columna        cstackCOMRAM 000006
POS_CURSOR@fila           cstackCOMRAM 000007
_ANSELBbits               (abs)        000F5C
_ANSELD                   (abs)        000F5E
_BORRAR_LCD               text11       0013EA
_CCP1CON                  (abs)        000FBD
_CCPR1                    (abs)        000FBE
_CURSOR_HOME              text10       0013E2
_CURSOR_ONOFF             text9        001364
_ENVIA_CHAR               text5        0012CC
_ENVIA_LCD_CMD            text12       001300
_ENVIA_NIBBLE             text14       001394
_ESCRIBE_MENSAJE2         text3        00120E
_INTCONbits               (abs)        000FF2
_ISRs                     intcode      000008
_LATBbits                 (abs)        000F8A
_LATD                     (abs)        000F8C
_LATDbits                 (abs)        000F8C
_LCD_CONFIG               text8        0011BC
_LCD_INIT                 text7        001334
_LEER_LCD                 text13       00108A
_OSCCON                   (abs)        000FD3
_PIE1bits                 (abs)        000F9D
_PIR1bits                 (abs)        000F9E
_PORTD                    (abs)        000F83
_POS_CURSOR               text2        001258
_T1CON                    (abs)        000FCD
_TMR1H                    (abs)        000FCF
_TMR1L                    (abs)        000FCE
_TRISBbits                (abs)        000F93
_TRISD                    (abs)        000F95
__HRAM                    (abs)        000000
__Habs1                   abs1         000000
__Hbank0                  bank0        000000
__Hbank1                  bank1        000000
__Hbank2                  bank2        000000
__Hbank3                  bank3        000000
__Hbank4                  bank4        000000
__Hbank5                  bank5        000000
__Hbank6                  bank6        000000
__Hbank7                  bank7        000000
__Hbigbss                 bigbss       000000
__Hbigdata                bigdata      000000
__Hbigram                 bigram       000000
__Hbigsfr                 bigsfr       000000
__Hbss                    bss          000000
__HbssCOMRAM              bssCOMRAM    000000
__Hcinit                  cinit        000000
__Hclrtext                clrtext      000000
__Hcomram                 comram       000000
__Hconfig                 config       30000E
__Hconst                  const        000000
__HcstackCOMRAM           cstackCOMRAM 000000
__Hdata                   data         000000
__Heeprom_data            eeprom_data  000000
__Hfarbss                 farbss       000000
__Hfardata                fardata      000000
__Hheap                   heap         000000
__Hibigdata               ibigdata     000000
__Hidata                  idata        000000
__Hidloc                  idloc        200008
__Hifardata               ifardata     000000
__Hinit                   init         000088
__Hintcode                intcode      000084
__Hintcode_body           intcode_body 000000
__Hintcodelo              intcodelo    000084
__Hintentry               intentry     000000
__Hintret                 intret       000000
__Hintsave_regs           intsave_regs 000000
__Hirdata                 irdata       000000
__Hmediumconst            mediumconst  000000
__HnvFARRAM               nvFARRAM     000000
__Hnvbit                  nvbit        000000
__Hnvrram                 nvrram       000000
__Hparam                  rparam       000000
__Hpowerup                powerup      000084
__Hram                    ram          000000
__Hramtop                 ramtop       000800
__Hrbit                   rbit         000000
__Hrbss                   rbss         000000
__Hrdata                  rdata        000000
__Hreset_vec              reset_vec    000004
__Hrparam                 rparam       000000
__Hsfr                    sfr          000000
__Hsmallconst             smallconst   00082A
__Hspace_0                (abs)        0013F2
__Hspace_1                (abs)        000028
__Hspace_2                (abs)        000000
__Hspace_4                (abs)        60000E
__Hstack                  stack        000000
__Hstruct                 struct       000000
__Htemp                   temp         000028
__Htext                   text         000000
__Htext0                  text0        000000
__Htext1                  text1        000000
__Htext10                 text10       000000
__Htext11                 text11       000000
__Htext12                 text12       000000
__Htext13                 text13       000000
__Htext14                 text14       000000
__Htext15                 text15       000000
__Htext16                 text16       000000
__Htext17                 text17       000000
__Htext18                 text18       000000
__Htext19                 text19       000000
__Htext2                  text2        000000
__Htext3                  text3        000000
__Htext4                  text4        000000
__Htext5                  text5        000000
__Htext6                  text6        000000
__Htext7                  text7        000000
__Htext8                  text8        000000
__Htext9                  text9        000000
__LRAM                    (abs)        000001
__Labs1                   abs1         000000
__Lbank0                  bank0        000000
__Lbank1                  bank1        000000
__Lbank2                  bank2        000000
__Lbank3                  bank3        000000
__Lbank4                  bank4        000000
__Lbank5                  bank5        000000
__Lbank6                  bank6        000000
__Lbank7                  bank7        000000
__Lbigbss                 bigbss       000000
__Lbigdata                bigdata      000000
__Lbigram                 bigram       000000
__Lbigsfr                 bigsfr       000000
__Lbss                    bss          000000
__LbssCOMRAM              bssCOMRAM    000000
__Lcinit                  cinit        000000
__Lclrtext                clrtext      000000
__Lcomram                 comram       000000
__Lconfig                 config       000000
__Lconst                  const        000000
__LcstackCOMRAM           cstackCOMRAM 000000
__Ldata                   data         000000
__Leeprom_data            eeprom_data  000000
__Lfarbss                 farbss       000000
__Lfardata                fardata      000000
__Lheap                   heap         000000
__Libigdata               ibigdata     000000
__Lidata                  idata        000000
__Lidloc                  idloc        000000
__Lifardata               ifardata     000000
__Linit                   init         000084
__Lintcode                intcode      000008
__Lintcode_body           intcode_body 000000
__Lintcodelo              intcodelo    000084
__Lintentry               intentry     000000
__Lintret                 intret       000000
__Lintsave_regs           intsave_regs 000000
__Lirdata                 irdata       000000
__Lmediumconst            mediumconst  000000
__LnvFARRAM               nvFARRAM     000000
__Lnvbit                  nvbit        000000
__Lnvrram                 nvrram       000000
__Lparam                  rparam       000000
__Lpowerup                powerup      000084
__Lram                    ram          000000
__Lramtop                 ramtop       000800
__Lrbit                   rbit         000000
__Lrbss                   rbss         000000
__Lrdata                  rdata        000000
__Lreset_vec              reset_vec    000000
__Lrparam                 rparam       000000
__Lsfr                    sfr          000000
__Lsmallconst             smallconst   000800
__Lspace_0                (abs)        000000
__Lspace_1                (abs)        000000
__Lspace_2                (abs)        000000
__Lspace_4                (abs)        000000
__Lstack                  stack        000000
__Lstruct                 struct       000000
__Ltemp                   temp         000027
__Ltext                   text         000000
__Ltext0                  text0        000000
__Ltext1                  text1        000000
__Ltext10                 text10       000000
__Ltext11                 text11       000000
__Ltext12                 text12       000000
__Ltext13                 text13       000000
__Ltext14                 text14       000000
__Ltext15                 text15       000000
__Ltext16                 text16       000000
__Ltext17                 text17       000000
__Ltext18                 text18       000000
__Ltext19                 text19       000000
__Ltext2                  text2        000000
__Ltext3                  text3        000000
__Ltext4                  text4        000000
__Ltext5                  text5        000000
__Ltext6                  text6        000000
__Ltext7                  text7        000000
__Ltext8                  text8        000000
__Ltext9                  text9        000000
__S0                      (abs)        0013F2
__S1                      (abs)        000028
__S4                      (abs)        000000
__S5                      (abs)        000000
___fldiv                  text19       00082A
___fldiv@a                cstackCOMRAM 000007
___fldiv@aexp             cstackCOMRAM 00001B
___fldiv@b                cstackCOMRAM 000003
___fldiv@bexp             cstackCOMRAM 00001A
___fldiv@grs              cstackCOMRAM 000016
___fldiv@new_exp          cstackCOMRAM 000014
___fldiv@rem              cstackCOMRAM 00000F
___fldiv@sign             cstackCOMRAM 000013
___fltol                  text18       000F10
___fltol@exp1             cstackCOMRAM 00000C
___fltol@f1               cstackCOMRAM 000003
___fltol@sign1            cstackCOMRAM 00000B
___heap_hi                (abs)        000000
___heap_lo                (abs)        000000
___inthi_sp               stack        000000
___intlo_sp               stack        000000
___lwdiv                  text17       001016
___lwdiv@counter          cstackCOMRAM 00000E
___lwdiv@dividend         cstackCOMRAM 000008
___lwdiv@divisor          cstackCOMRAM 00000A
___lwdiv@quotient         cstackCOMRAM 00000C
___lwmod                  text16       0010FC
___lwmod@counter          cstackCOMRAM 000007
___lwmod@dividend         cstackCOMRAM 000003
___lwmod@divisor          cstackCOMRAM 000005
___param_bank             (abs)        000000
___rparam_used            (abs)        000001
___sp                     stack        000000
___xxtofl                 text15       000BC4
___xxtofl@arg             cstackCOMRAM 00000D
___xxtofl@exp             cstackCOMRAM 00000C
___xxtofl@sign            cstackCOMRAM 00000B
___xxtofl@val             cstackCOMRAM 000003
__accesstop               (abs)        000060
__activetblptr            (abs)        000002
__end_of_BORRAR_LCD       text11       0013F2
__end_of_CURSOR_HOME      text10       0013EA
__end_of_CURSOR_ONOFF     text9        001394
__end_of_ENVIA_CHAR       text5        001300
__end_of_ENVIA_LCD_CMD    text12       001334
__end_of_ENVIA_NIBBLE     text14       0013B0
__end_of_ESCRIBE_MENSAJE2 text3        001258
__end_of_ISRs             intcode      000084
__end_of_LCD_CONFIG       text8        00120E
__end_of_LCD_INIT         text7        001364
__end_of_LEER_LCD         text13       0010FC
__end_of_POS_CURSOR       text2        001292
__end_of___fldiv          text19       000BC4
__end_of___fltol          text18       001016
__end_of___lwdiv          text17       00108A
__end_of___lwmod          text16       001160
__end_of___xxtofl         text15       000D78
__end_of__initialization  cinit        0013BC
__end_of_configuro        text6        0013E2
__end_of_main             text0        000F10
__end_of_splash_screen    text1        0011BC
__end_of_strlen           text4        0012CC
__initialization          cinit        0013B0
__mediumconst             mediumconst  000000
__pbssCOMRAM              bssCOMRAM    000020
__pcinit                  cinit        0013B0
__pcstackCOMRAM           cstackCOMRAM 000001
__pintcode                intcode      000008
__psmallconst             smallconst   000800
__ptext0                  text0        000D78
__ptext1                  text1        001160
__ptext10                 text10       0013E2
__ptext11                 text11       0013EA
__ptext12                 text12       001300
__ptext13                 text13       00108A
__ptext14                 text14       001394
__ptext15                 text15       000BC4
__ptext16                 text16       0010FC
__ptext17                 text17       001016
__ptext18                 text18       000F10
__ptext19                 text19       00082A
__ptext2                  text2        001258
__ptext3                  text3        00120E
__ptext4                  text4        001292
__ptext5                  text5        0012CC
__ptext6                  text6        0013CA
__ptext7                  text7        001334
__ptext8                  text8        0011BC
__ptext9                  text9        001364
__ramtop                  ramtop       000800
__smallconst              smallconst   000800
_configuro                text6        0013CA
_distancia                bssCOMRAM    000024
_estado                   bssCOMRAM    000026
_main                     text0        000D78
_main$1123                cstackCOMRAM 00001E
_splash_screen            text1        001160
_strlen                   text4        001292
_tiempo                   bssCOMRAM    000020
btemp                     temp         000027
end_of_initialization     cinit        0013BC
int$flags                 temp         000027
intlevel0                 text         000000
intlevel1                 text         000000
intlevel2                 text         000000
intlevel3                 text         000000
isa$std                   (abs)        000001
isa$xinst                 (abs)        000000
stackhi                   (abs)        000000
stacklo                   (abs)        000000
start                     init         000084
start_initialization      cinit        0013B0
strlen@a                  cstackCOMRAM 000005
strlen@s                  cstackCOMRAM 000003
ttemp5                    temp         000028
ttemp6                    temp         00002B
ttemp7                    temp         00002F
wtemp8                    temp         000028


MODULE INFORMATION

Module		Function		Class		Link	Load	Size
C:\Program Files\Microchip\xc8\v2.36\pic\sources\c99\common\sprcdiv.c
		___fldiv       		CODE           	082A	0000	922

C:\Program Files\Microchip\xc8\v2.36\pic\sources\c99\common\sprcdiv.c estimated size: 922

C:\Program Files\Microchip\xc8\v2.36\pic\sources\c99\common\lwmod.c
		___lwmod       		CODE           	10FC	0000	100

C:\Program Files\Microchip\xc8\v2.36\pic\sources\c99\common\lwmod.c estimated size: 100

C:\Program Files\Microchip\xc8\v2.36\pic\sources\c99\common\xxtofl.c
		___xxtofl      		CODE           	0BC4	0000	436

C:\Program Files\Microchip\xc8\v2.36\pic\sources\c99\common\xxtofl.c estimated size: 436

C:\Program Files\Microchip\xc8\v2.36\pic\sources\c99\common\strlen.c
		_strlen        		CODE           	1292	0000	58

C:\Program Files\Microchip\xc8\v2.36\pic\sources\c99\common\strlen.c estimated size: 58

C:\Program Files\Microchip\xc8\v2.36\pic\sources\c99\common\lwdiv.c
		___lwdiv       		CODE           	1016	0000	116

C:\Program Files\Microchip\xc8\v2.36\pic\sources\c99\common\lwdiv.c estimated size: 116

C:\Program Files\Microchip\xc8\v2.36\pic\sources\c99\common\fltol.c
		___fltol       		CODE           	0F10	0000	262

C:\Program Files\Microchip\xc8\v2.36\pic\sources\c99\common\fltol.c estimated size: 262

shared
		__initialization		CODE           	13B0	0000	12

shared estimated size: 12

maincode.c
		_configuro     		CODE           	13CA	0000	24
		_ISRs          		CODE           	0008	0000	124
		_main          		CODE           	0D78	0000	408
		_splash_screen 		CODE           	1160	0000	92

maincode.c estimated size: 648

LCD.c
		_ENVIA_NIBBLE  		CODE           	1394	0000	28
		_LCD_INIT      		CODE           	1334	0000	48
		_ENVIA_CHAR    		CODE           	12CC	0000	52
		_CURSOR_HOME   		CODE           	13E2	0000	8
		_CURSOR_ONOFF  		CODE           	1364	0000	48
		_POS_CURSOR    		CODE           	1258	0000	58
		_ENVIA_LCD_CMD 		CODE           	1300	0000	52
		_LCD_CONFIG    		CODE           	11BC	0000	82
		_BORRAR_LCD    		CODE           	13EA	0000	8
		_ESCRIBE_MENSAJE2		CODE           	120E	0000	74
		_LEER_LCD      		CODE           	108A	0000	114

LCD.c estimated size: 572

